--- Test 1

Name: mta
Edition: -*-UNSPEC-*-
Referers: mutt requires mta
Alternatives: smail(D), sendmail(S), exim(C)

Name: mutt
Edition: 1.0-1
From-Input-List: yes
Unresolvable: mutt requires mta

--- Test 2

Name: mutt
Edition: 1.0-1
From-Input-List: yes

Name: smail
Edition: 2.0-1
Referers: mutt requires mta

Name: libstringlist
Edition: 1.0-1
Referers: smail requires libstringlist

--- Test 3

Name: c-compiler
Edition: -*-UNSPEC-*-
Referers: devutils requires c-compiler
Alternatives: gcc(S), egcc(S)

Name: devutils
Edition: 1.0-1
From-Input-List: yes
Unresolvable: devutils requires c-compiler

--- Test 4

Name: inews
Edition: 1.0-1
From-Input-List: yes

Name: inn-nntp
Edition: 1.0-1
Referers: inews requires nntp

--- Test 5

Name: mutt
Edition: 1.0-1
From-Input-List: yes

Name: sendmail
Edition: 2.0-1
Referers: mutt requires mta

--- Test 6

Name: devutils
Edition: 1.0-1
From-Input-List: yes

Name: egcc
Edition: 2.91.18-1
Referers: devutils requires c-compiler
_Alt: gcc

Name: gcc
Edition: 2.8.1-1
Referers: devutils requires c-compiler
_Alt: egcc

--- Test 7

Name: inews
Edition: 1.0-1
From-Input-List: yes

Name: inn-nntp
Edition: 1.0-1
Referers: inews requires nntp

--- Test 8

Name: barref
Edition: 1.0-1
From-Input-List: yes

Name: bar10
Edition: 1.0-1
Referers: barref requires bar

--- Test 9

Name: bar
Edition: -*-UNSPEC-*-
Referers: barref requires bar
Alternatives: bar10(S), bar11(C)

Name: barref
Edition: 1.0-1
From-Input-List: yes
Unresolvable: barref requires bar

--- Test 10

Name: inn
Edition: 1.0-1
From-Input-List: yes

Name: bar1
Edition: 1.0-1
Referers: inn requires bar1

--- Test 11

Name: cnews
Edition: 1.0-1
From-Input-List: yes

--- Test 12

Name: news-transport
Edition: -*-UNSPEC-*-
Alternatives: cnews(S), inn(D), leafnode(C)

Name: cnews
Edition: 1.0-1
From-Input-List: yes
Conflicts-With: inn conflicts news-transport, leafnode conflicts news-transport

Name: inn
Edition: 1.0-1
From-Input-List: yes
Conflicts-With: cnews conflicts news-transport, leafnode conflicts news-transport

Name: leafnode
Edition: 1.0-1
From-Input-List: yes
Conflicts-With: cnews conflicts news-transport, inn conflicts news-transport

