[DEFINE_Y2LOG] ../../src/inst/srcYUM/XMLNodeIterator.cc(errorHandler):240 XML syntax warning: Did not expect element authors there
[DEFINE_Y2LOG] ../../src/inst/srcYUM/XMLNodeIterator.cc(errorHandler):240 at line 171, column 14
[DEFINE_Y2LOG] ../../src/inst/srcYUM/XMLNodeIterator.cc(errorHandler):240 XML syntax warning: Did not expect element author there
[DEFINE_Y2LOG] ../../src/inst/srcYUM/XMLNodeIterator.cc(errorHandler):240 at line 171, column 14
[DEFINE_Y2LOG] ../../src/inst/srcYUM/XMLNodeIterator.cc(errorHandler):240 XML syntax warning: Did not expect text in element  TODO  content
[DEFINE_Y2LOG] ../../src/inst/srcYUM/XMLNodeIterator.cc(errorHandler):240 at line 171, column 14
[DEFINE_Y2LOG] ../../src/inst/srcYUM/XMLNodeIterator.cc(errorHandler):240 XML syntax warning: Did not expect element author there
[DEFINE_Y2LOG] ../../src/inst/srcYUM/XMLNodeIterator.cc(errorHandler):240 at line 171, column 14
[DEFINE_Y2LOG] ../../src/inst/srcYUM/XMLNodeIterator.cc(errorHandler):240 XML syntax warning: Did not expect text in element  TODO  content
[DEFINE_Y2LOG] ../../src/inst/srcYUM/XMLNodeIterator.cc(errorHandler):240 at line 171, column 14
[DEFINE_Y2LOG] ../../src/inst/srcYUM/XMLNodeIterator.cc(errorHandler):240 XML syntax warning: Did not expect element keywords there
[DEFINE_Y2LOG] ../../src/inst/srcYUM/XMLNodeIterator.cc(errorHandler):240 at line 171, column 14
[DEFINE_Y2LOG] ../../src/inst/srcYUM/XMLNodeIterator.cc(errorHandler):240 XML syntax warning: Did not expect element keyword there
[DEFINE_Y2LOG] ../../src/inst/srcYUM/XMLNodeIterator.cc(errorHandler):240 at line 171, column 14
[DEFINE_Y2LOG] ../../src/inst/srcYUM/XMLNodeIterator.cc(errorHandler):240 XML syntax warning: Did not expect text in element  TODO  content
[DEFINE_Y2LOG] ../../src/inst/srcYUM/XMLNodeIterator.cc(errorHandler):240 at line 171, column 14
[DEFINE_Y2LOG] ../../src/inst/srcYUM/XMLNodeIterator.cc(errorHandler):240 XML syntax warning: Did not expect element keyword there
[DEFINE_Y2LOG] ../../src/inst/srcYUM/XMLNodeIterator.cc(errorHandler):240 at line 171, column 14
[DEFINE_Y2LOG] ../../src/inst/srcYUM/XMLNodeIterator.cc(errorHandler):240 XML syntax warning: Did not expect text in element  TODO  content
[DEFINE_Y2LOG] ../../src/inst/srcYUM/XMLNodeIterator.cc(errorHandler):240 at line 171, column 14
[DEFINE_Y2LOG] ../../src/inst/srcYUM/XMLNodeIterator.cc(errorHandler):240 XML syntax warning: Did not expect element media there
[DEFINE_Y2LOG] ../../src/inst/srcYUM/XMLNodeIterator.cc(errorHandler):240 at line 171, column 14
[DEFINE_Y2LOG] ../../src/inst/srcYUM/XMLNodeIterator.cc(errorHandler):240 XML syntax warning: Did not expect element dirsizes there
[DEFINE_Y2LOG] ../../src/inst/srcYUM/XMLNodeIterator.cc(errorHandler):240 at line 171, column 14
[DEFINE_Y2LOG] ../../src/inst/srcYUM/XMLNodeIterator.cc(errorHandler):240 XML syntax warning: Did not expect element dirsize there
[DEFINE_Y2LOG] ../../src/inst/srcYUM/XMLNodeIterator.cc(errorHandler):240 at line 171, column 14
[DEFINE_Y2LOG] ../../src/inst/srcYUM/XMLNodeIterator.cc(errorHandler):240 XML syntax warning: Did not expect element dirsize there
[DEFINE_Y2LOG] ../../src/inst/srcYUM/XMLNodeIterator.cc(errorHandler):240 at line 171, column 14
[DEFINE_Y2LOG] ../../src/inst/srcYUM/XMLNodeIterator.cc(errorHandler):240 XML syntax warning: Did not expect element freshen there
[DEFINE_Y2LOG] ../../src/inst/srcYUM/XMLNodeIterator.cc(errorHandler):240 at line 171, column 14
[DEFINE_Y2LOG] ../../src/inst/srcYUM/XMLNodeIterator.cc(errorHandler):240 XML syntax warning: Did not expect element entry there
[DEFINE_Y2LOG] ../../src/inst/srcYUM/XMLNodeIterator.cc(errorHandler):240 at line 171, column 14
[DEFINE_Y2LOG] ../../src/inst/srcYUM/XMLNodeIterator.cc(errorHandler):240 XML syntax warning: Did not expect element entry there
[DEFINE_Y2LOG] ../../src/inst/srcYUM/XMLNodeIterator.cc(errorHandler):240 at line 171, column 14
[DEFINE_Y2LOG] ../../src/inst/srcYUM/XMLNodeIterator.cc(errorHandler):240 XML syntax warning: Did not expect element install_only there
[DEFINE_Y2LOG] ../../src/inst/srcYUM/XMLNodeIterator.cc(errorHandler):240 at line 171, column 14
[DEFINE_Y2LOG] ../../src/inst/srcYUM/XMLNodeIterator.cc(errorHandler):240 XML syntax warning: Did not expect element package there
[DEFINE_Y2LOG] ../../src/inst/srcYUM/XMLNodeIterator.cc(errorHandler):240 at line 171, column 14
[DEFINE_Y2LOG] ../../src/inst/srcYUM/XMLNodeIterator.cc(errorHandler):240 XML syntax warning: Did not expect element name there
[DEFINE_Y2LOG] ../../src/inst/srcYUM/XMLNodeIterator.cc(errorHandler):240 at line 276, column 14
[DEFINE_Y2LOG] ../../src/inst/srcYUM/XMLNodeIterator.cc(errorHandler):240 XML syntax warning: Did not expect text in element  TODO  content
[DEFINE_Y2LOG] ../../src/inst/srcYUM/XMLNodeIterator.cc(errorHandler):240 at line 276, column 14
[DEFINE_Y2LOG] ../../src/inst/srcYUM/XMLNodeIterator.cc(errorHandler):240 XML syntax warning: Did not expect element arch there
[DEFINE_Y2LOG] ../../src/inst/srcYUM/XMLNodeIterator.cc(errorHandler):240 at line 276, column 14
[DEFINE_Y2LOG] ../../src/inst/srcYUM/XMLNodeIterator.cc(errorHandler):240 XML syntax warning: Did not expect text in element  TODO  content
[DEFINE_Y2LOG] ../../src/inst/srcYUM/XMLNodeIterator.cc(errorHandler):240 at line 276, column 14
[DEFINE_Y2LOG] ../../src/inst/srcYUM/XMLNodeIterator.cc(errorHandler):240 XML syntax warning: Did not expect element version there
[DEFINE_Y2LOG] ../../src/inst/srcYUM/XMLNodeIterator.cc(errorHandler):240 at line 276, column 14
[DEFINE_Y2LOG] ../../src/inst/srcYUM/XMLNodeIterator.cc(errorHandler):240 XML syntax warning: Did not expect element checksum there
[DEFINE_Y2LOG] ../../src/inst/srcYUM/XMLNodeIterator.cc(errorHandler):240 at line 276, column 14
[DEFINE_Y2LOG] ../../src/inst/srcYUM/XMLNodeIterator.cc(errorHandler):240 XML syntax warning: Did not expect text in element  TODO  content
[DEFINE_Y2LOG] ../../src/inst/srcYUM/XMLNodeIterator.cc(errorHandler):240 at line 276, column 14
[DEFINE_Y2LOG] ../../src/inst/srcYUM/XMLNodeIterator.cc(errorHandler):240 XML syntax warning: Did not expect element summary there
[DEFINE_Y2LOG] ../../src/inst/srcYUM/XMLNodeIterator.cc(errorHandler):240 at line 276, column 14
[DEFINE_Y2LOG] ../../src/inst/srcYUM/XMLNodeIterator.cc(errorHandler):240 XML syntax warning: Did not expect text in element  TODO  content
[DEFINE_Y2LOG] ../../src/inst/srcYUM/XMLNodeIterator.cc(errorHandler):240 at line 276, column 14
[DEFINE_Y2LOG] ../../src/inst/srcYUM/XMLNodeIterator.cc(errorHandler):240 XML syntax warning: Did not expect element description there
[DEFINE_Y2LOG] ../../src/inst/srcYUM/XMLNodeIterator.cc(errorHandler):240 at line 276, column 14
[DEFINE_Y2LOG] ../../src/inst/srcYUM/XMLNodeIterator.cc(errorHandler):240 XML syntax warning: Did not expect text in element  TODO  content
[DEFINE_Y2LOG] ../../src/inst/srcYUM/XMLNodeIterator.cc(errorHandler):240 at line 276, column 14
[DEFINE_Y2LOG] ../../src/inst/srcYUM/XMLNodeIterator.cc(errorHandler):240 XML syntax warning: Did not expect element packager there
[DEFINE_Y2LOG] ../../src/inst/srcYUM/XMLNodeIterator.cc(errorHandler):240 at line 276, column 14
[DEFINE_Y2LOG] ../../src/inst/srcYUM/XMLNodeIterator.cc(errorHandler):240 XML syntax warning: Did not expect element url there
[DEFINE_Y2LOG] ../../src/inst/srcYUM/XMLNodeIterator.cc(errorHandler):240 at line 276, column 14
[DEFINE_Y2LOG] ../../src/inst/srcYUM/XMLNodeIterator.cc(errorHandler):240 XML syntax warning: Did not expect element time there
[DEFINE_Y2LOG] ../../src/inst/srcYUM/XMLNodeIterator.cc(errorHandler):240 at line 276, column 14
[DEFINE_Y2LOG] ../../src/inst/srcYUM/XMLNodeIterator.cc(errorHandler):240 XML syntax warning: Did not expect element size there
[DEFINE_Y2LOG] ../../src/inst/srcYUM/XMLNodeIterator.cc(errorHandler):240 at line 276, column 14
[DEFINE_Y2LOG] ../../src/inst/srcYUM/XMLNodeIterator.cc(errorHandler):240 XML syntax warning: Did not expect element location there
[DEFINE_Y2LOG] ../../src/inst/srcYUM/XMLNodeIterator.cc(errorHandler):240 at line 276, column 14
[DEFINE_Y2LOG] ../../src/inst/srcYUM/XMLNodeIterator.cc(errorHandler):240 XML syntax warning: Did not expect element format there
[DEFINE_Y2LOG] ../../src/inst/srcYUM/XMLNodeIterator.cc(errorHandler):240 at line 276, column 14
[DEFINE_Y2LOG] ../../src/inst/srcYUM/XMLNodeIterator.cc(errorHandler):240 XML syntax warning: Did not expect element license there
[DEFINE_Y2LOG] ../../src/inst/srcYUM/XMLNodeIterator.cc(errorHandler):240 at line 276, column 14
[DEFINE_Y2LOG] ../../src/inst/srcYUM/XMLNodeIterator.cc(errorHandler):240 XML syntax warning: Did not expect text in element  TODO  content
[DEFINE_Y2LOG] ../../src/inst/srcYUM/XMLNodeIterator.cc(errorHandler):240 at line 276, column 14
[DEFINE_Y2LOG] ../../src/inst/srcYUM/XMLNodeIterator.cc(errorHandler):240 XML syntax warning: Did not expect element vendor there
[DEFINE_Y2LOG] ../../src/inst/srcYUM/XMLNodeIterator.cc(errorHandler):240 at line 276, column 14
[DEFINE_Y2LOG] ../../src/inst/srcYUM/XMLNodeIterator.cc(errorHandler):240 XML syntax warning: Did not expect element group there
[DEFINE_Y2LOG] ../../src/inst/srcYUM/XMLNodeIterator.cc(errorHandler):240 at line 276, column 14
[DEFINE_Y2LOG] ../../src/inst/srcYUM/XMLNodeIterator.cc(errorHandler):240 XML syntax warning: Did not expect text in element  TODO  content
[DEFINE_Y2LOG] ../../src/inst/srcYUM/XMLNodeIterator.cc(errorHandler):240 at line 276, column 14
[DEFINE_Y2LOG] ../../src/inst/srcYUM/XMLNodeIterator.cc(errorHandler):240 XML syntax warning: Did not expect element buildhost there
[DEFINE_Y2LOG] ../../src/inst/srcYUM/XMLNodeIterator.cc(errorHandler):240 at line 276, column 14
[DEFINE_Y2LOG] ../../src/inst/srcYUM/XMLNodeIterator.cc(errorHandler):240 XML syntax warning: Did not expect text in element  TODO  content
[DEFINE_Y2LOG] ../../src/inst/srcYUM/XMLNodeIterator.cc(errorHandler):240 at line 276, column 14
[DEFINE_Y2LOG] ../../src/inst/srcYUM/XMLNodeIterator.cc(errorHandler):240 XML syntax warning: Did not expect element sourcerpm there
[DEFINE_Y2LOG] ../../src/inst/srcYUM/XMLNodeIterator.cc(errorHandler):240 at line 276, column 14
[DEFINE_Y2LOG] ../../src/inst/srcYUM/XMLNodeIterator.cc(errorHandler):240 XML syntax warning: Did not expect text in element  TODO  content
[DEFINE_Y2LOG] ../../src/inst/srcYUM/XMLNodeIterator.cc(errorHandler):240 at line 276, column 14
[DEFINE_Y2LOG] ../../src/inst/srcYUM/XMLNodeIterator.cc(errorHandler):240 XML syntax warning: Did not expect element header-range there
[DEFINE_Y2LOG] ../../src/inst/srcYUM/XMLNodeIterator.cc(errorHandler):240 at line 276, column 14
[DEFINE_Y2LOG] ../../src/inst/srcYUM/XMLNodeIterator.cc(errorHandler):240 XML syntax warning: Did not expect element provides there
[DEFINE_Y2LOG] ../../src/inst/srcYUM/XMLNodeIterator.cc(errorHandler):240 at line 276, column 14
[DEFINE_Y2LOG] ../../src/inst/srcYUM/XMLNodeIterator.cc(errorHandler):240 XML syntax warning: Did not expect element entry there
[DEFINE_Y2LOG] ../../src/inst/srcYUM/XMLNodeIterator.cc(errorHandler):240 at line 276, column 14
[DEFINE_Y2LOG] ../../src/inst/srcYUM/XMLNodeIterator.cc(errorHandler):240 XML syntax warning: Did not expect element entry there
[DEFINE_Y2LOG] ../../src/inst/srcYUM/XMLNodeIterator.cc(errorHandler):240 at line 276, column 14
[DEFINE_Y2LOG] ../../src/inst/srcYUM/XMLNodeIterator.cc(errorHandler):240 XML syntax warning: Did not expect element requires there
[DEFINE_Y2LOG] ../../src/inst/srcYUM/XMLNodeIterator.cc(errorHandler):240 at line 276, column 14
[DEFINE_Y2LOG] ../../src/inst/srcYUM/XMLNodeIterator.cc(errorHandler):240 XML syntax warning: Did not expect element entry there
[DEFINE_Y2LOG] ../../src/inst/srcYUM/XMLNodeIterator.cc(errorHandler):240 at line 276, column 14
[DEFINE_Y2LOG] ../../src/inst/srcYUM/XMLNodeIterator.cc(errorHandler):240 XML syntax warning: Did not expect element entry there
[DEFINE_Y2LOG] ../../src/inst/srcYUM/XMLNodeIterator.cc(errorHandler):240 at line 276, column 14
[DEFINE_Y2LOG] ../../src/inst/srcYUM/XMLNodeIterator.cc(errorHandler):240 XML syntax warning: Did not expect element entry there
[DEFINE_Y2LOG] ../../src/inst/srcYUM/XMLNodeIterator.cc(errorHandler):240 at line 276, column 14
[DEFINE_Y2LOG] ../../src/inst/srcYUM/XMLNodeIterator.cc(errorHandler):240 XML syntax warning: Did not expect element entry there
[DEFINE_Y2LOG] ../../src/inst/srcYUM/XMLNodeIterator.cc(errorHandler):240 at line 276, column 14
[DEFINE_Y2LOG] ../../src/inst/srcYUM/XMLNodeIterator.cc(errorHandler):240 XML syntax warning: Did not expect element entry there
[DEFINE_Y2LOG] ../../src/inst/srcYUM/XMLNodeIterator.cc(errorHandler):240 at line 276, column 14
[DEFINE_Y2LOG] ../../src/inst/srcYUM/XMLNodeIterator.cc(errorHandler):240 XML syntax warning: Did not expect element entry there
[DEFINE_Y2LOG] ../../src/inst/srcYUM/XMLNodeIterator.cc(errorHandler):240 at line 276, column 14
[DEFINE_Y2LOG] ../../src/inst/srcYUM/XMLNodeIterator.cc(errorHandler):240 XML syntax warning: Did not expect element entry there
[DEFINE_Y2LOG] ../../src/inst/srcYUM/XMLNodeIterator.cc(errorHandler):240 at line 276, column 14
[DEFINE_Y2LOG] ../../src/inst/srcYUM/XMLNodeIterator.cc(errorHandler):240 XML syntax warning: Did not expect element entry there
[DEFINE_Y2LOG] ../../src/inst/srcYUM/XMLNodeIterator.cc(errorHandler):240 at line 276, column 14
[DEFINE_Y2LOG] ../../src/inst/srcYUM/XMLNodeIterator.cc(errorHandler):240 XML syntax warning: Did not expect element entry there
[DEFINE_Y2LOG] ../../src/inst/srcYUM/XMLNodeIterator.cc(errorHandler):240 at line 276, column 14
[DEFINE_Y2LOG] ../../src/inst/srcYUM/XMLNodeIterator.cc(errorHandler):240 XML syntax warning: Did not expect element entry there
[DEFINE_Y2LOG] ../../src/inst/srcYUM/XMLNodeIterator.cc(errorHandler):240 at line 276, column 14
[DEFINE_Y2LOG] ../../src/inst/srcYUM/XMLNodeIterator.cc(errorHandler):240 XML syntax warning: Did not expect element entry there
[DEFINE_Y2LOG] ../../src/inst/srcYUM/XMLNodeIterator.cc(errorHandler):240 at line 276, column 14
[DEFINE_Y2LOG] ../../src/inst/srcYUM/XMLNodeIterator.cc(errorHandler):240 XML syntax warning: Did not expect element entry there
[DEFINE_Y2LOG] ../../src/inst/srcYUM/XMLNodeIterator.cc(errorHandler):240 at line 276, column 14
[DEFINE_Y2LOG] ../../src/inst/srcYUM/XMLNodeIterator.cc(errorHandler):240 XML syntax warning: Did not expect element entry there
[DEFINE_Y2LOG] ../../src/inst/srcYUM/XMLNodeIterator.cc(errorHandler):240 at line 276, column 14
[DEFINE_Y2LOG] ../../src/inst/srcYUM/XMLNodeIterator.cc(errorHandler):240 XML syntax warning: Did not expect element entry there
[DEFINE_Y2LOG] ../../src/inst/srcYUM/XMLNodeIterator.cc(errorHandler):240 at line 276, column 14
[DEFINE_Y2LOG] ../../src/inst/srcYUM/XMLNodeIterator.cc(errorHandler):240 XML syntax warning: Did not expect element entry there
[DEFINE_Y2LOG] ../../src/inst/srcYUM/XMLNodeIterator.cc(errorHandler):240 at line 276, column 14
[DEFINE_Y2LOG] ../../src/inst/srcYUM/XMLNodeIterator.cc(errorHandler):240 XML syntax warning: Did not expect element entry there
[DEFINE_Y2LOG] ../../src/inst/srcYUM/XMLNodeIterator.cc(errorHandler):240 at line 276, column 14
[DEFINE_Y2LOG] ../../src/inst/srcYUM/XMLNodeIterator.cc(errorHandler):240 XML syntax warning: Did not expect element entry there
[DEFINE_Y2LOG] ../../src/inst/srcYUM/XMLNodeIterator.cc(errorHandler):240 at line 276, column 14
[DEFINE_Y2LOG] ../../src/inst/srcYUM/XMLNodeIterator.cc(errorHandler):240 XML syntax warning: Did not expect element entry there
[DEFINE_Y2LOG] ../../src/inst/srcYUM/XMLNodeIterator.cc(errorHandler):240 at line 276, column 14
[DEFINE_Y2LOG] ../../src/inst/srcYUM/XMLNodeIterator.cc(errorHandler):240 XML syntax warning: Did not expect element entry there
[DEFINE_Y2LOG] ../../src/inst/srcYUM/XMLNodeIterator.cc(errorHandler):240 at line 276, column 14
[DEFINE_Y2LOG] ../../src/inst/srcYUM/XMLNodeIterator.cc(errorHandler):240 XML syntax warning: Did not expect element entry there
[DEFINE_Y2LOG] ../../src/inst/srcYUM/XMLNodeIterator.cc(errorHandler):240 at line 276, column 14
[DEFINE_Y2LOG] ../../src/inst/srcYUM/XMLNodeIterator.cc(errorHandler):240 XML syntax warning: Did not expect element entry there
[DEFINE_Y2LOG] ../../src/inst/srcYUM/XMLNodeIterator.cc(errorHandler):240 at line 276, column 14
[DEFINE_Y2LOG] ../../src/inst/srcYUM/XMLNodeIterator.cc(errorHandler):240 XML syntax warning: Did not expect element entry there
[DEFINE_Y2LOG] ../../src/inst/srcYUM/XMLNodeIterator.cc(errorHandler):240 at line 276, column 14
[DEFINE_Y2LOG] ../../src/inst/srcYUM/XMLNodeIterator.cc(errorHandler):240 XML syntax warning: Did not expect element file there
[DEFINE_Y2LOG] ../../src/inst/srcYUM/XMLNodeIterator.cc(errorHandler):240 at line 276, column 14
[DEFINE_Y2LOG] ../../src/inst/srcYUM/XMLNodeIterator.cc(errorHandler):240 XML syntax warning: Did not expect text in element  TODO  content
[DEFINE_Y2LOG] ../../src/inst/srcYUM/XMLNodeIterator.cc(errorHandler):240 at line 276, column 14
[DEFINE_Y2LOG] ../../src/inst/srcYUM/XMLNodeIterator.cc(errorHandler):240 XML syntax warning: Did not expect element file there
[DEFINE_Y2LOG] ../../src/inst/srcYUM/XMLNodeIterator.cc(errorHandler):240 at line 276, column 14
[DEFINE_Y2LOG] ../../src/inst/srcYUM/XMLNodeIterator.cc(errorHandler):240 XML syntax warning: Did not expect text in element  TODO  content
[DEFINE_Y2LOG] ../../src/inst/srcYUM/XMLNodeIterator.cc(errorHandler):240 at line 276, column 14
[DEFINE_Y2LOG] ../../src/inst/srcYUM/XMLNodeIterator.cc(errorHandler):240 XML syntax warning: Did not expect element file there
[DEFINE_Y2LOG] ../../src/inst/srcYUM/XMLNodeIterator.cc(errorHandler):240 at line 276, column 14
[DEFINE_Y2LOG] ../../src/inst/srcYUM/XMLNodeIterator.cc(errorHandler):240 XML syntax warning: Did not expect text in element  TODO  content
[DEFINE_Y2LOG] ../../src/inst/srcYUM/XMLNodeIterator.cc(errorHandler):240 at line 276, column 14
[DEFINE_Y2LOG] ../../src/inst/srcYUM/XMLNodeIterator.cc(errorHandler):240 XML syntax warning: Did not expect element file there
[DEFINE_Y2LOG] ../../src/inst/srcYUM/XMLNodeIterator.cc(errorHandler):240 at line 276, column 14
[DEFINE_Y2LOG] ../../src/inst/srcYUM/XMLNodeIterator.cc(errorHandler):240 XML syntax warning: Did not expect text in element  TODO  content
[DEFINE_Y2LOG] ../../src/inst/srcYUM/XMLNodeIterator.cc(errorHandler):240 at line 276, column 14
[DEFINE_Y2LOG] ../../src/inst/srcYUM/XMLNodeIterator.cc(errorHandler):240 XML syntax warning: Did not expect element file there
[DEFINE_Y2LOG] ../../src/inst/srcYUM/XMLNodeIterator.cc(errorHandler):240 at line 276, column 14
[DEFINE_Y2LOG] ../../src/inst/srcYUM/XMLNodeIterator.cc(errorHandler):240 XML syntax warning: Did not expect text in element  TODO  content
[DEFINE_Y2LOG] ../../src/inst/srcYUM/XMLNodeIterator.cc(errorHandler):240 at line 276, column 14
[DEFINE_Y2LOG] ../../src/inst/srcYUM/XMLNodeIterator.cc(errorHandler):240 XML syntax warning: Did not expect element file there
[DEFINE_Y2LOG] ../../src/inst/srcYUM/XMLNodeIterator.cc(errorHandler):240 at line 276, column 14
[DEFINE_Y2LOG] ../../src/inst/srcYUM/XMLNodeIterator.cc(errorHandler):240 XML syntax warning: Did not expect text in element  TODO  content
[DEFINE_Y2LOG] ../../src/inst/srcYUM/XMLNodeIterator.cc(errorHandler):240 at line 276, column 14
[DEFINE_Y2LOG] ../../src/inst/srcYUM/XMLNodeIterator.cc(errorHandler):240 XML syntax warning: Did not expect element file there
[DEFINE_Y2LOG] ../../src/inst/srcYUM/XMLNodeIterator.cc(errorHandler):240 at line 276, column 14
[DEFINE_Y2LOG] ../../src/inst/srcYUM/XMLNodeIterator.cc(errorHandler):240 XML syntax warning: Did not expect text in element  TODO  content
[DEFINE_Y2LOG] ../../src/inst/srcYUM/XMLNodeIterator.cc(errorHandler):240 at line 276, column 14
[DEFINE_Y2LOG] ../../src/inst/srcYUM/XMLNodeIterator.cc(errorHandler):240 XML syntax warning: Did not expect element file there
[DEFINE_Y2LOG] ../../src/inst/srcYUM/XMLNodeIterator.cc(errorHandler):240 at line 276, column 14
[DEFINE_Y2LOG] ../../src/inst/srcYUM/XMLNodeIterator.cc(errorHandler):240 XML syntax warning: Did not expect text in element  TODO  content
[DEFINE_Y2LOG] ../../src/inst/srcYUM/XMLNodeIterator.cc(errorHandler):240 at line 276, column 14
[DEFINE_Y2LOG] ../../src/inst/srcYUM/XMLNodeIterator.cc(errorHandler):240 XML syntax warning: Did not expect element file there
[DEFINE_Y2LOG] ../../src/inst/srcYUM/XMLNodeIterator.cc(errorHandler):240 at line 276, column 14
[DEFINE_Y2LOG] ../../src/inst/srcYUM/XMLNodeIterator.cc(errorHandler):240 XML syntax warning: Did not expect text in element  TODO  content
[DEFINE_Y2LOG] ../../src/inst/srcYUM/XMLNodeIterator.cc(errorHandler):240 at line 276, column 14
[DEFINE_Y2LOG] ../../src/inst/srcYUM/XMLNodeIterator.cc(errorHandler):240 XML syntax warning: Did not expect element file there
[DEFINE_Y2LOG] ../../src/inst/srcYUM/XMLNodeIterator.cc(errorHandler):240 at line 276, column 14
[DEFINE_Y2LOG] ../../src/inst/srcYUM/XMLNodeIterator.cc(errorHandler):240 XML syntax warning: Did not expect text in element  TODO  content
[DEFINE_Y2LOG] ../../src/inst/srcYUM/XMLNodeIterator.cc(errorHandler):240 at line 276, column 14
[DEFINE_Y2LOG] ../../src/inst/srcYUM/XMLNodeIterator.cc(errorHandler):240 XML syntax warning: Did not expect element file there
[DEFINE_Y2LOG] ../../src/inst/srcYUM/XMLNodeIterator.cc(errorHandler):240 at line 276, column 14
[DEFINE_Y2LOG] ../../src/inst/srcYUM/XMLNodeIterator.cc(errorHandler):240 XML syntax warning: Did not expect text in element  TODO  content
[DEFINE_Y2LOG] ../../src/inst/srcYUM/XMLNodeIterator.cc(errorHandler):240 at line 276, column 14
[DEFINE_Y2LOG] ../../src/inst/srcYUM/XMLNodeIterator.cc(errorHandler):240 XML syntax warning: Did not expect element file there
[DEFINE_Y2LOG] ../../src/inst/srcYUM/XMLNodeIterator.cc(errorHandler):240 at line 276, column 14
[DEFINE_Y2LOG] ../../src/inst/srcYUM/XMLNodeIterator.cc(errorHandler):240 XML syntax warning: Did not expect text in element  TODO  content
[DEFINE_Y2LOG] ../../src/inst/srcYUM/XMLNodeIterator.cc(errorHandler):240 at line 276, column 14
[DEFINE_Y2LOG] ../../src/inst/srcYUM/XMLNodeIterator.cc(errorHandler):240 XML syntax warning: Did not expect element file there
[DEFINE_Y2LOG] ../../src/inst/srcYUM/XMLNodeIterator.cc(errorHandler):240 at line 276, column 14
[DEFINE_Y2LOG] ../../src/inst/srcYUM/XMLNodeIterator.cc(errorHandler):240 XML syntax warning: Did not expect text in element  TODO  content
[DEFINE_Y2LOG] ../../src/inst/srcYUM/XMLNodeIterator.cc(errorHandler):240 at line 276, column 14
[DEFINE_Y2LOG] ../../src/inst/srcYUM/XMLNodeIterator.cc(errorHandler):240 XML syntax warning: Did not expect element file there
[DEFINE_Y2LOG] ../../src/inst/srcYUM/XMLNodeIterator.cc(errorHandler):240 at line 276, column 14
[DEFINE_Y2LOG] ../../src/inst/srcYUM/XMLNodeIterator.cc(errorHandler):240 XML syntax warning: Did not expect text in element  TODO  content
[DEFINE_Y2LOG] ../../src/inst/srcYUM/XMLNodeIterator.cc(errorHandler):240 at line 276, column 14
[DEFINE_Y2LOG] ../../src/inst/srcYUM/XMLNodeIterator.cc(errorHandler):240 XML syntax warning: Did not expect element file there
[DEFINE_Y2LOG] ../../src/inst/srcYUM/XMLNodeIterator.cc(errorHandler):240 at line 276, column 14
[DEFINE_Y2LOG] ../../src/inst/srcYUM/XMLNodeIterator.cc(errorHandler):240 XML syntax warning: Did not expect text in element  TODO  content
[DEFINE_Y2LOG] ../../src/inst/srcYUM/XMLNodeIterator.cc(errorHandler):240 at line 276, column 14
[DEFINE_Y2LOG] ../../src/inst/srcYUM/XMLNodeIterator.cc(errorHandler):240 XML syntax warning: Did not expect element file there
[DEFINE_Y2LOG] ../../src/inst/srcYUM/XMLNodeIterator.cc(errorHandler):240 at line 276, column 14
[DEFINE_Y2LOG] ../../src/inst/srcYUM/XMLNodeIterator.cc(errorHandler):240 XML syntax warning: Did not expect text in element  TODO  content
[DEFINE_Y2LOG] ../../src/inst/srcYUM/XMLNodeIterator.cc(errorHandler):240 at line 276, column 14
[DEFINE_Y2LOG] ../../src/inst/srcYUM/XMLNodeIterator.cc(errorHandler):240 XML syntax warning: Did not expect element file there
[DEFINE_Y2LOG] ../../src/inst/srcYUM/XMLNodeIterator.cc(errorHandler):240 at line 276, column 14
[DEFINE_Y2LOG] ../../src/inst/srcYUM/XMLNodeIterator.cc(errorHandler):240 XML syntax warning: Did not expect text in element  TODO  content
[DEFINE_Y2LOG] ../../src/inst/srcYUM/XMLNodeIterator.cc(errorHandler):240 at line 276, column 14
[DEFINE_Y2LOG] ../../src/inst/srcYUM/XMLNodeIterator.cc(errorHandler):240 XML syntax warning: Did not expect element file there
[DEFINE_Y2LOG] ../../src/inst/srcYUM/XMLNodeIterator.cc(errorHandler):240 at line 276, column 14
[DEFINE_Y2LOG] ../../src/inst/srcYUM/XMLNodeIterator.cc(errorHandler):240 XML syntax warning: Did not expect text in element  TODO  content
[DEFINE_Y2LOG] ../../src/inst/srcYUM/XMLNodeIterator.cc(errorHandler):240 at line 276, column 14
[DEFINE_Y2LOG] ../../src/inst/srcYUM/XMLNodeIterator.cc(errorHandler):240 XML syntax warning: Did not expect element file there
[DEFINE_Y2LOG] ../../src/inst/srcYUM/XMLNodeIterator.cc(errorHandler):240 at line 276, column 14
[DEFINE_Y2LOG] ../../src/inst/srcYUM/XMLNodeIterator.cc(errorHandler):240 XML syntax warning: Did not expect text in element  TODO  content
[DEFINE_Y2LOG] ../../src/inst/srcYUM/XMLNodeIterator.cc(errorHandler):240 at line 276, column 14
[DEFINE_Y2LOG] ../../src/inst/srcYUM/XMLNodeIterator.cc(errorHandler):240 XML syntax warning: Did not expect element file there
[DEFINE_Y2LOG] ../../src/inst/srcYUM/XMLNodeIterator.cc(errorHandler):240 at line 276, column 14
[DEFINE_Y2LOG] ../../src/inst/srcYUM/XMLNodeIterator.cc(errorHandler):240 XML syntax warning: Did not expect text in element  TODO  content
[DEFINE_Y2LOG] ../../src/inst/srcYUM/XMLNodeIterator.cc(errorHandler):240 at line 276, column 14
[DEFINE_Y2LOG] ../../src/inst/srcYUM/XMLNodeIterator.cc(errorHandler):240 XML syntax warning: Did not expect element file there
[DEFINE_Y2LOG] ../../src/inst/srcYUM/XMLNodeIterator.cc(errorHandler):240 at line 276, column 14
[DEFINE_Y2LOG] ../../src/inst/srcYUM/XMLNodeIterator.cc(errorHandler):240 XML syntax warning: Did not expect text in element  TODO  content
[DEFINE_Y2LOG] ../../src/inst/srcYUM/XMLNodeIterator.cc(errorHandler):240 at line 276, column 14
[DEFINE_Y2LOG] ../../src/inst/srcYUM/XMLNodeIterator.cc(errorHandler):240 XML syntax warning: Did not expect element file there
[DEFINE_Y2LOG] ../../src/inst/srcYUM/XMLNodeIterator.cc(errorHandler):240 at line 276, column 14
[DEFINE_Y2LOG] ../../src/inst/srcYUM/XMLNodeIterator.cc(errorHandler):240 XML syntax warning: Did not expect text in element  TODO  content
[DEFINE_Y2LOG] ../../src/inst/srcYUM/XMLNodeIterator.cc(errorHandler):240 at line 276, column 14
[DEFINE_Y2LOG] ../../src/inst/srcYUM/XMLNodeIterator.cc(errorHandler):240 XML syntax warning: Did not expect element file there
[DEFINE_Y2LOG] ../../src/inst/srcYUM/XMLNodeIterator.cc(errorHandler):240 at line 276, column 14
[DEFINE_Y2LOG] ../../src/inst/srcYUM/XMLNodeIterator.cc(errorHandler):240 XML syntax warning: Did not expect text in element  TODO  content
[DEFINE_Y2LOG] ../../src/inst/srcYUM/XMLNodeIterator.cc(errorHandler):240 at line 276, column 14
[DEFINE_Y2LOG] ../../src/inst/srcYUM/XMLNodeIterator.cc(errorHandler):240 XML syntax warning: Did not expect element file there
[DEFINE_Y2LOG] ../../src/inst/srcYUM/XMLNodeIterator.cc(errorHandler):240 at line 276, column 14
[DEFINE_Y2LOG] ../../src/inst/srcYUM/XMLNodeIterator.cc(errorHandler):240 XML syntax warning: Did not expect text in element  TODO  content
[DEFINE_Y2LOG] ../../src/inst/srcYUM/XMLNodeIterator.cc(errorHandler):240 at line 276, column 14
[DEFINE_Y2LOG] ../../src/inst/srcYUM/XMLNodeIterator.cc(errorHandler):240 XML syntax warning: Did not expect element file there
[DEFINE_Y2LOG] ../../src/inst/srcYUM/XMLNodeIterator.cc(errorHandler):240 at line 276, column 14
[DEFINE_Y2LOG] ../../src/inst/srcYUM/XMLNodeIterator.cc(errorHandler):240 XML syntax warning: Did not expect text in element  TODO  content
[DEFINE_Y2LOG] ../../src/inst/srcYUM/XMLNodeIterator.cc(errorHandler):240 at line 276, column 14
[DEFINE_Y2LOG] ../../src/inst/srcYUM/XMLNodeIterator.cc(errorHandler):240 XML syntax warning: Did not expect element file there
[DEFINE_Y2LOG] ../../src/inst/srcYUM/XMLNodeIterator.cc(errorHandler):240 at line 276, column 14
[DEFINE_Y2LOG] ../../src/inst/srcYUM/XMLNodeIterator.cc(errorHandler):240 XML syntax warning: Did not expect text in element  TODO  content
[DEFINE_Y2LOG] ../../src/inst/srcYUM/XMLNodeIterator.cc(errorHandler):240 at line 276, column 14
[DEFINE_Y2LOG] ../../src/inst/srcYUM/XMLNodeIterator.cc(errorHandler):240 XML syntax warning: Did not expect element file there
[DEFINE_Y2LOG] ../../src/inst/srcYUM/XMLNodeIterator.cc(errorHandler):240 at line 276, column 14
[DEFINE_Y2LOG] ../../src/inst/srcYUM/XMLNodeIterator.cc(errorHandler):240 XML syntax warning: Did not expect text in element  TODO  content
[DEFINE_Y2LOG] ../../src/inst/srcYUM/XMLNodeIterator.cc(errorHandler):240 at line 276, column 14
[DEFINE_Y2LOG] ../../src/inst/srcYUM/XMLNodeIterator.cc(errorHandler):240 XML syntax warning: Did not expect element file there
[DEFINE_Y2LOG] ../../src/inst/srcYUM/XMLNodeIterator.cc(errorHandler):240 at line 276, column 14
[DEFINE_Y2LOG] ../../src/inst/srcYUM/XMLNodeIterator.cc(errorHandler):240 XML syntax warning: Did not expect text in element  TODO  content
[DEFINE_Y2LOG] ../../src/inst/srcYUM/XMLNodeIterator.cc(errorHandler):240 at line 276, column 14
[DEFINE_Y2LOG] ../../src/inst/srcYUM/XMLNodeIterator.cc(errorHandler):240 XML syntax warning: Did not expect element file there
[DEFINE_Y2LOG] ../../src/inst/srcYUM/XMLNodeIterator.cc(errorHandler):240 at line 276, column 14
[DEFINE_Y2LOG] ../../src/inst/srcYUM/XMLNodeIterator.cc(errorHandler):240 XML syntax warning: Did not expect text in element  TODO  content
[DEFINE_Y2LOG] ../../src/inst/srcYUM/XMLNodeIterator.cc(errorHandler):240 at line 276, column 14
[DEFINE_Y2LOG] ../../src/inst/srcYUM/XMLNodeIterator.cc(errorHandler):240 XML syntax warning: Did not expect element file there
[DEFINE_Y2LOG] ../../src/inst/srcYUM/XMLNodeIterator.cc(errorHandler):240 at line 276, column 14
[DEFINE_Y2LOG] ../../src/inst/srcYUM/XMLNodeIterator.cc(errorHandler):240 XML syntax warning: Did not expect text in element  TODO  content
[DEFINE_Y2LOG] ../../src/inst/srcYUM/XMLNodeIterator.cc(errorHandler):240 at line 276, column 14
[DEFINE_Y2LOG] ../../src/inst/srcYUM/XMLNodeIterator.cc(errorHandler):240 XML syntax warning: Did not expect element file there
[DEFINE_Y2LOG] ../../src/inst/srcYUM/XMLNodeIterator.cc(errorHandler):240 at line 276, column 14
[DEFINE_Y2LOG] ../../src/inst/srcYUM/XMLNodeIterator.cc(errorHandler):240 XML syntax warning: Did not expect text in element  TODO  content
[DEFINE_Y2LOG] ../../src/inst/srcYUM/XMLNodeIterator.cc(errorHandler):240 at line 276, column 14
[DEFINE_Y2LOG] ../../src/inst/srcYUM/XMLNodeIterator.cc(errorHandler):240 XML syntax warning: Did not expect element file there
[DEFINE_Y2LOG] ../../src/inst/srcYUM/XMLNodeIterator.cc(errorHandler):240 at line 276, column 14
[DEFINE_Y2LOG] ../../src/inst/srcYUM/XMLNodeIterator.cc(errorHandler):240 XML syntax warning: Did not expect text in element  TODO  content
[DEFINE_Y2LOG] ../../src/inst/srcYUM/XMLNodeIterator.cc(errorHandler):240 at line 276, column 14
[DEFINE_Y2LOG] ../../src/inst/srcYUM/XMLNodeIterator.cc(errorHandler):240 XML syntax warning: Did not expect element file there
[DEFINE_Y2LOG] ../../src/inst/srcYUM/XMLNodeIterator.cc(errorHandler):240 at line 276, column 14
[DEFINE_Y2LOG] ../../src/inst/srcYUM/XMLNodeIterator.cc(errorHandler):240 XML syntax warning: Did not expect text in element  TODO  content
[DEFINE_Y2LOG] ../../src/inst/srcYUM/XMLNodeIterator.cc(errorHandler):240 at line 276, column 14
[DEFINE_Y2LOG] ../../src/inst/srcYUM/XMLNodeIterator.cc(errorHandler):240 XML syntax warning: Did not expect element file there
[DEFINE_Y2LOG] ../../src/inst/srcYUM/XMLNodeIterator.cc(errorHandler):240 at line 276, column 14
[DEFINE_Y2LOG] ../../src/inst/srcYUM/XMLNodeIterator.cc(errorHandler):240 XML syntax warning: Did not expect text in element  TODO  content
[DEFINE_Y2LOG] ../../src/inst/srcYUM/XMLNodeIterator.cc(errorHandler):240 at line 276, column 14
[DEFINE_Y2LOG] ../../src/inst/srcYUM/XMLNodeIterator.cc(errorHandler):240 XML syntax warning: Did not expect element file there
[DEFINE_Y2LOG] ../../src/inst/srcYUM/XMLNodeIterator.cc(errorHandler):240 at line 276, column 14
[DEFINE_Y2LOG] ../../src/inst/srcYUM/XMLNodeIterator.cc(errorHandler):240 XML syntax warning: Did not expect text in element  TODO  content
[DEFINE_Y2LOG] ../../src/inst/srcYUM/XMLNodeIterator.cc(errorHandler):240 at line 276, column 14
[DEFINE_Y2LOG] ../../src/inst/srcYUM/XMLNodeIterator.cc(errorHandler):240 XML syntax warning: Did not expect element file there
[DEFINE_Y2LOG] ../../src/inst/srcYUM/XMLNodeIterator.cc(errorHandler):240 at line 276, column 14
[DEFINE_Y2LOG] ../../src/inst/srcYUM/XMLNodeIterator.cc(errorHandler):240 XML syntax warning: Did not expect text in element  TODO  content
[DEFINE_Y2LOG] ../../src/inst/srcYUM/XMLNodeIterator.cc(errorHandler):240 at line 276, column 14
[DEFINE_Y2LOG] ../../src/inst/srcYUM/XMLNodeIterator.cc(errorHandler):240 XML syntax warning: Did not expect element file there
[DEFINE_Y2LOG] ../../src/inst/srcYUM/XMLNodeIterator.cc(errorHandler):240 at line 276, column 14
[DEFINE_Y2LOG] ../../src/inst/srcYUM/XMLNodeIterator.cc(errorHandler):240 XML syntax warning: Did not expect text in element  TODO  content
[DEFINE_Y2LOG] ../../src/inst/srcYUM/XMLNodeIterator.cc(errorHandler):240 at line 276, column 14
[DEFINE_Y2LOG] ../../src/inst/srcYUM/XMLNodeIterator.cc(errorHandler):240 XML syntax warning: Did not expect element file there
[DEFINE_Y2LOG] ../../src/inst/srcYUM/XMLNodeIterator.cc(errorHandler):240 at line 276, column 14
[DEFINE_Y2LOG] ../../src/inst/srcYUM/XMLNodeIterator.cc(errorHandler):240 XML syntax warning: Did not expect text in element  TODO  content
[DEFINE_Y2LOG] ../../src/inst/srcYUM/XMLNodeIterator.cc(errorHandler):240 at line 276, column 14
[DEFINE_Y2LOG] ../../src/inst/srcYUM/XMLNodeIterator.cc(errorHandler):240 XML syntax warning: Did not expect element file there
[DEFINE_Y2LOG] ../../src/inst/srcYUM/XMLNodeIterator.cc(errorHandler):240 at line 276, column 14
[DEFINE_Y2LOG] ../../src/inst/srcYUM/XMLNodeIterator.cc(errorHandler):240 XML syntax warning: Did not expect text in element  TODO  content
[DEFINE_Y2LOG] ../../src/inst/srcYUM/XMLNodeIterator.cc(errorHandler):240 at line 276, column 14
[DEFINE_Y2LOG] ../../src/inst/srcYUM/XMLNodeIterator.cc(errorHandler):240 XML syntax warning: Did not expect element file there
[DEFINE_Y2LOG] ../../src/inst/srcYUM/XMLNodeIterator.cc(errorHandler):240 at line 276, column 14
[DEFINE_Y2LOG] ../../src/inst/srcYUM/XMLNodeIterator.cc(errorHandler):240 XML syntax warning: Did not expect text in element  TODO  content
[DEFINE_Y2LOG] ../../src/inst/srcYUM/XMLNodeIterator.cc(errorHandler):240 at line 276, column 14
[DEFINE_Y2LOG] ../../src/inst/srcYUM/XMLNodeIterator.cc(errorHandler):240 XML syntax warning: Did not expect element file there
[DEFINE_Y2LOG] ../../src/inst/srcYUM/XMLNodeIterator.cc(errorHandler):240 at line 276, column 14
[DEFINE_Y2LOG] ../../src/inst/srcYUM/XMLNodeIterator.cc(errorHandler):240 XML syntax warning: Did not expect text in element  TODO  content
[DEFINE_Y2LOG] ../../src/inst/srcYUM/XMLNodeIterator.cc(errorHandler):240 at line 276, column 14
[DEFINE_Y2LOG] ../../src/inst/srcYUM/XMLNodeIterator.cc(errorHandler):240 XML syntax warning: Did not expect element file there
[DEFINE_Y2LOG] ../../src/inst/srcYUM/XMLNodeIterator.cc(errorHandler):240 at line 276, column 14
[DEFINE_Y2LOG] ../../src/inst/srcYUM/XMLNodeIterator.cc(errorHandler):240 XML syntax warning: Did not expect text in element  TODO  content
[DEFINE_Y2LOG] ../../src/inst/srcYUM/XMLNodeIterator.cc(errorHandler):240 at line 276, column 14
[DEFINE_Y2LOG] ../../src/inst/srcYUM/XMLNodeIterator.cc(errorHandler):240 XML syntax warning: Did not expect element file there
[DEFINE_Y2LOG] ../../src/inst/srcYUM/XMLNodeIterator.cc(errorHandler):240 at line 276, column 14
[DEFINE_Y2LOG] ../../src/inst/srcYUM/XMLNodeIterator.cc(errorHandler):240 XML syntax warning: Did not expect text in element  TODO  content
[DEFINE_Y2LOG] ../../src/inst/srcYUM/XMLNodeIterator.cc(errorHandler):240 at line 276, column 14
[DEFINE_Y2LOG] ../../src/inst/srcYUM/XMLNodeIterator.cc(errorHandler):240 XML syntax warning: Did not expect element file there
[DEFINE_Y2LOG] ../../src/inst/srcYUM/XMLNodeIterator.cc(errorHandler):240 at line 276, column 14
[DEFINE_Y2LOG] ../../src/inst/srcYUM/XMLNodeIterator.cc(errorHandler):240 XML syntax warning: Did not expect text in element  TODO  content
[DEFINE_Y2LOG] ../../src/inst/srcYUM/XMLNodeIterator.cc(errorHandler):240 at line 276, column 14
[DEFINE_Y2LOG] ../../src/inst/srcYUM/XMLNodeIterator.cc(errorHandler):240 XML syntax warning: Did not expect element file there
[DEFINE_Y2LOG] ../../src/inst/srcYUM/XMLNodeIterator.cc(errorHandler):240 at line 276, column 14
[DEFINE_Y2LOG] ../../src/inst/srcYUM/XMLNodeIterator.cc(errorHandler):240 XML syntax warning: Did not expect text in element  TODO  content
[DEFINE_Y2LOG] ../../src/inst/srcYUM/XMLNodeIterator.cc(errorHandler):240 at line 276, column 14
[DEFINE_Y2LOG] ../../src/inst/srcYUM/XMLNodeIterator.cc(errorHandler):240 XML syntax warning: Did not expect element file there
[DEFINE_Y2LOG] ../../src/inst/srcYUM/XMLNodeIterator.cc(errorHandler):240 at line 276, column 14
[DEFINE_Y2LOG] ../../src/inst/srcYUM/XMLNodeIterator.cc(errorHandler):240 XML syntax warning: Did not expect text in element  TODO  content
[DEFINE_Y2LOG] ../../src/inst/srcYUM/XMLNodeIterator.cc(errorHandler):240 at line 276, column 14
[DEFINE_Y2LOG] ../../src/inst/srcYUM/XMLNodeIterator.cc(errorHandler):240 XML syntax warning: Did not expect element file there
[DEFINE_Y2LOG] ../../src/inst/srcYUM/XMLNodeIterator.cc(errorHandler):240 at line 276, column 14
[DEFINE_Y2LOG] ../../src/inst/srcYUM/XMLNodeIterator.cc(errorHandler):240 XML syntax warning: Did not expect text in element  TODO  content
[DEFINE_Y2LOG] ../../src/inst/srcYUM/XMLNodeIterator.cc(errorHandler):240 at line 276, column 14
[DEFINE_Y2LOG] ../../src/inst/srcYUM/XMLNodeIterator.cc(errorHandler):240 XML syntax warning: Did not expect element file there
[DEFINE_Y2LOG] ../../src/inst/srcYUM/XMLNodeIterator.cc(errorHandler):240 at line 276, column 14
[DEFINE_Y2LOG] ../../src/inst/srcYUM/XMLNodeIterator.cc(errorHandler):240 XML syntax warning: Did not expect text in element  TODO  content
[DEFINE_Y2LOG] ../../src/inst/srcYUM/XMLNodeIterator.cc(errorHandler):240 at line 276, column 14
[DEFINE_Y2LOG] ../../src/inst/srcYUM/XMLNodeIterator.cc(errorHandler):240 XML syntax warning: Did not expect element file there
[DEFINE_Y2LOG] ../../src/inst/srcYUM/XMLNodeIterator.cc(errorHandler):240 at line 276, column 14
[DEFINE_Y2LOG] ../../src/inst/srcYUM/XMLNodeIterator.cc(errorHandler):240 XML syntax warning: Did not expect text in element  TODO  content
[DEFINE_Y2LOG] ../../src/inst/srcYUM/XMLNodeIterator.cc(errorHandler):240 at line 276, column 14
[DEFINE_Y2LOG] ../../src/inst/srcYUM/XMLNodeIterator.cc(errorHandler):240 XML syntax warning: Did not expect element file there
[DEFINE_Y2LOG] ../../src/inst/srcYUM/XMLNodeIterator.cc(errorHandler):240 at line 276, column 14
[DEFINE_Y2LOG] ../../src/inst/srcYUM/XMLNodeIterator.cc(errorHandler):240 XML syntax warning: Did not expect text in element  TODO  content
[DEFINE_Y2LOG] ../../src/inst/srcYUM/XMLNodeIterator.cc(errorHandler):240 at line 276, column 14
[DEFINE_Y2LOG] ../../src/inst/srcYUM/XMLNodeIterator.cc(errorHandler):240 XML syntax warning: Did not expect element file there
[DEFINE_Y2LOG] ../../src/inst/srcYUM/XMLNodeIterator.cc(errorHandler):240 at line 276, column 14
[DEFINE_Y2LOG] ../../src/inst/srcYUM/XMLNodeIterator.cc(errorHandler):240 XML syntax warning: Did not expect text in element  TODO  content
[DEFINE_Y2LOG] ../../src/inst/srcYUM/XMLNodeIterator.cc(errorHandler):240 at line 276, column 14
[DEFINE_Y2LOG] ../../src/inst/srcYUM/XMLNodeIterator.cc(errorHandler):240 XML syntax warning: Did not expect element file there
[DEFINE_Y2LOG] ../../src/inst/srcYUM/XMLNodeIterator.cc(errorHandler):240 at line 276, column 14
[DEFINE_Y2LOG] ../../src/inst/srcYUM/XMLNodeIterator.cc(errorHandler):240 XML syntax warning: Did not expect text in element  TODO  content
[DEFINE_Y2LOG] ../../src/inst/srcYUM/XMLNodeIterator.cc(errorHandler):240 at line 276, column 14
[DEFINE_Y2LOG] ../../src/inst/srcYUM/XMLNodeIterator.cc(errorHandler):240 XML syntax warning: Did not expect element file there
[DEFINE_Y2LOG] ../../src/inst/srcYUM/XMLNodeIterator.cc(errorHandler):240 at line 276, column 14
[DEFINE_Y2LOG] ../../src/inst/srcYUM/XMLNodeIterator.cc(errorHandler):240 XML syntax warning: Did not expect text in element  TODO  content
[DEFINE_Y2LOG] ../../src/inst/srcYUM/XMLNodeIterator.cc(errorHandler):240 at line 276, column 14
[DEFINE_Y2LOG] ../../src/inst/srcYUM/XMLNodeIterator.cc(errorHandler):240 XML syntax warning: Did not expect element package there
[DEFINE_Y2LOG] ../../src/inst/srcYUM/XMLNodeIterator.cc(errorHandler):240 at line 276, column 14
[DEFINE_Y2LOG] ../../src/inst/srcYUM/XMLNodeIterator.cc(errorHandler):240 XML syntax warning: Did not expect element name there
[DEFINE_Y2LOG] ../../src/inst/srcYUM/XMLNodeIterator.cc(errorHandler):240 at line 303, column 14
[DEFINE_Y2LOG] ../../src/inst/srcYUM/XMLNodeIterator.cc(errorHandler):240 XML syntax warning: Did not expect text in element  TODO  content
[DEFINE_Y2LOG] ../../src/inst/srcYUM/XMLNodeIterator.cc(errorHandler):240 at line 303, column 14
[DEFINE_Y2LOG] ../../src/inst/srcYUM/XMLNodeIterator.cc(errorHandler):240 XML syntax warning: Did not expect element arch there
[DEFINE_Y2LOG] ../../src/inst/srcYUM/XMLNodeIterator.cc(errorHandler):240 at line 303, column 14
[DEFINE_Y2LOG] ../../src/inst/srcYUM/XMLNodeIterator.cc(errorHandler):240 XML syntax warning: Did not expect text in element  TODO  content
[DEFINE_Y2LOG] ../../src/inst/srcYUM/XMLNodeIterator.cc(errorHandler):240 at line 303, column 14
[DEFINE_Y2LOG] ../../src/inst/srcYUM/XMLNodeIterator.cc(errorHandler):240 XML syntax warning: Did not expect element version there
[DEFINE_Y2LOG] ../../src/inst/srcYUM/XMLNodeIterator.cc(errorHandler):240 at line 303, column 14
[DEFINE_Y2LOG] ../../src/inst/srcYUM/XMLNodeIterator.cc(errorHandler):240 XML syntax warning: Did not expect element checksum there
[DEFINE_Y2LOG] ../../src/inst/srcYUM/XMLNodeIterator.cc(errorHandler):240 at line 303, column 14
[DEFINE_Y2LOG] ../../src/inst/srcYUM/XMLNodeIterator.cc(errorHandler):240 XML syntax warning: Did not expect text in element  TODO  content
[DEFINE_Y2LOG] ../../src/inst/srcYUM/XMLNodeIterator.cc(errorHandler):240 at line 303, column 14
[DEFINE_Y2LOG] ../../src/inst/srcYUM/XMLNodeIterator.cc(errorHandler):240 XML syntax warning: Did not expect element summary there
[DEFINE_Y2LOG] ../../src/inst/srcYUM/XMLNodeIterator.cc(errorHandler):240 at line 303, column 14
[DEFINE_Y2LOG] ../../src/inst/srcYUM/XMLNodeIterator.cc(errorHandler):240 XML syntax warning: Did not expect text in element  TODO  content
[DEFINE_Y2LOG] ../../src/inst/srcYUM/XMLNodeIterator.cc(errorHandler):240 at line 303, column 14
[DEFINE_Y2LOG] ../../src/inst/srcYUM/XMLNodeIterator.cc(errorHandler):240 XML syntax warning: Did not expect element description there
[DEFINE_Y2LOG] ../../src/inst/srcYUM/XMLNodeIterator.cc(errorHandler):240 at line 303, column 14
[DEFINE_Y2LOG] ../../src/inst/srcYUM/XMLNodeIterator.cc(errorHandler):240 XML syntax warning: Did not expect text in element  TODO  content
[DEFINE_Y2LOG] ../../src/inst/srcYUM/XMLNodeIterator.cc(errorHandler):240 at line 303, column 14
[DEFINE_Y2LOG] ../../src/inst/srcYUM/XMLNodeIterator.cc(errorHandler):240 XML syntax warning: Did not expect element packager there
[DEFINE_Y2LOG] ../../src/inst/srcYUM/XMLNodeIterator.cc(errorHandler):240 at line 303, column 14
[DEFINE_Y2LOG] ../../src/inst/srcYUM/XMLNodeIterator.cc(errorHandler):240 XML syntax warning: Did not expect element url there
[DEFINE_Y2LOG] ../../src/inst/srcYUM/XMLNodeIterator.cc(errorHandler):240 at line 303, column 14
[DEFINE_Y2LOG] ../../src/inst/srcYUM/XMLNodeIterator.cc(errorHandler):240 XML syntax warning: Did not expect element time there
[DEFINE_Y2LOG] ../../src/inst/srcYUM/XMLNodeIterator.cc(errorHandler):240 at line 303, column 14
[DEFINE_Y2LOG] ../../src/inst/srcYUM/XMLNodeIterator.cc(errorHandler):240 XML syntax warning: Did not expect element size there
[DEFINE_Y2LOG] ../../src/inst/srcYUM/XMLNodeIterator.cc(errorHandler):240 at line 303, column 14
[DEFINE_Y2LOG] ../../src/inst/srcYUM/XMLNodeIterator.cc(errorHandler):240 XML syntax warning: Did not expect element location there
[DEFINE_Y2LOG] ../../src/inst/srcYUM/XMLNodeIterator.cc(errorHandler):240 at line 303, column 14
[DEFINE_Y2LOG] ../../src/inst/srcYUM/XMLNodeIterator.cc(errorHandler):240 XML syntax warning: Did not expect element format there
[DEFINE_Y2LOG] ../../src/inst/srcYUM/XMLNodeIterator.cc(errorHandler):240 at line 303, column 14
[DEFINE_Y2LOG] ../../src/inst/srcYUM/XMLNodeIterator.cc(errorHandler):240 XML syntax warning: Did not expect element license there
[DEFINE_Y2LOG] ../../src/inst/srcYUM/XMLNodeIterator.cc(errorHandler):240 at line 303, column 14
[DEFINE_Y2LOG] ../../src/inst/srcYUM/XMLNodeIterator.cc(errorHandler):240 XML syntax warning: Did not expect text in element  TODO  content
[DEFINE_Y2LOG] ../../src/inst/srcYUM/XMLNodeIterator.cc(errorHandler):240 at line 303, column 14
[DEFINE_Y2LOG] ../../src/inst/srcYUM/XMLNodeIterator.cc(errorHandler):240 XML syntax warning: Did not expect element vendor there
[DEFINE_Y2LOG] ../../src/inst/srcYUM/XMLNodeIterator.cc(errorHandler):240 at line 303, column 14
[DEFINE_Y2LOG] ../../src/inst/srcYUM/XMLNodeIterator.cc(errorHandler):240 XML syntax warning: Did not expect element group there
[DEFINE_Y2LOG] ../../src/inst/srcYUM/XMLNodeIterator.cc(errorHandler):240 at line 303, column 14
[DEFINE_Y2LOG] ../../src/inst/srcYUM/XMLNodeIterator.cc(errorHandler):240 XML syntax warning: Did not expect text in element  TODO  content
[DEFINE_Y2LOG] ../../src/inst/srcYUM/XMLNodeIterator.cc(errorHandler):240 at line 303, column 14
[DEFINE_Y2LOG] ../../src/inst/srcYUM/XMLNodeIterator.cc(errorHandler):240 XML syntax warning: Did not expect element buildhost there
[DEFINE_Y2LOG] ../../src/inst/srcYUM/XMLNodeIterator.cc(errorHandler):240 at line 303, column 14
[DEFINE_Y2LOG] ../../src/inst/srcYUM/XMLNodeIterator.cc(errorHandler):240 XML syntax warning: Did not expect text in element  TODO  content
[DEFINE_Y2LOG] ../../src/inst/srcYUM/XMLNodeIterator.cc(errorHandler):240 at line 303, column 14
[DEFINE_Y2LOG] ../../src/inst/srcYUM/XMLNodeIterator.cc(errorHandler):240 XML syntax warning: Did not expect element sourcerpm there
[DEFINE_Y2LOG] ../../src/inst/srcYUM/XMLNodeIterator.cc(errorHandler):240 at line 303, column 14
[DEFINE_Y2LOG] ../../src/inst/srcYUM/XMLNodeIterator.cc(errorHandler):240 XML syntax warning: Did not expect element header-range there
[DEFINE_Y2LOG] ../../src/inst/srcYUM/XMLNodeIterator.cc(errorHandler):240 at line 303, column 14
[DEFINE_Y2LOG] ../../src/inst/srcYUM/XMLNodeIterator.cc(errorHandler):240 XML syntax warning: Did not expect element package there
[DEFINE_Y2LOG] ../../src/inst/srcYUM/XMLNodeIterator.cc(errorHandler):240 at line 303, column 14
[DEFINE_Y2LOG] ../../src/inst/srcYUM/XMLNodeIterator.cc(errorHandler):240 XML syntax warning: Did not expect element name there
[DEFINE_Y2LOG] ../../src/inst/srcYUM/XMLNodeIterator.cc(errorHandler):240 at line 327, column 22
[DEFINE_Y2LOG] ../../src/inst/srcYUM/XMLNodeIterator.cc(errorHandler):240 XML syntax warning: Did not expect text in element  TODO  content
[DEFINE_Y2LOG] ../../src/inst/srcYUM/XMLNodeIterator.cc(errorHandler):240 at line 327, column 22
[DEFINE_Y2LOG] ../../src/inst/srcYUM/XMLNodeIterator.cc(errorHandler):240 XML syntax warning: Did not expect element arch there
[DEFINE_Y2LOG] ../../src/inst/srcYUM/XMLNodeIterator.cc(errorHandler):240 at line 327, column 22
[DEFINE_Y2LOG] ../../src/inst/srcYUM/XMLNodeIterator.cc(errorHandler):240 XML syntax warning: Did not expect text in element  TODO  content
[DEFINE_Y2LOG] ../../src/inst/srcYUM/XMLNodeIterator.cc(errorHandler):240 at line 327, column 22
[DEFINE_Y2LOG] ../../src/inst/srcYUM/XMLNodeIterator.cc(errorHandler):240 XML syntax warning: Did not expect element version there
[DEFINE_Y2LOG] ../../src/inst/srcYUM/XMLNodeIterator.cc(errorHandler):240 at line 327, column 22
[DEFINE_Y2LOG] ../../src/inst/srcYUM/XMLNodeIterator.cc(errorHandler):240 XML syntax warning: Did not expect element checksum there
[DEFINE_Y2LOG] ../../src/inst/srcYUM/XMLNodeIterator.cc(errorHandler):240 at line 327, column 22
[DEFINE_Y2LOG] ../../src/inst/srcYUM/XMLNodeIterator.cc(errorHandler):240 XML syntax warning: Did not expect text in element  TODO  content
[DEFINE_Y2LOG] ../../src/inst/srcYUM/XMLNodeIterator.cc(errorHandler):240 at line 327, column 22
[DEFINE_Y2LOG] ../../src/inst/srcYUM/XMLNodeIterator.cc(errorHandler):240 XML syntax warning: Did not expect element summary there
[DEFINE_Y2LOG] ../../src/inst/srcYUM/XMLNodeIterator.cc(errorHandler):240 at line 327, column 22
[DEFINE_Y2LOG] ../../src/inst/srcYUM/XMLNodeIterator.cc(errorHandler):240 XML syntax warning: Did not expect text in element  TODO  content
[DEFINE_Y2LOG] ../../src/inst/srcYUM/XMLNodeIterator.cc(errorHandler):240 at line 327, column 22
[DEFINE_Y2LOG] ../../src/inst/srcYUM/XMLNodeIterator.cc(errorHandler):240 XML syntax warning: Did not expect element description there
[DEFINE_Y2LOG] ../../src/inst/srcYUM/XMLNodeIterator.cc(errorHandler):240 at line 327, column 22
[DEFINE_Y2LOG] ../../src/inst/srcYUM/XMLNodeIterator.cc(errorHandler):240 XML syntax warning: Did not expect text in element  TODO  content
[DEFINE_Y2LOG] ../../src/inst/srcYUM/XMLNodeIterator.cc(errorHandler):240 at line 327, column 22
[DEFINE_Y2LOG] ../../src/inst/srcYUM/XMLNodeIterator.cc(errorHandler):240 XML syntax warning: Did not expect element packager there
[DEFINE_Y2LOG] ../../src/inst/srcYUM/XMLNodeIterator.cc(errorHandler):240 at line 327, column 22
[DEFINE_Y2LOG] ../../src/inst/srcYUM/XMLNodeIterator.cc(errorHandler):240 XML syntax warning: Did not expect text in element  TODO  content
[DEFINE_Y2LOG] ../../src/inst/srcYUM/XMLNodeIterator.cc(errorHandler):240 at line 327, column 22
[DEFINE_Y2LOG] ../../src/inst/srcYUM/XMLNodeIterator.cc(errorHandler):240 XML syntax warning: Did not expect element url there
[DEFINE_Y2LOG] ../../src/inst/srcYUM/XMLNodeIterator.cc(errorHandler):240 at line 327, column 22
[DEFINE_Y2LOG] ../../src/inst/srcYUM/XMLNodeIterator.cc(errorHandler):240 XML syntax warning: Did not expect text in element  TODO  content
[DEFINE_Y2LOG] ../../src/inst/srcYUM/XMLNodeIterator.cc(errorHandler):240 at line 327, column 22
[DEFINE_Y2LOG] ../../src/inst/srcYUM/XMLNodeIterator.cc(errorHandler):240 XML syntax warning: Did not expect element time there
[DEFINE_Y2LOG] ../../src/inst/srcYUM/XMLNodeIterator.cc(errorHandler):240 at line 327, column 22
[DEFINE_Y2LOG] ../../src/inst/srcYUM/XMLNodeIterator.cc(errorHandler):240 XML syntax warning: Did not expect element size there
[DEFINE_Y2LOG] ../../src/inst/srcYUM/XMLNodeIterator.cc(errorHandler):240 at line 327, column 22
[DEFINE_Y2LOG] ../../src/inst/srcYUM/XMLNodeIterator.cc(errorHandler):240 XML syntax warning: Did not expect element location there
[DEFINE_Y2LOG] ../../src/inst/srcYUM/XMLNodeIterator.cc(errorHandler):240 at line 327, column 22
[DEFINE_Y2LOG] ../../src/inst/srcYUM/XMLNodeIterator.cc(errorHandler):240 XML syntax warning: Did not expect element format there
[DEFINE_Y2LOG] ../../src/inst/srcYUM/XMLNodeIterator.cc(errorHandler):240 at line 327, column 22
[DEFINE_Y2LOG] ../../src/inst/srcYUM/XMLNodeIterator.cc(errorHandler):240 XML syntax warning: Did not expect element license there
[DEFINE_Y2LOG] ../../src/inst/srcYUM/XMLNodeIterator.cc(errorHandler):240 at line 327, column 22
[DEFINE_Y2LOG] ../../src/inst/srcYUM/XMLNodeIterator.cc(errorHandler):240 XML syntax warning: Did not expect text in element  TODO  content
[DEFINE_Y2LOG] ../../src/inst/srcYUM/XMLNodeIterator.cc(errorHandler):240 at line 327, column 22
[DEFINE_Y2LOG] ../../src/inst/srcYUM/XMLNodeIterator.cc(errorHandler):240 XML syntax warning: Did not expect element vendor there
[DEFINE_Y2LOG] ../../src/inst/srcYUM/XMLNodeIterator.cc(errorHandler):240 at line 327, column 22
[DEFINE_Y2LOG] ../../src/inst/srcYUM/XMLNodeIterator.cc(errorHandler):240 XML syntax warning: Did not expect text in element  TODO  content
[DEFINE_Y2LOG] ../../src/inst/srcYUM/XMLNodeIterator.cc(errorHandler):240 at line 327, column 22
[DEFINE_Y2LOG] ../../src/inst/srcYUM/XMLNodeIterator.cc(errorHandler):240 XML syntax warning: Did not expect element group there
[DEFINE_Y2LOG] ../../src/inst/srcYUM/XMLNodeIterator.cc(errorHandler):240 at line 327, column 22
[DEFINE_Y2LOG] ../../src/inst/srcYUM/XMLNodeIterator.cc(errorHandler):240 XML syntax warning: Did not expect text in element  TODO  content
[DEFINE_Y2LOG] ../../src/inst/srcYUM/XMLNodeIterator.cc(errorHandler):240 at line 327, column 22
[DEFINE_Y2LOG] ../../src/inst/srcYUM/XMLNodeIterator.cc(errorHandler):240 XML syntax warning: Did not expect element buildhost there
[DEFINE_Y2LOG] ../../src/inst/srcYUM/XMLNodeIterator.cc(errorHandler):240 at line 327, column 22
[DEFINE_Y2LOG] ../../src/inst/srcYUM/XMLNodeIterator.cc(errorHandler):240 XML syntax warning: Did not expect text in element  TODO  content
[DEFINE_Y2LOG] ../../src/inst/srcYUM/XMLNodeIterator.cc(errorHandler):240 at line 327, column 22
[DEFINE_Y2LOG] ../../src/inst/srcYUM/XMLNodeIterator.cc(errorHandler):240 XML syntax warning: Did not expect element sourcerpm there
[DEFINE_Y2LOG] ../../src/inst/srcYUM/XMLNodeIterator.cc(errorHandler):240 at line 327, column 22
[DEFINE_Y2LOG] ../../src/inst/srcYUM/XMLNodeIterator.cc(errorHandler):240 XML syntax warning: Did not expect element header-range there
[DEFINE_Y2LOG] ../../src/inst/srcYUM/XMLNodeIterator.cc(errorHandler):240 at line 327, column 22
[DEFINE_Y2LOG] ../../src/inst/srcYUM/XMLNodeIterator.cc(errorHandler):240 XML syntax warning: Did not expect element package there
[DEFINE_Y2LOG] ../../src/inst/srcYUM/XMLNodeIterator.cc(errorHandler):240 at line 327, column 22
[DEFINE_Y2LOG] ../../src/inst/srcYUM/XMLNodeIterator.cc(errorHandler):240 XML syntax warning: Did not expect element name there
[DEFINE_Y2LOG] ../../src/inst/srcYUM/XMLNodeIterator.cc(errorHandler):240 at line 351, column 22
[DEFINE_Y2LOG] ../../src/inst/srcYUM/XMLNodeIterator.cc(errorHandler):240 XML syntax warning: Did not expect text in element  TODO  content
[DEFINE_Y2LOG] ../../src/inst/srcYUM/XMLNodeIterator.cc(errorHandler):240 at line 351, column 22
[DEFINE_Y2LOG] ../../src/inst/srcYUM/XMLNodeIterator.cc(errorHandler):240 XML syntax warning: Did not expect element arch there
[DEFINE_Y2LOG] ../../src/inst/srcYUM/XMLNodeIterator.cc(errorHandler):240 at line 351, column 22
[DEFINE_Y2LOG] ../../src/inst/srcYUM/XMLNodeIterator.cc(errorHandler):240 XML syntax warning: Did not expect text in element  TODO  content
[DEFINE_Y2LOG] ../../src/inst/srcYUM/XMLNodeIterator.cc(errorHandler):240 at line 351, column 22
[DEFINE_Y2LOG] ../../src/inst/srcYUM/XMLNodeIterator.cc(errorHandler):240 XML syntax warning: Did not expect element version there
[DEFINE_Y2LOG] ../../src/inst/srcYUM/XMLNodeIterator.cc(errorHandler):240 at line 351, column 22
[DEFINE_Y2LOG] ../../src/inst/srcYUM/XMLNodeIterator.cc(errorHandler):240 XML syntax warning: Did not expect element checksum there
[DEFINE_Y2LOG] ../../src/inst/srcYUM/XMLNodeIterator.cc(errorHandler):240 at line 351, column 22
[DEFINE_Y2LOG] ../../src/inst/srcYUM/XMLNodeIterator.cc(errorHandler):240 XML syntax warning: Did not expect text in element  TODO  content
[DEFINE_Y2LOG] ../../src/inst/srcYUM/XMLNodeIterator.cc(errorHandler):240 at line 351, column 22
[DEFINE_Y2LOG] ../../src/inst/srcYUM/XMLNodeIterator.cc(errorHandler):240 XML syntax warning: Did not expect element summary there
[DEFINE_Y2LOG] ../../src/inst/srcYUM/XMLNodeIterator.cc(errorHandler):240 at line 351, column 22
[DEFINE_Y2LOG] ../../src/inst/srcYUM/XMLNodeIterator.cc(errorHandler):240 XML syntax warning: Did not expect text in element  TODO  content
[DEFINE_Y2LOG] ../../src/inst/srcYUM/XMLNodeIterator.cc(errorHandler):240 at line 351, column 22
[DEFINE_Y2LOG] ../../src/inst/srcYUM/XMLNodeIterator.cc(errorHandler):240 XML syntax warning: Did not expect element description there
[DEFINE_Y2LOG] ../../src/inst/srcYUM/XMLNodeIterator.cc(errorHandler):240 at line 351, column 22
[DEFINE_Y2LOG] ../../src/inst/srcYUM/XMLNodeIterator.cc(errorHandler):240 XML syntax warning: Did not expect text in element  TODO  content
[DEFINE_Y2LOG] ../../src/inst/srcYUM/XMLNodeIterator.cc(errorHandler):240 at line 351, column 22
[DEFINE_Y2LOG] ../../src/inst/srcYUM/XMLNodeIterator.cc(errorHandler):240 XML syntax warning: Did not expect element packager there
[DEFINE_Y2LOG] ../../src/inst/srcYUM/XMLNodeIterator.cc(errorHandler):240 at line 351, column 22
[DEFINE_Y2LOG] ../../src/inst/srcYUM/XMLNodeIterator.cc(errorHandler):240 XML syntax warning: Did not expect element url there
[DEFINE_Y2LOG] ../../src/inst/srcYUM/XMLNodeIterator.cc(errorHandler):240 at line 351, column 22
[DEFINE_Y2LOG] ../../src/inst/srcYUM/XMLNodeIterator.cc(errorHandler):240 XML syntax warning: Did not expect element time there
[DEFINE_Y2LOG] ../../src/inst/srcYUM/XMLNodeIterator.cc(errorHandler):240 at line 351, column 22
[DEFINE_Y2LOG] ../../src/inst/srcYUM/XMLNodeIterator.cc(errorHandler):240 XML syntax warning: Did not expect element size there
[DEFINE_Y2LOG] ../../src/inst/srcYUM/XMLNodeIterator.cc(errorHandler):240 at line 351, column 22
[DEFINE_Y2LOG] ../../src/inst/srcYUM/XMLNodeIterator.cc(errorHandler):240 XML syntax warning: Did not expect element location there
[DEFINE_Y2LOG] ../../src/inst/srcYUM/XMLNodeIterator.cc(errorHandler):240 at line 351, column 22
[DEFINE_Y2LOG] ../../src/inst/srcYUM/XMLNodeIterator.cc(errorHandler):240 XML syntax warning: Did not expect element format there
[DEFINE_Y2LOG] ../../src/inst/srcYUM/XMLNodeIterator.cc(errorHandler):240 at line 351, column 22
[DEFINE_Y2LOG] ../../src/inst/srcYUM/XMLNodeIterator.cc(errorHandler):240 XML syntax warning: Did not expect element license there
[DEFINE_Y2LOG] ../../src/inst/srcYUM/XMLNodeIterator.cc(errorHandler):240 at line 351, column 22
[DEFINE_Y2LOG] ../../src/inst/srcYUM/XMLNodeIterator.cc(errorHandler):240 XML syntax warning: Did not expect text in element  TODO  content
[DEFINE_Y2LOG] ../../src/inst/srcYUM/XMLNodeIterator.cc(errorHandler):240 at line 351, column 22
[DEFINE_Y2LOG] ../../src/inst/srcYUM/XMLNodeIterator.cc(errorHandler):240 XML syntax warning: Did not expect element vendor there
[DEFINE_Y2LOG] ../../src/inst/srcYUM/XMLNodeIterator.cc(errorHandler):240 at line 351, column 22
[DEFINE_Y2LOG] ../../src/inst/srcYUM/XMLNodeIterator.cc(errorHandler):240 XML syntax warning: Did not expect element group there
[DEFINE_Y2LOG] ../../src/inst/srcYUM/XMLNodeIterator.cc(errorHandler):240 at line 351, column 22
[DEFINE_Y2LOG] ../../src/inst/srcYUM/XMLNodeIterator.cc(errorHandler):240 XML syntax warning: Did not expect text in element  TODO  content
[DEFINE_Y2LOG] ../../src/inst/srcYUM/XMLNodeIterator.cc(errorHandler):240 at line 351, column 22
[DEFINE_Y2LOG] ../../src/inst/srcYUM/XMLNodeIterator.cc(errorHandler):240 XML syntax warning: Did not expect element buildhost there
[DEFINE_Y2LOG] ../../src/inst/srcYUM/XMLNodeIterator.cc(errorHandler):240 at line 351, column 22
[DEFINE_Y2LOG] ../../src/inst/srcYUM/XMLNodeIterator.cc(errorHandler):240 XML syntax warning: Did not expect text in element  TODO  content
[DEFINE_Y2LOG] ../../src/inst/srcYUM/XMLNodeIterator.cc(errorHandler):240 at line 351, column 22
[DEFINE_Y2LOG] ../../src/inst/srcYUM/XMLNodeIterator.cc(errorHandler):240 XML syntax warning: Did not expect element sourcerpm there
[DEFINE_Y2LOG] ../../src/inst/srcYUM/XMLNodeIterator.cc(errorHandler):240 at line 351, column 22
[DEFINE_Y2LOG] ../../src/inst/srcYUM/XMLNodeIterator.cc(errorHandler):240 XML syntax warning: Did not expect element header-range there
[DEFINE_Y2LOG] ../../src/inst/srcYUM/XMLNodeIterator.cc(errorHandler):240 at line 351, column 22
[DEFINE_Y2LOG] ../../src/inst/srcYUM/XMLNodeIterator.cc(errorHandler):240 XML syntax warning: Did not expect element package there
[DEFINE_Y2LOG] ../../src/inst/srcYUM/XMLNodeIterator.cc(errorHandler):240 at line 351, column 22
[DEFINE_Y2LOG] ../../src/inst/srcYUM/XMLNodeIterator.cc(errorHandler):240 XML syntax warning: Did not expect element name there
[DEFINE_Y2LOG] ../../src/inst/srcYUM/XMLNodeIterator.cc(errorHandler):240 at line 376, column 1
[DEFINE_Y2LOG] ../../src/inst/srcYUM/XMLNodeIterator.cc(errorHandler):240 XML syntax warning: Did not expect text in element  TODO  content
[DEFINE_Y2LOG] ../../src/inst/srcYUM/XMLNodeIterator.cc(errorHandler):240 at line 376, column 1
[DEFINE_Y2LOG] ../../src/inst/srcYUM/XMLNodeIterator.cc(errorHandler):240 XML syntax warning: Did not expect element arch there
[DEFINE_Y2LOG] ../../src/inst/srcYUM/XMLNodeIterator.cc(errorHandler):240 at line 376, column 1
[DEFINE_Y2LOG] ../../src/inst/srcYUM/XMLNodeIterator.cc(errorHandler):240 XML syntax warning: Did not expect text in element  TODO  content
[DEFINE_Y2LOG] ../../src/inst/srcYUM/XMLNodeIterator.cc(errorHandler):240 at line 376, column 1
[DEFINE_Y2LOG] ../../src/inst/srcYUM/XMLNodeIterator.cc(errorHandler):240 XML syntax warning: Did not expect element version there
[DEFINE_Y2LOG] ../../src/inst/srcYUM/XMLNodeIterator.cc(errorHandler):240 at line 376, column 1
[DEFINE_Y2LOG] ../../src/inst/srcYUM/XMLNodeIterator.cc(errorHandler):240 XML syntax warning: Did not expect element checksum there
[DEFINE_Y2LOG] ../../src/inst/srcYUM/XMLNodeIterator.cc(errorHandler):240 at line 376, column 1
[DEFINE_Y2LOG] ../../src/inst/srcYUM/XMLNodeIterator.cc(errorHandler):240 XML syntax warning: Did not expect text in element  TODO  content
[DEFINE_Y2LOG] ../../src/inst/srcYUM/XMLNodeIterator.cc(errorHandler):240 at line 376, column 1
[DEFINE_Y2LOG] ../../src/inst/srcYUM/XMLNodeIterator.cc(errorHandler):240 XML syntax warning: Did not expect element summary there
[DEFINE_Y2LOG] ../../src/inst/srcYUM/XMLNodeIterator.cc(errorHandler):240 at line 376, column 1
[DEFINE_Y2LOG] ../../src/inst/srcYUM/XMLNodeIterator.cc(errorHandler):240 XML syntax warning: Did not expect text in element  TODO  content
[DEFINE_Y2LOG] ../../src/inst/srcYUM/XMLNodeIterator.cc(errorHandler):240 at line 376, column 1
[DEFINE_Y2LOG] ../../src/inst/srcYUM/XMLNodeIterator.cc(errorHandler):240 XML syntax warning: Did not expect element description there
[DEFINE_Y2LOG] ../../src/inst/srcYUM/XMLNodeIterator.cc(errorHandler):240 at line 376, column 1
[DEFINE_Y2LOG] ../../src/inst/srcYUM/XMLNodeIterator.cc(errorHandler):240 XML syntax warning: Did not expect text in element  TODO  content
[DEFINE_Y2LOG] ../../src/inst/srcYUM/XMLNodeIterator.cc(errorHandler):240 at line 376, column 1
[DEFINE_Y2LOG] ../../src/inst/srcYUM/XMLNodeIterator.cc(errorHandler):240 XML syntax warning: Did not expect element packager there
[DEFINE_Y2LOG] ../../src/inst/srcYUM/XMLNodeIterator.cc(errorHandler):240 at line 376, column 1
[DEFINE_Y2LOG] ../../src/inst/srcYUM/XMLNodeIterator.cc(errorHandler):240 XML syntax warning: Did not expect element url there
[DEFINE_Y2LOG] ../../src/inst/srcYUM/XMLNodeIterator.cc(errorHandler):240 at line 376, column 1
[DEFINE_Y2LOG] ../../src/inst/srcYUM/XMLNodeIterator.cc(errorHandler):240 XML syntax warning: Did not expect element time there
[DEFINE_Y2LOG] ../../src/inst/srcYUM/XMLNodeIterator.cc(errorHandler):240 at line 376, column 1
[DEFINE_Y2LOG] ../../src/inst/srcYUM/XMLNodeIterator.cc(errorHandler):240 XML syntax warning: Did not expect element size there
[DEFINE_Y2LOG] ../../src/inst/srcYUM/XMLNodeIterator.cc(errorHandler):240 at line 376, column 1
[DEFINE_Y2LOG] ../../src/inst/srcYUM/XMLNodeIterator.cc(errorHandler):240 XML syntax warning: Did not expect element location there
[DEFINE_Y2LOG] ../../src/inst/srcYUM/XMLNodeIterator.cc(errorHandler):240 at line 376, column 1
[DEFINE_Y2LOG] ../../src/inst/srcYUM/XMLNodeIterator.cc(errorHandler):240 XML syntax warning: Did not expect element format there
[DEFINE_Y2LOG] ../../src/inst/srcYUM/XMLNodeIterator.cc(errorHandler):240 at line 376, column 1
[DEFINE_Y2LOG] ../../src/inst/srcYUM/XMLNodeIterator.cc(errorHandler):240 XML syntax warning: Did not expect element license there
[DEFINE_Y2LOG] ../../src/inst/srcYUM/XMLNodeIterator.cc(errorHandler):240 at line 376, column 1
[DEFINE_Y2LOG] ../../src/inst/srcYUM/XMLNodeIterator.cc(errorHandler):240 XML syntax warning: Did not expect text in element  TODO  content
[DEFINE_Y2LOG] ../../src/inst/srcYUM/XMLNodeIterator.cc(errorHandler):240 at line 376, column 1
[DEFINE_Y2LOG] ../../src/inst/srcYUM/XMLNodeIterator.cc(errorHandler):240 XML syntax warning: Did not expect element vendor there
[DEFINE_Y2LOG] ../../src/inst/srcYUM/XMLNodeIterator.cc(errorHandler):240 at line 376, column 1
[DEFINE_Y2LOG] ../../src/inst/srcYUM/XMLNodeIterator.cc(errorHandler):240 XML syntax warning: Did not expect element group there
[DEFINE_Y2LOG] ../../src/inst/srcYUM/XMLNodeIterator.cc(errorHandler):240 at line 376, column 1
[DEFINE_Y2LOG] ../../src/inst/srcYUM/XMLNodeIterator.cc(errorHandler):240 XML syntax warning: Did not expect text in element  TODO  content
[DEFINE_Y2LOG] ../../src/inst/srcYUM/XMLNodeIterator.cc(errorHandler):240 at line 376, column 1
[DEFINE_Y2LOG] ../../src/inst/srcYUM/XMLNodeIterator.cc(errorHandler):240 XML syntax warning: Did not expect element buildhost there
[DEFINE_Y2LOG] ../../src/inst/srcYUM/XMLNodeIterator.cc(errorHandler):240 at line 376, column 1
[DEFINE_Y2LOG] ../../src/inst/srcYUM/XMLNodeIterator.cc(errorHandler):240 XML syntax warning: Did not expect text in element  TODO  content
[DEFINE_Y2LOG] ../../src/inst/srcYUM/XMLNodeIterator.cc(errorHandler):240 at line 376, column 1
[DEFINE_Y2LOG] ../../src/inst/srcYUM/XMLNodeIterator.cc(errorHandler):240 XML syntax warning: Did not expect element sourcerpm there
[DEFINE_Y2LOG] ../../src/inst/srcYUM/XMLNodeIterator.cc(errorHandler):240 at line 376, column 1
[DEFINE_Y2LOG] ../../src/inst/srcYUM/XMLNodeIterator.cc(errorHandler):240 XML syntax warning: Did not expect element header-range there
[DEFINE_Y2LOG] ../../src/inst/srcYUM/XMLNodeIterator.cc(errorHandler):240 at line 376, column 1
