[DEFINE_Y2LOG] ../../src/inst/srcYUM/XMLNodeIterator.cc(errorHandler):240 XML syntax warning: Did not expect element bla there
[DEFINE_Y2LOG] ../../src/inst/srcYUM/XMLNodeIterator.cc(errorHandler):240 at line 11, column 1
[DEFINE_Y2LOG] ../../src/inst/srcYUM/XMLNodeIterator.cc(errorHandler):240 XML syntax warning: Did not expect element package there
[DEFINE_Y2LOG] ../../src/inst/srcYUM/XMLNodeIterator.cc(errorHandler):240 at line 11, column 1
[DEFINE_Y2LOG] ../../src/inst/srcYUM/XMLNodeIterator.cc(errorHandler):240 XML syntax warning: Did not expect element version there
[DEFINE_Y2LOG] ../../src/inst/srcYUM/XMLNodeIterator.cc(errorHandler):240 at line 22, column 1
[DEFINE_Y2LOG] ../../src/inst/srcYUM/XMLNodeIterator.cc(errorHandler):240 XML syntax warning: Did not expect element package there
[DEFINE_Y2LOG] ../../src/inst/srcYUM/XMLNodeIterator.cc(errorHandler):240 at line 22, column 1
[DEFINE_Y2LOG] ../../src/inst/srcYUM/XMLNodeIterator.cc(errorHandler):240 XML syntax warning: Did not expect element version there
[DEFINE_Y2LOG] ../../src/inst/srcYUM/XMLNodeIterator.cc(errorHandler):240 at line 22, column 1
[DEFINE_Y2LOG] ../../src/inst/srcYUM/XMLNodeIterator.cc(errorHandler):240 XML syntax warning: Did not expect element package there
[DEFINE_Y2LOG] ../../src/inst/srcYUM/XMLNodeIterator.cc(errorHandler):240 at line 22, column 1
[DEFINE_Y2LOG] ../../src/inst/srcYUM/XMLNodeIterator.cc(errorHandler):240 XML syntax warning: Did not expect element version there
[DEFINE_Y2LOG] ../../src/inst/srcYUM/XMLNodeIterator.cc(errorHandler):240 at line 22, column 1
[DEFINE_Y2LOG] ../../src/inst/srcYUM/XMLNodeIterator.cc(errorHandler):240 XML syntax warning: Did not expect element package there
[DEFINE_Y2LOG] ../../src/inst/srcYUM/XMLNodeIterator.cc(errorHandler):240 at line 22, column 1
[DEFINE_Y2LOG] ../../src/inst/srcYUM/XMLNodeIterator.cc(errorHandler):240 XML syntax warning: Did not expect element version there
[DEFINE_Y2LOG] ../../src/inst/srcYUM/XMLNodeIterator.cc(errorHandler):240 at line 22, column 1
[DEFINE_Y2LOG] ../../src/inst/srcYUM/XMLNodeIterator.cc(errorHandler):240 XML syntax warning: Did not expect element package there
[DEFINE_Y2LOG] ../../src/inst/srcYUM/XMLNodeIterator.cc(errorHandler):240 at line 30, column 1
[DEFINE_Y2LOG] ../../src/inst/srcYUM/XMLNodeIterator.cc(errorHandler):240 XML syntax warning: Did not expect element version there
[DEFINE_Y2LOG] ../../src/inst/srcYUM/XMLNodeIterator.cc(errorHandler):240 at line 30, column 1
[DEFINE_Y2LOG] ../../src/inst/srcYUM/XMLNodeIterator.cc(errorHandler):240 XML syntax warning: Did not expect element package there
[DEFINE_Y2LOG] ../../src/inst/srcYUM/XMLNodeIterator.cc(errorHandler):240 at line 30, column 1
[DEFINE_Y2LOG] ../../src/inst/srcYUM/XMLNodeIterator.cc(errorHandler):240 XML syntax warning: Did not expect element version there
[DEFINE_Y2LOG] ../../src/inst/srcYUM/XMLNodeIterator.cc(errorHandler):240 at line 30, column 1
