[packagemanager] XMLNodeIterator.cc(errorHandler):235 libxml2 error reporting defect, got '%s' as message
[packagemanager] XMLNodeIterator.cc(errorHandler):240 XML syntax warning: Did not expect element authors there
[packagemanager] XMLNodeIterator.cc(errorHandler):240 at line 171, column 14
[packagemanager] XMLNodeIterator.cc(errorHandler):235 libxml2 error reporting defect, got '%s' as message
[packagemanager] XMLNodeIterator.cc(errorHandler):240 XML syntax warning: Did not expect element author there
[packagemanager] XMLNodeIterator.cc(errorHandler):240 at line 171, column 14
[packagemanager] XMLNodeIterator.cc(errorHandler):235 libxml2 error reporting defect, got '%s' as message
[packagemanager] XMLNodeIterator.cc(errorHandler):240 XML syntax warning: Did not expect text in element  TODO  content
[packagemanager] XMLNodeIterator.cc(errorHandler):240 at line 171, column 14
[packagemanager] XMLNodeIterator.cc(errorHandler):235 libxml2 error reporting defect, got '%s' as message
[packagemanager] XMLNodeIterator.cc(errorHandler):240 XML syntax warning: Did not expect element author there
[packagemanager] XMLNodeIterator.cc(errorHandler):240 at line 171, column 14
[packagemanager] XMLNodeIterator.cc(errorHandler):235 libxml2 error reporting defect, got '%s' as message
[packagemanager] XMLNodeIterator.cc(errorHandler):240 XML syntax warning: Did not expect text in element  TODO  content
[packagemanager] XMLNodeIterator.cc(errorHandler):240 at line 171, column 14
[packagemanager] XMLNodeIterator.cc(errorHandler):235 libxml2 error reporting defect, got '%s' as message
[packagemanager] XMLNodeIterator.cc(errorHandler):240 XML syntax warning: Did not expect element keywords there
[packagemanager] XMLNodeIterator.cc(errorHandler):240 at line 171, column 14
[packagemanager] XMLNodeIterator.cc(errorHandler):235 libxml2 error reporting defect, got '%s' as message
[packagemanager] XMLNodeIterator.cc(errorHandler):240 XML syntax warning: Did not expect element keyword there
[packagemanager] XMLNodeIterator.cc(errorHandler):240 at line 171, column 14
[packagemanager] XMLNodeIterator.cc(errorHandler):235 libxml2 error reporting defect, got '%s' as message
[packagemanager] XMLNodeIterator.cc(errorHandler):240 XML syntax warning: Did not expect text in element  TODO  content
[packagemanager] XMLNodeIterator.cc(errorHandler):240 at line 171, column 14
[packagemanager] XMLNodeIterator.cc(errorHandler):235 libxml2 error reporting defect, got '%s' as message
[packagemanager] XMLNodeIterator.cc(errorHandler):240 XML syntax warning: Did not expect element keyword there
[packagemanager] XMLNodeIterator.cc(errorHandler):240 at line 171, column 14
[packagemanager] XMLNodeIterator.cc(errorHandler):235 libxml2 error reporting defect, got '%s' as message
[packagemanager] XMLNodeIterator.cc(errorHandler):240 XML syntax warning: Did not expect text in element  TODO  content
[packagemanager] XMLNodeIterator.cc(errorHandler):240 at line 171, column 14
[packagemanager] XMLNodeIterator.cc(errorHandler):235 libxml2 error reporting defect, got '%s' as message
[packagemanager] XMLNodeIterator.cc(errorHandler):240 XML syntax warning: Did not expect element media there
[packagemanager] XMLNodeIterator.cc(errorHandler):240 at line 171, column 14
[packagemanager] XMLNodeIterator.cc(errorHandler):235 libxml2 error reporting defect, got '%s' as message
[packagemanager] XMLNodeIterator.cc(errorHandler):240 XML syntax warning: Did not expect element dirsizes there
[packagemanager] XMLNodeIterator.cc(errorHandler):240 at line 171, column 14
[packagemanager] XMLNodeIterator.cc(errorHandler):235 libxml2 error reporting defect, got '%s' as message
[packagemanager] XMLNodeIterator.cc(errorHandler):240 XML syntax warning: Did not expect element dirsize there
[packagemanager] XMLNodeIterator.cc(errorHandler):240 at line 171, column 14
[packagemanager] XMLNodeIterator.cc(errorHandler):235 libxml2 error reporting defect, got '%s' as message
[packagemanager] XMLNodeIterator.cc(errorHandler):240 XML syntax warning: Did not expect element dirsize there
[packagemanager] XMLNodeIterator.cc(errorHandler):240 at line 171, column 14
[packagemanager] XMLNodeIterator.cc(errorHandler):235 libxml2 error reporting defect, got '%s' as message
[packagemanager] XMLNodeIterator.cc(errorHandler):240 XML syntax warning: Did not expect element freshen there
[packagemanager] XMLNodeIterator.cc(errorHandler):240 at line 171, column 14
[packagemanager] XMLNodeIterator.cc(errorHandler):235 libxml2 error reporting defect, got '%s' as message
[packagemanager] XMLNodeIterator.cc(errorHandler):240 XML syntax warning: Did not expect element entry there
[packagemanager] XMLNodeIterator.cc(errorHandler):240 at line 171, column 14
[packagemanager] XMLNodeIterator.cc(errorHandler):235 libxml2 error reporting defect, got '%s' as message
[packagemanager] XMLNodeIterator.cc(errorHandler):240 XML syntax warning: Did not expect element entry there
[packagemanager] XMLNodeIterator.cc(errorHandler):240 at line 171, column 14
[packagemanager] XMLNodeIterator.cc(errorHandler):235 libxml2 error reporting defect, got '%s' as message
[packagemanager] XMLNodeIterator.cc(errorHandler):240 XML syntax warning: Did not expect element install_only there
[packagemanager] XMLNodeIterator.cc(errorHandler):240 at line 171, column 14
[packagemanager] XMLNodeIterator.cc(errorHandler):235 libxml2 error reporting defect, got '%s' as message
[packagemanager] XMLNodeIterator.cc(errorHandler):240 XML syntax warning: Did not expect element package there
[packagemanager] XMLNodeIterator.cc(errorHandler):240 at line 171, column 14
[packagemanager] XMLNodeIterator.cc(errorHandler):235 libxml2 error reporting defect, got '%s' as message
[packagemanager] XMLNodeIterator.cc(errorHandler):240 XML syntax warning: Did not expect element name there
[packagemanager] XMLNodeIterator.cc(errorHandler):240 at line 276, column 14
[packagemanager] XMLNodeIterator.cc(errorHandler):235 libxml2 error reporting defect, got '%s' as message
[packagemanager] XMLNodeIterator.cc(errorHandler):240 XML syntax warning: Did not expect text in element  TODO  content
[packagemanager] XMLNodeIterator.cc(errorHandler):240 at line 276, column 14
[packagemanager] XMLNodeIterator.cc(errorHandler):235 libxml2 error reporting defect, got '%s' as message
[packagemanager] XMLNodeIterator.cc(errorHandler):240 XML syntax warning: Did not expect element arch there
[packagemanager] XMLNodeIterator.cc(errorHandler):240 at line 276, column 14
[packagemanager] XMLNodeIterator.cc(errorHandler):235 libxml2 error reporting defect, got '%s' as message
[packagemanager] XMLNodeIterator.cc(errorHandler):240 XML syntax warning: Did not expect text in element  TODO  content
[packagemanager] XMLNodeIterator.cc(errorHandler):240 at line 276, column 14
[packagemanager] XMLNodeIterator.cc(errorHandler):235 libxml2 error reporting defect, got '%s' as message
[packagemanager] XMLNodeIterator.cc(errorHandler):240 XML syntax warning: Did not expect element version there
[packagemanager] XMLNodeIterator.cc(errorHandler):240 at line 276, column 14
[packagemanager] XMLNodeIterator.cc(errorHandler):235 libxml2 error reporting defect, got '%s' as message
[packagemanager] XMLNodeIterator.cc(errorHandler):240 XML syntax warning: Did not expect element checksum there
[packagemanager] XMLNodeIterator.cc(errorHandler):240 at line 276, column 14
[packagemanager] XMLNodeIterator.cc(errorHandler):235 libxml2 error reporting defect, got '%s' as message
[packagemanager] XMLNodeIterator.cc(errorHandler):240 XML syntax warning: Did not expect text in element  TODO  content
[packagemanager] XMLNodeIterator.cc(errorHandler):240 at line 276, column 14
[packagemanager] XMLNodeIterator.cc(errorHandler):235 libxml2 error reporting defect, got '%s' as message
[packagemanager] XMLNodeIterator.cc(errorHandler):240 XML syntax warning: Did not expect element summary there
[packagemanager] XMLNodeIterator.cc(errorHandler):240 at line 276, column 14
[packagemanager] XMLNodeIterator.cc(errorHandler):235 libxml2 error reporting defect, got '%s' as message
[packagemanager] XMLNodeIterator.cc(errorHandler):240 XML syntax warning: Did not expect text in element  TODO  content
[packagemanager] XMLNodeIterator.cc(errorHandler):240 at line 276, column 14
[packagemanager] XMLNodeIterator.cc(errorHandler):235 libxml2 error reporting defect, got '%s' as message
[packagemanager] XMLNodeIterator.cc(errorHandler):240 XML syntax warning: Did not expect element description there
[packagemanager] XMLNodeIterator.cc(errorHandler):240 at line 276, column 14
[packagemanager] XMLNodeIterator.cc(errorHandler):235 libxml2 error reporting defect, got '%s' as message
[packagemanager] XMLNodeIterator.cc(errorHandler):240 XML syntax warning: Did not expect text in element  TODO  content
[packagemanager] XMLNodeIterator.cc(errorHandler):240 at line 276, column 14
[packagemanager] XMLNodeIterator.cc(errorHandler):235 libxml2 error reporting defect, got '%s' as message
[packagemanager] XMLNodeIterator.cc(errorHandler):240 XML syntax warning: Did not expect element packager there
[packagemanager] XMLNodeIterator.cc(errorHandler):240 at line 276, column 14
[packagemanager] XMLNodeIterator.cc(errorHandler):235 libxml2 error reporting defect, got '%s' as message
[packagemanager] XMLNodeIterator.cc(errorHandler):240 XML syntax warning: Did not expect element url there
[packagemanager] XMLNodeIterator.cc(errorHandler):240 at line 276, column 14
[packagemanager] XMLNodeIterator.cc(errorHandler):235 libxml2 error reporting defect, got '%s' as message
[packagemanager] XMLNodeIterator.cc(errorHandler):240 XML syntax warning: Did not expect element time there
[packagemanager] XMLNodeIterator.cc(errorHandler):240 at line 276, column 14
[packagemanager] XMLNodeIterator.cc(errorHandler):235 libxml2 error reporting defect, got '%s' as message
[packagemanager] XMLNodeIterator.cc(errorHandler):240 XML syntax warning: Did not expect element size there
[packagemanager] XMLNodeIterator.cc(errorHandler):240 at line 276, column 14
[packagemanager] XMLNodeIterator.cc(errorHandler):235 libxml2 error reporting defect, got '%s' as message
[packagemanager] XMLNodeIterator.cc(errorHandler):240 XML syntax warning: Did not expect element location there
[packagemanager] XMLNodeIterator.cc(errorHandler):240 at line 276, column 14
[packagemanager] XMLNodeIterator.cc(errorHandler):235 libxml2 error reporting defect, got '%s' as message
[packagemanager] XMLNodeIterator.cc(errorHandler):240 XML syntax warning: Did not expect element format there
[packagemanager] XMLNodeIterator.cc(errorHandler):240 at line 276, column 14
[packagemanager] XMLNodeIterator.cc(errorHandler):235 libxml2 error reporting defect, got '%s' as message
[packagemanager] XMLNodeIterator.cc(errorHandler):240 XML syntax warning: Did not expect element license there
[packagemanager] XMLNodeIterator.cc(errorHandler):240 at line 276, column 14
[packagemanager] XMLNodeIterator.cc(errorHandler):235 libxml2 error reporting defect, got '%s' as message
[packagemanager] XMLNodeIterator.cc(errorHandler):240 XML syntax warning: Did not expect text in element  TODO  content
[packagemanager] XMLNodeIterator.cc(errorHandler):240 at line 276, column 14
[packagemanager] XMLNodeIterator.cc(errorHandler):235 libxml2 error reporting defect, got '%s' as message
[packagemanager] XMLNodeIterator.cc(errorHandler):240 XML syntax warning: Did not expect element vendor there
[packagemanager] XMLNodeIterator.cc(errorHandler):240 at line 276, column 14
[packagemanager] XMLNodeIterator.cc(errorHandler):235 libxml2 error reporting defect, got '%s' as message
[packagemanager] XMLNodeIterator.cc(errorHandler):240 XML syntax warning: Did not expect element group there
[packagemanager] XMLNodeIterator.cc(errorHandler):240 at line 276, column 14
[packagemanager] XMLNodeIterator.cc(errorHandler):235 libxml2 error reporting defect, got '%s' as message
[packagemanager] XMLNodeIterator.cc(errorHandler):240 XML syntax warning: Did not expect text in element  TODO  content
[packagemanager] XMLNodeIterator.cc(errorHandler):240 at line 276, column 14
[packagemanager] XMLNodeIterator.cc(errorHandler):235 libxml2 error reporting defect, got '%s' as message
[packagemanager] XMLNodeIterator.cc(errorHandler):240 XML syntax warning: Did not expect element buildhost there
[packagemanager] XMLNodeIterator.cc(errorHandler):240 at line 276, column 14
[packagemanager] XMLNodeIterator.cc(errorHandler):235 libxml2 error reporting defect, got '%s' as message
[packagemanager] XMLNodeIterator.cc(errorHandler):240 XML syntax warning: Did not expect text in element  TODO  content
[packagemanager] XMLNodeIterator.cc(errorHandler):240 at line 276, column 14
[packagemanager] XMLNodeIterator.cc(errorHandler):235 libxml2 error reporting defect, got '%s' as message
[packagemanager] XMLNodeIterator.cc(errorHandler):240 XML syntax warning: Did not expect element sourcerpm there
[packagemanager] XMLNodeIterator.cc(errorHandler):240 at line 276, column 14
[packagemanager] XMLNodeIterator.cc(errorHandler):235 libxml2 error reporting defect, got '%s' as message
[packagemanager] XMLNodeIterator.cc(errorHandler):240 XML syntax warning: Did not expect text in element  TODO  content
[packagemanager] XMLNodeIterator.cc(errorHandler):240 at line 276, column 14
[packagemanager] XMLNodeIterator.cc(errorHandler):235 libxml2 error reporting defect, got '%s' as message
[packagemanager] XMLNodeIterator.cc(errorHandler):240 XML syntax warning: Did not expect element header-range there
[packagemanager] XMLNodeIterator.cc(errorHandler):240 at line 276, column 14
[packagemanager] XMLNodeIterator.cc(errorHandler):235 libxml2 error reporting defect, got '%s' as message
[packagemanager] XMLNodeIterator.cc(errorHandler):240 XML syntax warning: Did not expect element provides there
[packagemanager] XMLNodeIterator.cc(errorHandler):240 at line 276, column 14
[packagemanager] XMLNodeIterator.cc(errorHandler):235 libxml2 error reporting defect, got '%s' as message
[packagemanager] XMLNodeIterator.cc(errorHandler):240 XML syntax warning: Did not expect element entry there
[packagemanager] XMLNodeIterator.cc(errorHandler):240 at line 276, column 14
[packagemanager] XMLNodeIterator.cc(errorHandler):235 libxml2 error reporting defect, got '%s' as message
[packagemanager] XMLNodeIterator.cc(errorHandler):240 XML syntax warning: Did not expect element entry there
[packagemanager] XMLNodeIterator.cc(errorHandler):240 at line 276, column 14
[packagemanager] XMLNodeIterator.cc(errorHandler):235 libxml2 error reporting defect, got '%s' as message
[packagemanager] XMLNodeIterator.cc(errorHandler):240 XML syntax warning: Did not expect element requires there
[packagemanager] XMLNodeIterator.cc(errorHandler):240 at line 276, column 14
[packagemanager] XMLNodeIterator.cc(errorHandler):235 libxml2 error reporting defect, got '%s' as message
[packagemanager] XMLNodeIterator.cc(errorHandler):240 XML syntax warning: Did not expect element entry there
[packagemanager] XMLNodeIterator.cc(errorHandler):240 at line 276, column 14
[packagemanager] XMLNodeIterator.cc(errorHandler):235 libxml2 error reporting defect, got '%s' as message
[packagemanager] XMLNodeIterator.cc(errorHandler):240 XML syntax warning: Did not expect element entry there
[packagemanager] XMLNodeIterator.cc(errorHandler):240 at line 276, column 14
[packagemanager] XMLNodeIterator.cc(errorHandler):235 libxml2 error reporting defect, got '%s' as message
[packagemanager] XMLNodeIterator.cc(errorHandler):240 XML syntax warning: Did not expect element entry there
[packagemanager] XMLNodeIterator.cc(errorHandler):240 at line 276, column 14
[packagemanager] XMLNodeIterator.cc(errorHandler):235 libxml2 error reporting defect, got '%s' as message
[packagemanager] XMLNodeIterator.cc(errorHandler):240 XML syntax warning: Did not expect element entry there
[packagemanager] XMLNodeIterator.cc(errorHandler):240 at line 276, column 14
[packagemanager] XMLNodeIterator.cc(errorHandler):235 libxml2 error reporting defect, got '%s' as message
[packagemanager] XMLNodeIterator.cc(errorHandler):240 XML syntax warning: Did not expect element entry there
[packagemanager] XMLNodeIterator.cc(errorHandler):240 at line 276, column 14
[packagemanager] XMLNodeIterator.cc(errorHandler):235 libxml2 error reporting defect, got '%s' as message
[packagemanager] XMLNodeIterator.cc(errorHandler):240 XML syntax warning: Did not expect element entry there
[packagemanager] XMLNodeIterator.cc(errorHandler):240 at line 276, column 14
[packagemanager] XMLNodeIterator.cc(errorHandler):235 libxml2 error reporting defect, got '%s' as message
[packagemanager] XMLNodeIterator.cc(errorHandler):240 XML syntax warning: Did not expect element entry there
[packagemanager] XMLNodeIterator.cc(errorHandler):240 at line 276, column 14
[packagemanager] XMLNodeIterator.cc(errorHandler):235 libxml2 error reporting defect, got '%s' as message
[packagemanager] XMLNodeIterator.cc(errorHandler):240 XML syntax warning: Did not expect element entry there
[packagemanager] XMLNodeIterator.cc(errorHandler):240 at line 276, column 14
[packagemanager] XMLNodeIterator.cc(errorHandler):235 libxml2 error reporting defect, got '%s' as message
[packagemanager] XMLNodeIterator.cc(errorHandler):240 XML syntax warning: Did not expect element entry there
[packagemanager] XMLNodeIterator.cc(errorHandler):240 at line 276, column 14
[packagemanager] XMLNodeIterator.cc(errorHandler):235 libxml2 error reporting defect, got '%s' as message
[packagemanager] XMLNodeIterator.cc(errorHandler):240 XML syntax warning: Did not expect element entry there
[packagemanager] XMLNodeIterator.cc(errorHandler):240 at line 276, column 14
[packagemanager] XMLNodeIterator.cc(errorHandler):235 libxml2 error reporting defect, got '%s' as message
[packagemanager] XMLNodeIterator.cc(errorHandler):240 XML syntax warning: Did not expect element entry there
[packagemanager] XMLNodeIterator.cc(errorHandler):240 at line 276, column 14
[packagemanager] XMLNodeIterator.cc(errorHandler):235 libxml2 error reporting defect, got '%s' as message
[packagemanager] XMLNodeIterator.cc(errorHandler):240 XML syntax warning: Did not expect element entry there
[packagemanager] XMLNodeIterator.cc(errorHandler):240 at line 276, column 14
[packagemanager] XMLNodeIterator.cc(errorHandler):235 libxml2 error reporting defect, got '%s' as message
[packagemanager] XMLNodeIterator.cc(errorHandler):240 XML syntax warning: Did not expect element entry there
[packagemanager] XMLNodeIterator.cc(errorHandler):240 at line 276, column 14
[packagemanager] XMLNodeIterator.cc(errorHandler):235 libxml2 error reporting defect, got '%s' as message
[packagemanager] XMLNodeIterator.cc(errorHandler):240 XML syntax warning: Did not expect element entry there
[packagemanager] XMLNodeIterator.cc(errorHandler):240 at line 276, column 14
[packagemanager] XMLNodeIterator.cc(errorHandler):235 libxml2 error reporting defect, got '%s' as message
[packagemanager] XMLNodeIterator.cc(errorHandler):240 XML syntax warning: Did not expect element entry there
[packagemanager] XMLNodeIterator.cc(errorHandler):240 at line 276, column 14
[packagemanager] XMLNodeIterator.cc(errorHandler):235 libxml2 error reporting defect, got '%s' as message
[packagemanager] XMLNodeIterator.cc(errorHandler):240 XML syntax warning: Did not expect element entry there
[packagemanager] XMLNodeIterator.cc(errorHandler):240 at line 276, column 14
[packagemanager] XMLNodeIterator.cc(errorHandler):235 libxml2 error reporting defect, got '%s' as message
[packagemanager] XMLNodeIterator.cc(errorHandler):240 XML syntax warning: Did not expect element entry there
[packagemanager] XMLNodeIterator.cc(errorHandler):240 at line 276, column 14
[packagemanager] XMLNodeIterator.cc(errorHandler):235 libxml2 error reporting defect, got '%s' as message
[packagemanager] XMLNodeIterator.cc(errorHandler):240 XML syntax warning: Did not expect element entry there
[packagemanager] XMLNodeIterator.cc(errorHandler):240 at line 276, column 14
[packagemanager] XMLNodeIterator.cc(errorHandler):235 libxml2 error reporting defect, got '%s' as message
[packagemanager] XMLNodeIterator.cc(errorHandler):240 XML syntax warning: Did not expect element entry there
[packagemanager] XMLNodeIterator.cc(errorHandler):240 at line 276, column 14
[packagemanager] XMLNodeIterator.cc(errorHandler):235 libxml2 error reporting defect, got '%s' as message
[packagemanager] XMLNodeIterator.cc(errorHandler):240 XML syntax warning: Did not expect element entry there
[packagemanager] XMLNodeIterator.cc(errorHandler):240 at line 276, column 14
[packagemanager] XMLNodeIterator.cc(errorHandler):235 libxml2 error reporting defect, got '%s' as message
[packagemanager] XMLNodeIterator.cc(errorHandler):240 XML syntax warning: Did not expect element entry there
[packagemanager] XMLNodeIterator.cc(errorHandler):240 at line 276, column 14
[packagemanager] XMLNodeIterator.cc(errorHandler):235 libxml2 error reporting defect, got '%s' as message
[packagemanager] XMLNodeIterator.cc(errorHandler):240 XML syntax warning: Did not expect element entry there
[packagemanager] XMLNodeIterator.cc(errorHandler):240 at line 276, column 14
[packagemanager] XMLNodeIterator.cc(errorHandler):235 libxml2 error reporting defect, got '%s' as message
[packagemanager] XMLNodeIterator.cc(errorHandler):240 XML syntax warning: Did not expect element file there
[packagemanager] XMLNodeIterator.cc(errorHandler):240 at line 276, column 14
[packagemanager] XMLNodeIterator.cc(errorHandler):235 libxml2 error reporting defect, got '%s' as message
[packagemanager] XMLNodeIterator.cc(errorHandler):240 XML syntax warning: Did not expect text in element  TODO  content
[packagemanager] XMLNodeIterator.cc(errorHandler):240 at line 276, column 14
[packagemanager] XMLNodeIterator.cc(errorHandler):235 libxml2 error reporting defect, got '%s' as message
[packagemanager] XMLNodeIterator.cc(errorHandler):240 XML syntax warning: Did not expect element file there
[packagemanager] XMLNodeIterator.cc(errorHandler):240 at line 276, column 14
[packagemanager] XMLNodeIterator.cc(errorHandler):235 libxml2 error reporting defect, got '%s' as message
[packagemanager] XMLNodeIterator.cc(errorHandler):240 XML syntax warning: Did not expect text in element  TODO  content
[packagemanager] XMLNodeIterator.cc(errorHandler):240 at line 276, column 14
[packagemanager] XMLNodeIterator.cc(errorHandler):235 libxml2 error reporting defect, got '%s' as message
[packagemanager] XMLNodeIterator.cc(errorHandler):240 XML syntax warning: Did not expect element file there
[packagemanager] XMLNodeIterator.cc(errorHandler):240 at line 276, column 14
[packagemanager] XMLNodeIterator.cc(errorHandler):235 libxml2 error reporting defect, got '%s' as message
[packagemanager] XMLNodeIterator.cc(errorHandler):240 XML syntax warning: Did not expect text in element  TODO  content
[packagemanager] XMLNodeIterator.cc(errorHandler):240 at line 276, column 14
[packagemanager] XMLNodeIterator.cc(errorHandler):235 libxml2 error reporting defect, got '%s' as message
[packagemanager] XMLNodeIterator.cc(errorHandler):240 XML syntax warning: Did not expect element file there
[packagemanager] XMLNodeIterator.cc(errorHandler):240 at line 276, column 14
[packagemanager] XMLNodeIterator.cc(errorHandler):235 libxml2 error reporting defect, got '%s' as message
[packagemanager] XMLNodeIterator.cc(errorHandler):240 XML syntax warning: Did not expect text in element  TODO  content
[packagemanager] XMLNodeIterator.cc(errorHandler):240 at line 276, column 14
[packagemanager] XMLNodeIterator.cc(errorHandler):235 libxml2 error reporting defect, got '%s' as message
[packagemanager] XMLNodeIterator.cc(errorHandler):240 XML syntax warning: Did not expect element file there
[packagemanager] XMLNodeIterator.cc(errorHandler):240 at line 276, column 14
[packagemanager] XMLNodeIterator.cc(errorHandler):235 libxml2 error reporting defect, got '%s' as message
[packagemanager] XMLNodeIterator.cc(errorHandler):240 XML syntax warning: Did not expect text in element  TODO  content
[packagemanager] XMLNodeIterator.cc(errorHandler):240 at line 276, column 14
[packagemanager] XMLNodeIterator.cc(errorHandler):235 libxml2 error reporting defect, got '%s' as message
[packagemanager] XMLNodeIterator.cc(errorHandler):240 XML syntax warning: Did not expect element file there
[packagemanager] XMLNodeIterator.cc(errorHandler):240 at line 276, column 14
[packagemanager] XMLNodeIterator.cc(errorHandler):235 libxml2 error reporting defect, got '%s' as message
[packagemanager] XMLNodeIterator.cc(errorHandler):240 XML syntax warning: Did not expect text in element  TODO  content
[packagemanager] XMLNodeIterator.cc(errorHandler):240 at line 276, column 14
[packagemanager] XMLNodeIterator.cc(errorHandler):235 libxml2 error reporting defect, got '%s' as message
[packagemanager] XMLNodeIterator.cc(errorHandler):240 XML syntax warning: Did not expect element file there
[packagemanager] XMLNodeIterator.cc(errorHandler):240 at line 276, column 14
[packagemanager] XMLNodeIterator.cc(errorHandler):235 libxml2 error reporting defect, got '%s' as message
[packagemanager] XMLNodeIterator.cc(errorHandler):240 XML syntax warning: Did not expect text in element  TODO  content
[packagemanager] XMLNodeIterator.cc(errorHandler):240 at line 276, column 14
[packagemanager] XMLNodeIterator.cc(errorHandler):235 libxml2 error reporting defect, got '%s' as message
[packagemanager] XMLNodeIterator.cc(errorHandler):240 XML syntax warning: Did not expect element file there
[packagemanager] XMLNodeIterator.cc(errorHandler):240 at line 276, column 14
[packagemanager] XMLNodeIterator.cc(errorHandler):235 libxml2 error reporting defect, got '%s' as message
[packagemanager] XMLNodeIterator.cc(errorHandler):240 XML syntax warning: Did not expect text in element  TODO  content
[packagemanager] XMLNodeIterator.cc(errorHandler):240 at line 276, column 14
[packagemanager] XMLNodeIterator.cc(errorHandler):235 libxml2 error reporting defect, got '%s' as message
[packagemanager] XMLNodeIterator.cc(errorHandler):240 XML syntax warning: Did not expect element file there
[packagemanager] XMLNodeIterator.cc(errorHandler):240 at line 276, column 14
[packagemanager] XMLNodeIterator.cc(errorHandler):235 libxml2 error reporting defect, got '%s' as message
[packagemanager] XMLNodeIterator.cc(errorHandler):240 XML syntax warning: Did not expect text in element  TODO  content
[packagemanager] XMLNodeIterator.cc(errorHandler):240 at line 276, column 14
[packagemanager] XMLNodeIterator.cc(errorHandler):235 libxml2 error reporting defect, got '%s' as message
[packagemanager] XMLNodeIterator.cc(errorHandler):240 XML syntax warning: Did not expect element file there
[packagemanager] XMLNodeIterator.cc(errorHandler):240 at line 276, column 14
[packagemanager] XMLNodeIterator.cc(errorHandler):235 libxml2 error reporting defect, got '%s' as message
[packagemanager] XMLNodeIterator.cc(errorHandler):240 XML syntax warning: Did not expect text in element  TODO  content
[packagemanager] XMLNodeIterator.cc(errorHandler):240 at line 276, column 14
[packagemanager] XMLNodeIterator.cc(errorHandler):235 libxml2 error reporting defect, got '%s' as message
[packagemanager] XMLNodeIterator.cc(errorHandler):240 XML syntax warning: Did not expect element file there
[packagemanager] XMLNodeIterator.cc(errorHandler):240 at line 276, column 14
[packagemanager] XMLNodeIterator.cc(errorHandler):235 libxml2 error reporting defect, got '%s' as message
[packagemanager] XMLNodeIterator.cc(errorHandler):240 XML syntax warning: Did not expect text in element  TODO  content
[packagemanager] XMLNodeIterator.cc(errorHandler):240 at line 276, column 14
[packagemanager] XMLNodeIterator.cc(errorHandler):235 libxml2 error reporting defect, got '%s' as message
[packagemanager] XMLNodeIterator.cc(errorHandler):240 XML syntax warning: Did not expect element file there
[packagemanager] XMLNodeIterator.cc(errorHandler):240 at line 276, column 14
[packagemanager] XMLNodeIterator.cc(errorHandler):235 libxml2 error reporting defect, got '%s' as message
[packagemanager] XMLNodeIterator.cc(errorHandler):240 XML syntax warning: Did not expect text in element  TODO  content
[packagemanager] XMLNodeIterator.cc(errorHandler):240 at line 276, column 14
[packagemanager] XMLNodeIterator.cc(errorHandler):235 libxml2 error reporting defect, got '%s' as message
[packagemanager] XMLNodeIterator.cc(errorHandler):240 XML syntax warning: Did not expect element file there
[packagemanager] XMLNodeIterator.cc(errorHandler):240 at line 276, column 14
[packagemanager] XMLNodeIterator.cc(errorHandler):235 libxml2 error reporting defect, got '%s' as message
[packagemanager] XMLNodeIterator.cc(errorHandler):240 XML syntax warning: Did not expect text in element  TODO  content
[packagemanager] XMLNodeIterator.cc(errorHandler):240 at line 276, column 14
[packagemanager] XMLNodeIterator.cc(errorHandler):235 libxml2 error reporting defect, got '%s' as message
[packagemanager] XMLNodeIterator.cc(errorHandler):240 XML syntax warning: Did not expect element file there
[packagemanager] XMLNodeIterator.cc(errorHandler):240 at line 276, column 14
[packagemanager] XMLNodeIterator.cc(errorHandler):235 libxml2 error reporting defect, got '%s' as message
[packagemanager] XMLNodeIterator.cc(errorHandler):240 XML syntax warning: Did not expect text in element  TODO  content
[packagemanager] XMLNodeIterator.cc(errorHandler):240 at line 276, column 14
[packagemanager] XMLNodeIterator.cc(errorHandler):235 libxml2 error reporting defect, got '%s' as message
[packagemanager] XMLNodeIterator.cc(errorHandler):240 XML syntax warning: Did not expect element file there
[packagemanager] XMLNodeIterator.cc(errorHandler):240 at line 276, column 14
[packagemanager] XMLNodeIterator.cc(errorHandler):235 libxml2 error reporting defect, got '%s' as message
[packagemanager] XMLNodeIterator.cc(errorHandler):240 XML syntax warning: Did not expect text in element  TODO  content
[packagemanager] XMLNodeIterator.cc(errorHandler):240 at line 276, column 14
[packagemanager] XMLNodeIterator.cc(errorHandler):235 libxml2 error reporting defect, got '%s' as message
[packagemanager] XMLNodeIterator.cc(errorHandler):240 XML syntax warning: Did not expect element file there
[packagemanager] XMLNodeIterator.cc(errorHandler):240 at line 276, column 14
[packagemanager] XMLNodeIterator.cc(errorHandler):235 libxml2 error reporting defect, got '%s' as message
[packagemanager] XMLNodeIterator.cc(errorHandler):240 XML syntax warning: Did not expect text in element  TODO  content
[packagemanager] XMLNodeIterator.cc(errorHandler):240 at line 276, column 14
[packagemanager] XMLNodeIterator.cc(errorHandler):235 libxml2 error reporting defect, got '%s' as message
[packagemanager] XMLNodeIterator.cc(errorHandler):240 XML syntax warning: Did not expect element file there
[packagemanager] XMLNodeIterator.cc(errorHandler):240 at line 276, column 14
[packagemanager] XMLNodeIterator.cc(errorHandler):235 libxml2 error reporting defect, got '%s' as message
[packagemanager] XMLNodeIterator.cc(errorHandler):240 XML syntax warning: Did not expect text in element  TODO  content
[packagemanager] XMLNodeIterator.cc(errorHandler):240 at line 276, column 14
[packagemanager] XMLNodeIterator.cc(errorHandler):235 libxml2 error reporting defect, got '%s' as message
[packagemanager] XMLNodeIterator.cc(errorHandler):240 XML syntax warning: Did not expect element file there
[packagemanager] XMLNodeIterator.cc(errorHandler):240 at line 276, column 14
[packagemanager] XMLNodeIterator.cc(errorHandler):235 libxml2 error reporting defect, got '%s' as message
[packagemanager] XMLNodeIterator.cc(errorHandler):240 XML syntax warning: Did not expect text in element  TODO  content
[packagemanager] XMLNodeIterator.cc(errorHandler):240 at line 276, column 14
[packagemanager] XMLNodeIterator.cc(errorHandler):235 libxml2 error reporting defect, got '%s' as message
[packagemanager] XMLNodeIterator.cc(errorHandler):240 XML syntax warning: Did not expect element file there
[packagemanager] XMLNodeIterator.cc(errorHandler):240 at line 276, column 14
[packagemanager] XMLNodeIterator.cc(errorHandler):235 libxml2 error reporting defect, got '%s' as message
[packagemanager] XMLNodeIterator.cc(errorHandler):240 XML syntax warning: Did not expect text in element  TODO  content
[packagemanager] XMLNodeIterator.cc(errorHandler):240 at line 276, column 14
[packagemanager] XMLNodeIterator.cc(errorHandler):235 libxml2 error reporting defect, got '%s' as message
[packagemanager] XMLNodeIterator.cc(errorHandler):240 XML syntax warning: Did not expect element file there
[packagemanager] XMLNodeIterator.cc(errorHandler):240 at line 276, column 14
[packagemanager] XMLNodeIterator.cc(errorHandler):235 libxml2 error reporting defect, got '%s' as message
[packagemanager] XMLNodeIterator.cc(errorHandler):240 XML syntax warning: Did not expect text in element  TODO  content
[packagemanager] XMLNodeIterator.cc(errorHandler):240 at line 276, column 14
[packagemanager] XMLNodeIterator.cc(errorHandler):235 libxml2 error reporting defect, got '%s' as message
[packagemanager] XMLNodeIterator.cc(errorHandler):240 XML syntax warning: Did not expect element file there
[packagemanager] XMLNodeIterator.cc(errorHandler):240 at line 276, column 14
[packagemanager] XMLNodeIterator.cc(errorHandler):235 libxml2 error reporting defect, got '%s' as message
[packagemanager] XMLNodeIterator.cc(errorHandler):240 XML syntax warning: Did not expect text in element  TODO  content
[packagemanager] XMLNodeIterator.cc(errorHandler):240 at line 276, column 14
[packagemanager] XMLNodeIterator.cc(errorHandler):235 libxml2 error reporting defect, got '%s' as message
[packagemanager] XMLNodeIterator.cc(errorHandler):240 XML syntax warning: Did not expect element file there
[packagemanager] XMLNodeIterator.cc(errorHandler):240 at line 276, column 14
[packagemanager] XMLNodeIterator.cc(errorHandler):235 libxml2 error reporting defect, got '%s' as message
[packagemanager] XMLNodeIterator.cc(errorHandler):240 XML syntax warning: Did not expect text in element  TODO  content
[packagemanager] XMLNodeIterator.cc(errorHandler):240 at line 276, column 14
[packagemanager] XMLNodeIterator.cc(errorHandler):235 libxml2 error reporting defect, got '%s' as message
[packagemanager] XMLNodeIterator.cc(errorHandler):240 XML syntax warning: Did not expect element file there
[packagemanager] XMLNodeIterator.cc(errorHandler):240 at line 276, column 14
[packagemanager] XMLNodeIterator.cc(errorHandler):235 libxml2 error reporting defect, got '%s' as message
[packagemanager] XMLNodeIterator.cc(errorHandler):240 XML syntax warning: Did not expect text in element  TODO  content
[packagemanager] XMLNodeIterator.cc(errorHandler):240 at line 276, column 14
[packagemanager] XMLNodeIterator.cc(errorHandler):235 libxml2 error reporting defect, got '%s' as message
[packagemanager] XMLNodeIterator.cc(errorHandler):240 XML syntax warning: Did not expect element file there
[packagemanager] XMLNodeIterator.cc(errorHandler):240 at line 276, column 14
[packagemanager] XMLNodeIterator.cc(errorHandler):235 libxml2 error reporting defect, got '%s' as message
[packagemanager] XMLNodeIterator.cc(errorHandler):240 XML syntax warning: Did not expect text in element  TODO  content
[packagemanager] XMLNodeIterator.cc(errorHandler):240 at line 276, column 14
[packagemanager] XMLNodeIterator.cc(errorHandler):235 libxml2 error reporting defect, got '%s' as message
[packagemanager] XMLNodeIterator.cc(errorHandler):240 XML syntax warning: Did not expect element file there
[packagemanager] XMLNodeIterator.cc(errorHandler):240 at line 276, column 14
[packagemanager] XMLNodeIterator.cc(errorHandler):235 libxml2 error reporting defect, got '%s' as message
[packagemanager] XMLNodeIterator.cc(errorHandler):240 XML syntax warning: Did not expect text in element  TODO  content
[packagemanager] XMLNodeIterator.cc(errorHandler):240 at line 276, column 14
[packagemanager] XMLNodeIterator.cc(errorHandler):235 libxml2 error reporting defect, got '%s' as message
[packagemanager] XMLNodeIterator.cc(errorHandler):240 XML syntax warning: Did not expect element file there
[packagemanager] XMLNodeIterator.cc(errorHandler):240 at line 276, column 14
[packagemanager] XMLNodeIterator.cc(errorHandler):235 libxml2 error reporting defect, got '%s' as message
[packagemanager] XMLNodeIterator.cc(errorHandler):240 XML syntax warning: Did not expect text in element  TODO  content
[packagemanager] XMLNodeIterator.cc(errorHandler):240 at line 276, column 14
[packagemanager] XMLNodeIterator.cc(errorHandler):235 libxml2 error reporting defect, got '%s' as message
[packagemanager] XMLNodeIterator.cc(errorHandler):240 XML syntax warning: Did not expect element file there
[packagemanager] XMLNodeIterator.cc(errorHandler):240 at line 276, column 14
[packagemanager] XMLNodeIterator.cc(errorHandler):235 libxml2 error reporting defect, got '%s' as message
[packagemanager] XMLNodeIterator.cc(errorHandler):240 XML syntax warning: Did not expect text in element  TODO  content
[packagemanager] XMLNodeIterator.cc(errorHandler):240 at line 276, column 14
[packagemanager] XMLNodeIterator.cc(errorHandler):235 libxml2 error reporting defect, got '%s' as message
[packagemanager] XMLNodeIterator.cc(errorHandler):240 XML syntax warning: Did not expect element file there
[packagemanager] XMLNodeIterator.cc(errorHandler):240 at line 276, column 14
[packagemanager] XMLNodeIterator.cc(errorHandler):235 libxml2 error reporting defect, got '%s' as message
[packagemanager] XMLNodeIterator.cc(errorHandler):240 XML syntax warning: Did not expect text in element  TODO  content
[packagemanager] XMLNodeIterator.cc(errorHandler):240 at line 276, column 14
[packagemanager] XMLNodeIterator.cc(errorHandler):235 libxml2 error reporting defect, got '%s' as message
[packagemanager] XMLNodeIterator.cc(errorHandler):240 XML syntax warning: Did not expect element file there
[packagemanager] XMLNodeIterator.cc(errorHandler):240 at line 276, column 14
[packagemanager] XMLNodeIterator.cc(errorHandler):235 libxml2 error reporting defect, got '%s' as message
[packagemanager] XMLNodeIterator.cc(errorHandler):240 XML syntax warning: Did not expect text in element  TODO  content
[packagemanager] XMLNodeIterator.cc(errorHandler):240 at line 276, column 14
[packagemanager] XMLNodeIterator.cc(errorHandler):235 libxml2 error reporting defect, got '%s' as message
[packagemanager] XMLNodeIterator.cc(errorHandler):240 XML syntax warning: Did not expect element file there
[packagemanager] XMLNodeIterator.cc(errorHandler):240 at line 276, column 14
[packagemanager] XMLNodeIterator.cc(errorHandler):235 libxml2 error reporting defect, got '%s' as message
[packagemanager] XMLNodeIterator.cc(errorHandler):240 XML syntax warning: Did not expect text in element  TODO  content
[packagemanager] XMLNodeIterator.cc(errorHandler):240 at line 276, column 14
[packagemanager] XMLNodeIterator.cc(errorHandler):235 libxml2 error reporting defect, got '%s' as message
[packagemanager] XMLNodeIterator.cc(errorHandler):240 XML syntax warning: Did not expect element file there
[packagemanager] XMLNodeIterator.cc(errorHandler):240 at line 276, column 14
[packagemanager] XMLNodeIterator.cc(errorHandler):235 libxml2 error reporting defect, got '%s' as message
[packagemanager] XMLNodeIterator.cc(errorHandler):240 XML syntax warning: Did not expect text in element  TODO  content
[packagemanager] XMLNodeIterator.cc(errorHandler):240 at line 276, column 14
[packagemanager] XMLNodeIterator.cc(errorHandler):235 libxml2 error reporting defect, got '%s' as message
[packagemanager] XMLNodeIterator.cc(errorHandler):240 XML syntax warning: Did not expect element file there
[packagemanager] XMLNodeIterator.cc(errorHandler):240 at line 276, column 14
[packagemanager] XMLNodeIterator.cc(errorHandler):235 libxml2 error reporting defect, got '%s' as message
[packagemanager] XMLNodeIterator.cc(errorHandler):240 XML syntax warning: Did not expect text in element  TODO  content
[packagemanager] XMLNodeIterator.cc(errorHandler):240 at line 276, column 14
[packagemanager] XMLNodeIterator.cc(errorHandler):235 libxml2 error reporting defect, got '%s' as message
[packagemanager] XMLNodeIterator.cc(errorHandler):240 XML syntax warning: Did not expect element file there
[packagemanager] XMLNodeIterator.cc(errorHandler):240 at line 276, column 14
[packagemanager] XMLNodeIterator.cc(errorHandler):235 libxml2 error reporting defect, got '%s' as message
[packagemanager] XMLNodeIterator.cc(errorHandler):240 XML syntax warning: Did not expect text in element  TODO  content
[packagemanager] XMLNodeIterator.cc(errorHandler):240 at line 276, column 14
[packagemanager] XMLNodeIterator.cc(errorHandler):235 libxml2 error reporting defect, got '%s' as message
[packagemanager] XMLNodeIterator.cc(errorHandler):240 XML syntax warning: Did not expect element file there
[packagemanager] XMLNodeIterator.cc(errorHandler):240 at line 276, column 14
[packagemanager] XMLNodeIterator.cc(errorHandler):235 libxml2 error reporting defect, got '%s' as message
[packagemanager] XMLNodeIterator.cc(errorHandler):240 XML syntax warning: Did not expect text in element  TODO  content
[packagemanager] XMLNodeIterator.cc(errorHandler):240 at line 276, column 14
[packagemanager] XMLNodeIterator.cc(errorHandler):235 libxml2 error reporting defect, got '%s' as message
[packagemanager] XMLNodeIterator.cc(errorHandler):240 XML syntax warning: Did not expect element file there
[packagemanager] XMLNodeIterator.cc(errorHandler):240 at line 276, column 14
[packagemanager] XMLNodeIterator.cc(errorHandler):235 libxml2 error reporting defect, got '%s' as message
[packagemanager] XMLNodeIterator.cc(errorHandler):240 XML syntax warning: Did not expect text in element  TODO  content
[packagemanager] XMLNodeIterator.cc(errorHandler):240 at line 276, column 14
[packagemanager] XMLNodeIterator.cc(errorHandler):235 libxml2 error reporting defect, got '%s' as message
[packagemanager] XMLNodeIterator.cc(errorHandler):240 XML syntax warning: Did not expect element file there
[packagemanager] XMLNodeIterator.cc(errorHandler):240 at line 276, column 14
[packagemanager] XMLNodeIterator.cc(errorHandler):235 libxml2 error reporting defect, got '%s' as message
[packagemanager] XMLNodeIterator.cc(errorHandler):240 XML syntax warning: Did not expect text in element  TODO  content
[packagemanager] XMLNodeIterator.cc(errorHandler):240 at line 276, column 14
[packagemanager] XMLNodeIterator.cc(errorHandler):235 libxml2 error reporting defect, got '%s' as message
[packagemanager] XMLNodeIterator.cc(errorHandler):240 XML syntax warning: Did not expect element file there
[packagemanager] XMLNodeIterator.cc(errorHandler):240 at line 276, column 14
[packagemanager] XMLNodeIterator.cc(errorHandler):235 libxml2 error reporting defect, got '%s' as message
[packagemanager] XMLNodeIterator.cc(errorHandler):240 XML syntax warning: Did not expect text in element  TODO  content
[packagemanager] XMLNodeIterator.cc(errorHandler):240 at line 276, column 14
[packagemanager] XMLNodeIterator.cc(errorHandler):235 libxml2 error reporting defect, got '%s' as message
[packagemanager] XMLNodeIterator.cc(errorHandler):240 XML syntax warning: Did not expect element file there
[packagemanager] XMLNodeIterator.cc(errorHandler):240 at line 276, column 14
[packagemanager] XMLNodeIterator.cc(errorHandler):235 libxml2 error reporting defect, got '%s' as message
[packagemanager] XMLNodeIterator.cc(errorHandler):240 XML syntax warning: Did not expect text in element  TODO  content
[packagemanager] XMLNodeIterator.cc(errorHandler):240 at line 276, column 14
[packagemanager] XMLNodeIterator.cc(errorHandler):235 libxml2 error reporting defect, got '%s' as message
[packagemanager] XMLNodeIterator.cc(errorHandler):240 XML syntax warning: Did not expect element file there
[packagemanager] XMLNodeIterator.cc(errorHandler):240 at line 276, column 14
[packagemanager] XMLNodeIterator.cc(errorHandler):235 libxml2 error reporting defect, got '%s' as message
[packagemanager] XMLNodeIterator.cc(errorHandler):240 XML syntax warning: Did not expect text in element  TODO  content
[packagemanager] XMLNodeIterator.cc(errorHandler):240 at line 276, column 14
[packagemanager] XMLNodeIterator.cc(errorHandler):235 libxml2 error reporting defect, got '%s' as message
[packagemanager] XMLNodeIterator.cc(errorHandler):240 XML syntax warning: Did not expect element file there
[packagemanager] XMLNodeIterator.cc(errorHandler):240 at line 276, column 14
[packagemanager] XMLNodeIterator.cc(errorHandler):235 libxml2 error reporting defect, got '%s' as message
[packagemanager] XMLNodeIterator.cc(errorHandler):240 XML syntax warning: Did not expect text in element  TODO  content
[packagemanager] XMLNodeIterator.cc(errorHandler):240 at line 276, column 14
[packagemanager] XMLNodeIterator.cc(errorHandler):235 libxml2 error reporting defect, got '%s' as message
[packagemanager] XMLNodeIterator.cc(errorHandler):240 XML syntax warning: Did not expect element file there
[packagemanager] XMLNodeIterator.cc(errorHandler):240 at line 276, column 14
[packagemanager] XMLNodeIterator.cc(errorHandler):235 libxml2 error reporting defect, got '%s' as message
[packagemanager] XMLNodeIterator.cc(errorHandler):240 XML syntax warning: Did not expect text in element  TODO  content
[packagemanager] XMLNodeIterator.cc(errorHandler):240 at line 276, column 14
[packagemanager] XMLNodeIterator.cc(errorHandler):235 libxml2 error reporting defect, got '%s' as message
[packagemanager] XMLNodeIterator.cc(errorHandler):240 XML syntax warning: Did not expect element file there
[packagemanager] XMLNodeIterator.cc(errorHandler):240 at line 276, column 14
[packagemanager] XMLNodeIterator.cc(errorHandler):235 libxml2 error reporting defect, got '%s' as message
[packagemanager] XMLNodeIterator.cc(errorHandler):240 XML syntax warning: Did not expect text in element  TODO  content
[packagemanager] XMLNodeIterator.cc(errorHandler):240 at line 276, column 14
[packagemanager] XMLNodeIterator.cc(errorHandler):235 libxml2 error reporting defect, got '%s' as message
[packagemanager] XMLNodeIterator.cc(errorHandler):240 XML syntax warning: Did not expect element file there
[packagemanager] XMLNodeIterator.cc(errorHandler):240 at line 276, column 14
[packagemanager] XMLNodeIterator.cc(errorHandler):235 libxml2 error reporting defect, got '%s' as message
[packagemanager] XMLNodeIterator.cc(errorHandler):240 XML syntax warning: Did not expect text in element  TODO  content
[packagemanager] XMLNodeIterator.cc(errorHandler):240 at line 276, column 14
[packagemanager] XMLNodeIterator.cc(errorHandler):235 libxml2 error reporting defect, got '%s' as message
[packagemanager] XMLNodeIterator.cc(errorHandler):240 XML syntax warning: Did not expect element file there
[packagemanager] XMLNodeIterator.cc(errorHandler):240 at line 276, column 14
[packagemanager] XMLNodeIterator.cc(errorHandler):235 libxml2 error reporting defect, got '%s' as message
[packagemanager] XMLNodeIterator.cc(errorHandler):240 XML syntax warning: Did not expect text in element  TODO  content
[packagemanager] XMLNodeIterator.cc(errorHandler):240 at line 276, column 14
[packagemanager] XMLNodeIterator.cc(errorHandler):235 libxml2 error reporting defect, got '%s' as message
[packagemanager] XMLNodeIterator.cc(errorHandler):240 XML syntax warning: Did not expect element file there
[packagemanager] XMLNodeIterator.cc(errorHandler):240 at line 276, column 14
[packagemanager] XMLNodeIterator.cc(errorHandler):235 libxml2 error reporting defect, got '%s' as message
[packagemanager] XMLNodeIterator.cc(errorHandler):240 XML syntax warning: Did not expect text in element  TODO  content
[packagemanager] XMLNodeIterator.cc(errorHandler):240 at line 276, column 14
[packagemanager] XMLNodeIterator.cc(errorHandler):235 libxml2 error reporting defect, got '%s' as message
[packagemanager] XMLNodeIterator.cc(errorHandler):240 XML syntax warning: Did not expect element file there
[packagemanager] XMLNodeIterator.cc(errorHandler):240 at line 276, column 14
[packagemanager] XMLNodeIterator.cc(errorHandler):235 libxml2 error reporting defect, got '%s' as message
[packagemanager] XMLNodeIterator.cc(errorHandler):240 XML syntax warning: Did not expect text in element  TODO  content
[packagemanager] XMLNodeIterator.cc(errorHandler):240 at line 276, column 14
[packagemanager] XMLNodeIterator.cc(errorHandler):235 libxml2 error reporting defect, got '%s' as message
[packagemanager] XMLNodeIterator.cc(errorHandler):240 XML syntax warning: Did not expect element file there
[packagemanager] XMLNodeIterator.cc(errorHandler):240 at line 276, column 14
[packagemanager] XMLNodeIterator.cc(errorHandler):235 libxml2 error reporting defect, got '%s' as message
[packagemanager] XMLNodeIterator.cc(errorHandler):240 XML syntax warning: Did not expect text in element  TODO  content
[packagemanager] XMLNodeIterator.cc(errorHandler):240 at line 276, column 14
[packagemanager] XMLNodeIterator.cc(errorHandler):235 libxml2 error reporting defect, got '%s' as message
[packagemanager] XMLNodeIterator.cc(errorHandler):240 XML syntax warning: Did not expect element file there
[packagemanager] XMLNodeIterator.cc(errorHandler):240 at line 276, column 14
[packagemanager] XMLNodeIterator.cc(errorHandler):235 libxml2 error reporting defect, got '%s' as message
[packagemanager] XMLNodeIterator.cc(errorHandler):240 XML syntax warning: Did not expect text in element  TODO  content
[packagemanager] XMLNodeIterator.cc(errorHandler):240 at line 276, column 14
[packagemanager] XMLNodeIterator.cc(errorHandler):235 libxml2 error reporting defect, got '%s' as message
[packagemanager] XMLNodeIterator.cc(errorHandler):240 XML syntax warning: Did not expect element file there
[packagemanager] XMLNodeIterator.cc(errorHandler):240 at line 276, column 14
[packagemanager] XMLNodeIterator.cc(errorHandler):235 libxml2 error reporting defect, got '%s' as message
[packagemanager] XMLNodeIterator.cc(errorHandler):240 XML syntax warning: Did not expect text in element  TODO  content
[packagemanager] XMLNodeIterator.cc(errorHandler):240 at line 276, column 14
[packagemanager] XMLNodeIterator.cc(errorHandler):235 libxml2 error reporting defect, got '%s' as message
[packagemanager] XMLNodeIterator.cc(errorHandler):240 XML syntax warning: Did not expect element file there
[packagemanager] XMLNodeIterator.cc(errorHandler):240 at line 276, column 14
[packagemanager] XMLNodeIterator.cc(errorHandler):235 libxml2 error reporting defect, got '%s' as message
[packagemanager] XMLNodeIterator.cc(errorHandler):240 XML syntax warning: Did not expect text in element  TODO  content
[packagemanager] XMLNodeIterator.cc(errorHandler):240 at line 276, column 14
[packagemanager] XMLNodeIterator.cc(errorHandler):235 libxml2 error reporting defect, got '%s' as message
[packagemanager] XMLNodeIterator.cc(errorHandler):240 XML syntax warning: Did not expect element file there
[packagemanager] XMLNodeIterator.cc(errorHandler):240 at line 276, column 14
[packagemanager] XMLNodeIterator.cc(errorHandler):235 libxml2 error reporting defect, got '%s' as message
[packagemanager] XMLNodeIterator.cc(errorHandler):240 XML syntax warning: Did not expect text in element  TODO  content
[packagemanager] XMLNodeIterator.cc(errorHandler):240 at line 276, column 14
[packagemanager] XMLNodeIterator.cc(errorHandler):235 libxml2 error reporting defect, got '%s' as message
[packagemanager] XMLNodeIterator.cc(errorHandler):240 XML syntax warning: Did not expect element file there
[packagemanager] XMLNodeIterator.cc(errorHandler):240 at line 276, column 14
[packagemanager] XMLNodeIterator.cc(errorHandler):235 libxml2 error reporting defect, got '%s' as message
[packagemanager] XMLNodeIterator.cc(errorHandler):240 XML syntax warning: Did not expect text in element  TODO  content
[packagemanager] XMLNodeIterator.cc(errorHandler):240 at line 276, column 14
[packagemanager] XMLNodeIterator.cc(errorHandler):235 libxml2 error reporting defect, got '%s' as message
[packagemanager] XMLNodeIterator.cc(errorHandler):240 XML syntax warning: Did not expect element file there
[packagemanager] XMLNodeIterator.cc(errorHandler):240 at line 276, column 14
[packagemanager] XMLNodeIterator.cc(errorHandler):235 libxml2 error reporting defect, got '%s' as message
[packagemanager] XMLNodeIterator.cc(errorHandler):240 XML syntax warning: Did not expect text in element  TODO  content
[packagemanager] XMLNodeIterator.cc(errorHandler):240 at line 276, column 14
[packagemanager] XMLNodeIterator.cc(errorHandler):235 libxml2 error reporting defect, got '%s' as message
[packagemanager] XMLNodeIterator.cc(errorHandler):240 XML syntax warning: Did not expect element package there
[packagemanager] XMLNodeIterator.cc(errorHandler):240 at line 276, column 14
[packagemanager] XMLNodeIterator.cc(errorHandler):235 libxml2 error reporting defect, got '%s' as message
[packagemanager] XMLNodeIterator.cc(errorHandler):240 XML syntax warning: Did not expect element name there
[packagemanager] XMLNodeIterator.cc(errorHandler):240 at line 303, column 14
[packagemanager] XMLNodeIterator.cc(errorHandler):235 libxml2 error reporting defect, got '%s' as message
[packagemanager] XMLNodeIterator.cc(errorHandler):240 XML syntax warning: Did not expect text in element  TODO  content
[packagemanager] XMLNodeIterator.cc(errorHandler):240 at line 303, column 14
[packagemanager] XMLNodeIterator.cc(errorHandler):235 libxml2 error reporting defect, got '%s' as message
[packagemanager] XMLNodeIterator.cc(errorHandler):240 XML syntax warning: Did not expect element arch there
[packagemanager] XMLNodeIterator.cc(errorHandler):240 at line 303, column 14
[packagemanager] XMLNodeIterator.cc(errorHandler):235 libxml2 error reporting defect, got '%s' as message
[packagemanager] XMLNodeIterator.cc(errorHandler):240 XML syntax warning: Did not expect text in element  TODO  content
[packagemanager] XMLNodeIterator.cc(errorHandler):240 at line 303, column 14
[packagemanager] XMLNodeIterator.cc(errorHandler):235 libxml2 error reporting defect, got '%s' as message
[packagemanager] XMLNodeIterator.cc(errorHandler):240 XML syntax warning: Did not expect element version there
[packagemanager] XMLNodeIterator.cc(errorHandler):240 at line 303, column 14
[packagemanager] XMLNodeIterator.cc(errorHandler):235 libxml2 error reporting defect, got '%s' as message
[packagemanager] XMLNodeIterator.cc(errorHandler):240 XML syntax warning: Did not expect element checksum there
[packagemanager] XMLNodeIterator.cc(errorHandler):240 at line 303, column 14
[packagemanager] XMLNodeIterator.cc(errorHandler):235 libxml2 error reporting defect, got '%s' as message
[packagemanager] XMLNodeIterator.cc(errorHandler):240 XML syntax warning: Did not expect text in element  TODO  content
[packagemanager] XMLNodeIterator.cc(errorHandler):240 at line 303, column 14
[packagemanager] XMLNodeIterator.cc(errorHandler):235 libxml2 error reporting defect, got '%s' as message
[packagemanager] XMLNodeIterator.cc(errorHandler):240 XML syntax warning: Did not expect element summary there
[packagemanager] XMLNodeIterator.cc(errorHandler):240 at line 303, column 14
[packagemanager] XMLNodeIterator.cc(errorHandler):235 libxml2 error reporting defect, got '%s' as message
[packagemanager] XMLNodeIterator.cc(errorHandler):240 XML syntax warning: Did not expect text in element  TODO  content
[packagemanager] XMLNodeIterator.cc(errorHandler):240 at line 303, column 14
[packagemanager] XMLNodeIterator.cc(errorHandler):235 libxml2 error reporting defect, got '%s' as message
[packagemanager] XMLNodeIterator.cc(errorHandler):240 XML syntax warning: Did not expect element description there
[packagemanager] XMLNodeIterator.cc(errorHandler):240 at line 303, column 14
[packagemanager] XMLNodeIterator.cc(errorHandler):235 libxml2 error reporting defect, got '%s' as message
[packagemanager] XMLNodeIterator.cc(errorHandler):240 XML syntax warning: Did not expect text in element  TODO  content
[packagemanager] XMLNodeIterator.cc(errorHandler):240 at line 303, column 14
[packagemanager] XMLNodeIterator.cc(errorHandler):235 libxml2 error reporting defect, got '%s' as message
[packagemanager] XMLNodeIterator.cc(errorHandler):240 XML syntax warning: Did not expect element packager there
[packagemanager] XMLNodeIterator.cc(errorHandler):240 at line 303, column 14
[packagemanager] XMLNodeIterator.cc(errorHandler):235 libxml2 error reporting defect, got '%s' as message
[packagemanager] XMLNodeIterator.cc(errorHandler):240 XML syntax warning: Did not expect element url there
[packagemanager] XMLNodeIterator.cc(errorHandler):240 at line 303, column 14
[packagemanager] XMLNodeIterator.cc(errorHandler):235 libxml2 error reporting defect, got '%s' as message
[packagemanager] XMLNodeIterator.cc(errorHandler):240 XML syntax warning: Did not expect element time there
[packagemanager] XMLNodeIterator.cc(errorHandler):240 at line 303, column 14
[packagemanager] XMLNodeIterator.cc(errorHandler):235 libxml2 error reporting defect, got '%s' as message
[packagemanager] XMLNodeIterator.cc(errorHandler):240 XML syntax warning: Did not expect element size there
[packagemanager] XMLNodeIterator.cc(errorHandler):240 at line 303, column 14
[packagemanager] XMLNodeIterator.cc(errorHandler):235 libxml2 error reporting defect, got '%s' as message
[packagemanager] XMLNodeIterator.cc(errorHandler):240 XML syntax warning: Did not expect element location there
[packagemanager] XMLNodeIterator.cc(errorHandler):240 at line 303, column 14
[packagemanager] XMLNodeIterator.cc(errorHandler):235 libxml2 error reporting defect, got '%s' as message
[packagemanager] XMLNodeIterator.cc(errorHandler):240 XML syntax warning: Did not expect element format there
[packagemanager] XMLNodeIterator.cc(errorHandler):240 at line 303, column 14
[packagemanager] XMLNodeIterator.cc(errorHandler):235 libxml2 error reporting defect, got '%s' as message
[packagemanager] XMLNodeIterator.cc(errorHandler):240 XML syntax warning: Did not expect element license there
[packagemanager] XMLNodeIterator.cc(errorHandler):240 at line 303, column 14
[packagemanager] XMLNodeIterator.cc(errorHandler):235 libxml2 error reporting defect, got '%s' as message
[packagemanager] XMLNodeIterator.cc(errorHandler):240 XML syntax warning: Did not expect text in element  TODO  content
[packagemanager] XMLNodeIterator.cc(errorHandler):240 at line 303, column 14
[packagemanager] XMLNodeIterator.cc(errorHandler):235 libxml2 error reporting defect, got '%s' as message
[packagemanager] XMLNodeIterator.cc(errorHandler):240 XML syntax warning: Did not expect element vendor there
[packagemanager] XMLNodeIterator.cc(errorHandler):240 at line 303, column 14
[packagemanager] XMLNodeIterator.cc(errorHandler):235 libxml2 error reporting defect, got '%s' as message
[packagemanager] XMLNodeIterator.cc(errorHandler):240 XML syntax warning: Did not expect element group there
[packagemanager] XMLNodeIterator.cc(errorHandler):240 at line 303, column 14
[packagemanager] XMLNodeIterator.cc(errorHandler):235 libxml2 error reporting defect, got '%s' as message
[packagemanager] XMLNodeIterator.cc(errorHandler):240 XML syntax warning: Did not expect text in element  TODO  content
[packagemanager] XMLNodeIterator.cc(errorHandler):240 at line 303, column 14
[packagemanager] XMLNodeIterator.cc(errorHandler):235 libxml2 error reporting defect, got '%s' as message
[packagemanager] XMLNodeIterator.cc(errorHandler):240 XML syntax warning: Did not expect element buildhost there
[packagemanager] XMLNodeIterator.cc(errorHandler):240 at line 303, column 14
[packagemanager] XMLNodeIterator.cc(errorHandler):235 libxml2 error reporting defect, got '%s' as message
[packagemanager] XMLNodeIterator.cc(errorHandler):240 XML syntax warning: Did not expect text in element  TODO  content
[packagemanager] XMLNodeIterator.cc(errorHandler):240 at line 303, column 14
[packagemanager] XMLNodeIterator.cc(errorHandler):235 libxml2 error reporting defect, got '%s' as message
[packagemanager] XMLNodeIterator.cc(errorHandler):240 XML syntax warning: Did not expect element sourcerpm there
[packagemanager] XMLNodeIterator.cc(errorHandler):240 at line 303, column 14
[packagemanager] XMLNodeIterator.cc(errorHandler):235 libxml2 error reporting defect, got '%s' as message
[packagemanager] XMLNodeIterator.cc(errorHandler):240 XML syntax warning: Did not expect element header-range there
[packagemanager] XMLNodeIterator.cc(errorHandler):240 at line 303, column 14
[packagemanager] XMLNodeIterator.cc(errorHandler):235 libxml2 error reporting defect, got '%s' as message
[packagemanager] XMLNodeIterator.cc(errorHandler):240 XML syntax warning: Did not expect element package there
[packagemanager] XMLNodeIterator.cc(errorHandler):240 at line 303, column 14
[packagemanager] XMLNodeIterator.cc(errorHandler):235 libxml2 error reporting defect, got '%s' as message
[packagemanager] XMLNodeIterator.cc(errorHandler):240 XML syntax warning: Did not expect element name there
[packagemanager] XMLNodeIterator.cc(errorHandler):240 at line 327, column 22
[packagemanager] XMLNodeIterator.cc(errorHandler):235 libxml2 error reporting defect, got '%s' as message
[packagemanager] XMLNodeIterator.cc(errorHandler):240 XML syntax warning: Did not expect text in element  TODO  content
[packagemanager] XMLNodeIterator.cc(errorHandler):240 at line 327, column 22
[packagemanager] XMLNodeIterator.cc(errorHandler):235 libxml2 error reporting defect, got '%s' as message
[packagemanager] XMLNodeIterator.cc(errorHandler):240 XML syntax warning: Did not expect element arch there
[packagemanager] XMLNodeIterator.cc(errorHandler):240 at line 327, column 22
[packagemanager] XMLNodeIterator.cc(errorHandler):235 libxml2 error reporting defect, got '%s' as message
[packagemanager] XMLNodeIterator.cc(errorHandler):240 XML syntax warning: Did not expect text in element  TODO  content
[packagemanager] XMLNodeIterator.cc(errorHandler):240 at line 327, column 22
[packagemanager] XMLNodeIterator.cc(errorHandler):235 libxml2 error reporting defect, got '%s' as message
[packagemanager] XMLNodeIterator.cc(errorHandler):240 XML syntax warning: Did not expect element version there
[packagemanager] XMLNodeIterator.cc(errorHandler):240 at line 327, column 22
[packagemanager] XMLNodeIterator.cc(errorHandler):235 libxml2 error reporting defect, got '%s' as message
[packagemanager] XMLNodeIterator.cc(errorHandler):240 XML syntax warning: Did not expect element checksum there
[packagemanager] XMLNodeIterator.cc(errorHandler):240 at line 327, column 22
[packagemanager] XMLNodeIterator.cc(errorHandler):235 libxml2 error reporting defect, got '%s' as message
[packagemanager] XMLNodeIterator.cc(errorHandler):240 XML syntax warning: Did not expect text in element  TODO  content
[packagemanager] XMLNodeIterator.cc(errorHandler):240 at line 327, column 22
[packagemanager] XMLNodeIterator.cc(errorHandler):235 libxml2 error reporting defect, got '%s' as message
[packagemanager] XMLNodeIterator.cc(errorHandler):240 XML syntax warning: Did not expect element summary there
[packagemanager] XMLNodeIterator.cc(errorHandler):240 at line 327, column 22
[packagemanager] XMLNodeIterator.cc(errorHandler):235 libxml2 error reporting defect, got '%s' as message
[packagemanager] XMLNodeIterator.cc(errorHandler):240 XML syntax warning: Did not expect text in element  TODO  content
[packagemanager] XMLNodeIterator.cc(errorHandler):240 at line 327, column 22
[packagemanager] XMLNodeIterator.cc(errorHandler):235 libxml2 error reporting defect, got '%s' as message
[packagemanager] XMLNodeIterator.cc(errorHandler):240 XML syntax warning: Did not expect element description there
[packagemanager] XMLNodeIterator.cc(errorHandler):240 at line 327, column 22
[packagemanager] XMLNodeIterator.cc(errorHandler):235 libxml2 error reporting defect, got '%s' as message
[packagemanager] XMLNodeIterator.cc(errorHandler):240 XML syntax warning: Did not expect text in element  TODO  content
[packagemanager] XMLNodeIterator.cc(errorHandler):240 at line 327, column 22
[packagemanager] XMLNodeIterator.cc(errorHandler):235 libxml2 error reporting defect, got '%s' as message
[packagemanager] XMLNodeIterator.cc(errorHandler):240 XML syntax warning: Did not expect element packager there
[packagemanager] XMLNodeIterator.cc(errorHandler):240 at line 327, column 22
[packagemanager] XMLNodeIterator.cc(errorHandler):235 libxml2 error reporting defect, got '%s' as message
[packagemanager] XMLNodeIterator.cc(errorHandler):240 XML syntax warning: Did not expect text in element  TODO  content
[packagemanager] XMLNodeIterator.cc(errorHandler):240 at line 327, column 22
[packagemanager] XMLNodeIterator.cc(errorHandler):235 libxml2 error reporting defect, got '%s' as message
[packagemanager] XMLNodeIterator.cc(errorHandler):240 XML syntax warning: Did not expect element url there
[packagemanager] XMLNodeIterator.cc(errorHandler):240 at line 327, column 22
[packagemanager] XMLNodeIterator.cc(errorHandler):235 libxml2 error reporting defect, got '%s' as message
[packagemanager] XMLNodeIterator.cc(errorHandler):240 XML syntax warning: Did not expect text in element  TODO  content
[packagemanager] XMLNodeIterator.cc(errorHandler):240 at line 327, column 22
[packagemanager] XMLNodeIterator.cc(errorHandler):235 libxml2 error reporting defect, got '%s' as message
[packagemanager] XMLNodeIterator.cc(errorHandler):240 XML syntax warning: Did not expect element time there
[packagemanager] XMLNodeIterator.cc(errorHandler):240 at line 327, column 22
[packagemanager] XMLNodeIterator.cc(errorHandler):235 libxml2 error reporting defect, got '%s' as message
[packagemanager] XMLNodeIterator.cc(errorHandler):240 XML syntax warning: Did not expect element size there
[packagemanager] XMLNodeIterator.cc(errorHandler):240 at line 327, column 22
[packagemanager] XMLNodeIterator.cc(errorHandler):235 libxml2 error reporting defect, got '%s' as message
[packagemanager] XMLNodeIterator.cc(errorHandler):240 XML syntax warning: Did not expect element location there
[packagemanager] XMLNodeIterator.cc(errorHandler):240 at line 327, column 22
[packagemanager] XMLNodeIterator.cc(errorHandler):235 libxml2 error reporting defect, got '%s' as message
[packagemanager] XMLNodeIterator.cc(errorHandler):240 XML syntax warning: Did not expect element format there
[packagemanager] XMLNodeIterator.cc(errorHandler):240 at line 327, column 22
[packagemanager] XMLNodeIterator.cc(errorHandler):235 libxml2 error reporting defect, got '%s' as message
[packagemanager] XMLNodeIterator.cc(errorHandler):240 XML syntax warning: Did not expect element license there
[packagemanager] XMLNodeIterator.cc(errorHandler):240 at line 327, column 22
[packagemanager] XMLNodeIterator.cc(errorHandler):235 libxml2 error reporting defect, got '%s' as message
[packagemanager] XMLNodeIterator.cc(errorHandler):240 XML syntax warning: Did not expect text in element  TODO  content
[packagemanager] XMLNodeIterator.cc(errorHandler):240 at line 327, column 22
[packagemanager] XMLNodeIterator.cc(errorHandler):235 libxml2 error reporting defect, got '%s' as message
[packagemanager] XMLNodeIterator.cc(errorHandler):240 XML syntax warning: Did not expect element vendor there
[packagemanager] XMLNodeIterator.cc(errorHandler):240 at line 327, column 22
[packagemanager] XMLNodeIterator.cc(errorHandler):235 libxml2 error reporting defect, got '%s' as message
[packagemanager] XMLNodeIterator.cc(errorHandler):240 XML syntax warning: Did not expect text in element  TODO  content
[packagemanager] XMLNodeIterator.cc(errorHandler):240 at line 327, column 22
[packagemanager] XMLNodeIterator.cc(errorHandler):235 libxml2 error reporting defect, got '%s' as message
[packagemanager] XMLNodeIterator.cc(errorHandler):240 XML syntax warning: Did not expect element group there
[packagemanager] XMLNodeIterator.cc(errorHandler):240 at line 327, column 22
[packagemanager] XMLNodeIterator.cc(errorHandler):235 libxml2 error reporting defect, got '%s' as message
[packagemanager] XMLNodeIterator.cc(errorHandler):240 XML syntax warning: Did not expect text in element  TODO  content
[packagemanager] XMLNodeIterator.cc(errorHandler):240 at line 327, column 22
[packagemanager] XMLNodeIterator.cc(errorHandler):235 libxml2 error reporting defect, got '%s' as message
[packagemanager] XMLNodeIterator.cc(errorHandler):240 XML syntax warning: Did not expect element buildhost there
[packagemanager] XMLNodeIterator.cc(errorHandler):240 at line 327, column 22
[packagemanager] XMLNodeIterator.cc(errorHandler):235 libxml2 error reporting defect, got '%s' as message
[packagemanager] XMLNodeIterator.cc(errorHandler):240 XML syntax warning: Did not expect text in element  TODO  content
[packagemanager] XMLNodeIterator.cc(errorHandler):240 at line 327, column 22
[packagemanager] XMLNodeIterator.cc(errorHandler):235 libxml2 error reporting defect, got '%s' as message
[packagemanager] XMLNodeIterator.cc(errorHandler):240 XML syntax warning: Did not expect element sourcerpm there
[packagemanager] XMLNodeIterator.cc(errorHandler):240 at line 327, column 22
[packagemanager] XMLNodeIterator.cc(errorHandler):235 libxml2 error reporting defect, got '%s' as message
[packagemanager] XMLNodeIterator.cc(errorHandler):240 XML syntax warning: Did not expect element header-range there
[packagemanager] XMLNodeIterator.cc(errorHandler):240 at line 327, column 22
[packagemanager] XMLNodeIterator.cc(errorHandler):235 libxml2 error reporting defect, got '%s' as message
[packagemanager] XMLNodeIterator.cc(errorHandler):240 XML syntax warning: Did not expect element package there
[packagemanager] XMLNodeIterator.cc(errorHandler):240 at line 327, column 22
[packagemanager] XMLNodeIterator.cc(errorHandler):235 libxml2 error reporting defect, got '%s' as message
[packagemanager] XMLNodeIterator.cc(errorHandler):240 XML syntax warning: Did not expect element name there
[packagemanager] XMLNodeIterator.cc(errorHandler):240 at line 351, column 22
[packagemanager] XMLNodeIterator.cc(errorHandler):235 libxml2 error reporting defect, got '%s' as message
[packagemanager] XMLNodeIterator.cc(errorHandler):240 XML syntax warning: Did not expect text in element  TODO  content
[packagemanager] XMLNodeIterator.cc(errorHandler):240 at line 351, column 22
[packagemanager] XMLNodeIterator.cc(errorHandler):235 libxml2 error reporting defect, got '%s' as message
[packagemanager] XMLNodeIterator.cc(errorHandler):240 XML syntax warning: Did not expect element arch there
[packagemanager] XMLNodeIterator.cc(errorHandler):240 at line 351, column 22
[packagemanager] XMLNodeIterator.cc(errorHandler):235 libxml2 error reporting defect, got '%s' as message
[packagemanager] XMLNodeIterator.cc(errorHandler):240 XML syntax warning: Did not expect text in element  TODO  content
[packagemanager] XMLNodeIterator.cc(errorHandler):240 at line 351, column 22
[packagemanager] XMLNodeIterator.cc(errorHandler):235 libxml2 error reporting defect, got '%s' as message
[packagemanager] XMLNodeIterator.cc(errorHandler):240 XML syntax warning: Did not expect element version there
[packagemanager] XMLNodeIterator.cc(errorHandler):240 at line 351, column 22
[packagemanager] XMLNodeIterator.cc(errorHandler):235 libxml2 error reporting defect, got '%s' as message
[packagemanager] XMLNodeIterator.cc(errorHandler):240 XML syntax warning: Did not expect element checksum there
[packagemanager] XMLNodeIterator.cc(errorHandler):240 at line 351, column 22
[packagemanager] XMLNodeIterator.cc(errorHandler):235 libxml2 error reporting defect, got '%s' as message
[packagemanager] XMLNodeIterator.cc(errorHandler):240 XML syntax warning: Did not expect text in element  TODO  content
[packagemanager] XMLNodeIterator.cc(errorHandler):240 at line 351, column 22
[packagemanager] XMLNodeIterator.cc(errorHandler):235 libxml2 error reporting defect, got '%s' as message
[packagemanager] XMLNodeIterator.cc(errorHandler):240 XML syntax warning: Did not expect element summary there
[packagemanager] XMLNodeIterator.cc(errorHandler):240 at line 351, column 22
[packagemanager] XMLNodeIterator.cc(errorHandler):235 libxml2 error reporting defect, got '%s' as message
[packagemanager] XMLNodeIterator.cc(errorHandler):240 XML syntax warning: Did not expect text in element  TODO  content
[packagemanager] XMLNodeIterator.cc(errorHandler):240 at line 351, column 22
[packagemanager] XMLNodeIterator.cc(errorHandler):235 libxml2 error reporting defect, got '%s' as message
[packagemanager] XMLNodeIterator.cc(errorHandler):240 XML syntax warning: Did not expect element description there
[packagemanager] XMLNodeIterator.cc(errorHandler):240 at line 351, column 22
[packagemanager] XMLNodeIterator.cc(errorHandler):235 libxml2 error reporting defect, got '%s' as message
[packagemanager] XMLNodeIterator.cc(errorHandler):240 XML syntax warning: Did not expect text in element  TODO  content
[packagemanager] XMLNodeIterator.cc(errorHandler):240 at line 351, column 22
[packagemanager] XMLNodeIterator.cc(errorHandler):235 libxml2 error reporting defect, got '%s' as message
[packagemanager] XMLNodeIterator.cc(errorHandler):240 XML syntax warning: Did not expect element packager there
[packagemanager] XMLNodeIterator.cc(errorHandler):240 at line 351, column 22
[packagemanager] XMLNodeIterator.cc(errorHandler):235 libxml2 error reporting defect, got '%s' as message
[packagemanager] XMLNodeIterator.cc(errorHandler):240 XML syntax warning: Did not expect element url there
[packagemanager] XMLNodeIterator.cc(errorHandler):240 at line 351, column 22
[packagemanager] XMLNodeIterator.cc(errorHandler):235 libxml2 error reporting defect, got '%s' as message
[packagemanager] XMLNodeIterator.cc(errorHandler):240 XML syntax warning: Did not expect element time there
[packagemanager] XMLNodeIterator.cc(errorHandler):240 at line 351, column 22
[packagemanager] XMLNodeIterator.cc(errorHandler):235 libxml2 error reporting defect, got '%s' as message
[packagemanager] XMLNodeIterator.cc(errorHandler):240 XML syntax warning: Did not expect element size there
[packagemanager] XMLNodeIterator.cc(errorHandler):240 at line 351, column 22
[packagemanager] XMLNodeIterator.cc(errorHandler):235 libxml2 error reporting defect, got '%s' as message
[packagemanager] XMLNodeIterator.cc(errorHandler):240 XML syntax warning: Did not expect element location there
[packagemanager] XMLNodeIterator.cc(errorHandler):240 at line 351, column 22
[packagemanager] XMLNodeIterator.cc(errorHandler):235 libxml2 error reporting defect, got '%s' as message
[packagemanager] XMLNodeIterator.cc(errorHandler):240 XML syntax warning: Did not expect element format there
[packagemanager] XMLNodeIterator.cc(errorHandler):240 at line 351, column 22
[packagemanager] XMLNodeIterator.cc(errorHandler):235 libxml2 error reporting defect, got '%s' as message
[packagemanager] XMLNodeIterator.cc(errorHandler):240 XML syntax warning: Did not expect element license there
[packagemanager] XMLNodeIterator.cc(errorHandler):240 at line 351, column 22
[packagemanager] XMLNodeIterator.cc(errorHandler):235 libxml2 error reporting defect, got '%s' as message
[packagemanager] XMLNodeIterator.cc(errorHandler):240 XML syntax warning: Did not expect text in element  TODO  content
[packagemanager] XMLNodeIterator.cc(errorHandler):240 at line 351, column 22
[packagemanager] XMLNodeIterator.cc(errorHandler):235 libxml2 error reporting defect, got '%s' as message
[packagemanager] XMLNodeIterator.cc(errorHandler):240 XML syntax warning: Did not expect element vendor there
[packagemanager] XMLNodeIterator.cc(errorHandler):240 at line 351, column 22
[packagemanager] XMLNodeIterator.cc(errorHandler):235 libxml2 error reporting defect, got '%s' as message
[packagemanager] XMLNodeIterator.cc(errorHandler):240 XML syntax warning: Did not expect element group there
[packagemanager] XMLNodeIterator.cc(errorHandler):240 at line 351, column 22
[packagemanager] XMLNodeIterator.cc(errorHandler):235 libxml2 error reporting defect, got '%s' as message
[packagemanager] XMLNodeIterator.cc(errorHandler):240 XML syntax warning: Did not expect text in element  TODO  content
[packagemanager] XMLNodeIterator.cc(errorHandler):240 at line 351, column 22
[packagemanager] XMLNodeIterator.cc(errorHandler):235 libxml2 error reporting defect, got '%s' as message
[packagemanager] XMLNodeIterator.cc(errorHandler):240 XML syntax warning: Did not expect element buildhost there
[packagemanager] XMLNodeIterator.cc(errorHandler):240 at line 351, column 22
[packagemanager] XMLNodeIterator.cc(errorHandler):235 libxml2 error reporting defect, got '%s' as message
[packagemanager] XMLNodeIterator.cc(errorHandler):240 XML syntax warning: Did not expect text in element  TODO  content
[packagemanager] XMLNodeIterator.cc(errorHandler):240 at line 351, column 22
[packagemanager] XMLNodeIterator.cc(errorHandler):235 libxml2 error reporting defect, got '%s' as message
[packagemanager] XMLNodeIterator.cc(errorHandler):240 XML syntax warning: Did not expect element sourcerpm there
[packagemanager] XMLNodeIterator.cc(errorHandler):240 at line 351, column 22
[packagemanager] XMLNodeIterator.cc(errorHandler):235 libxml2 error reporting defect, got '%s' as message
[packagemanager] XMLNodeIterator.cc(errorHandler):240 XML syntax warning: Did not expect element header-range there
[packagemanager] XMLNodeIterator.cc(errorHandler):240 at line 351, column 22
[packagemanager] XMLNodeIterator.cc(errorHandler):235 libxml2 error reporting defect, got '%s' as message
[packagemanager] XMLNodeIterator.cc(errorHandler):240 XML syntax warning: Did not expect element package there
[packagemanager] XMLNodeIterator.cc(errorHandler):240 at line 351, column 22
[packagemanager] XMLNodeIterator.cc(errorHandler):235 libxml2 error reporting defect, got '%s' as message
[packagemanager] XMLNodeIterator.cc(errorHandler):240 XML syntax warning: Did not expect element name there
[packagemanager] XMLNodeIterator.cc(errorHandler):240 at line 376, column 1
[packagemanager] XMLNodeIterator.cc(errorHandler):235 libxml2 error reporting defect, got '%s' as message
[packagemanager] XMLNodeIterator.cc(errorHandler):240 XML syntax warning: Did not expect text in element  TODO  content
[packagemanager] XMLNodeIterator.cc(errorHandler):240 at line 376, column 1
[packagemanager] XMLNodeIterator.cc(errorHandler):235 libxml2 error reporting defect, got '%s' as message
[packagemanager] XMLNodeIterator.cc(errorHandler):240 XML syntax warning: Did not expect element arch there
[packagemanager] XMLNodeIterator.cc(errorHandler):240 at line 376, column 1
[packagemanager] XMLNodeIterator.cc(errorHandler):235 libxml2 error reporting defect, got '%s' as message
[packagemanager] XMLNodeIterator.cc(errorHandler):240 XML syntax warning: Did not expect text in element  TODO  content
[packagemanager] XMLNodeIterator.cc(errorHandler):240 at line 376, column 1
[packagemanager] XMLNodeIterator.cc(errorHandler):235 libxml2 error reporting defect, got '%s' as message
[packagemanager] XMLNodeIterator.cc(errorHandler):240 XML syntax warning: Did not expect element version there
[packagemanager] XMLNodeIterator.cc(errorHandler):240 at line 376, column 1
[packagemanager] XMLNodeIterator.cc(errorHandler):235 libxml2 error reporting defect, got '%s' as message
[packagemanager] XMLNodeIterator.cc(errorHandler):240 XML syntax warning: Did not expect element checksum there
[packagemanager] XMLNodeIterator.cc(errorHandler):240 at line 376, column 1
[packagemanager] XMLNodeIterator.cc(errorHandler):235 libxml2 error reporting defect, got '%s' as message
[packagemanager] XMLNodeIterator.cc(errorHandler):240 XML syntax warning: Did not expect text in element  TODO  content
[packagemanager] XMLNodeIterator.cc(errorHandler):240 at line 376, column 1
[packagemanager] XMLNodeIterator.cc(errorHandler):235 libxml2 error reporting defect, got '%s' as message
[packagemanager] XMLNodeIterator.cc(errorHandler):240 XML syntax warning: Did not expect element summary there
[packagemanager] XMLNodeIterator.cc(errorHandler):240 at line 376, column 1
[packagemanager] XMLNodeIterator.cc(errorHandler):235 libxml2 error reporting defect, got '%s' as message
[packagemanager] XMLNodeIterator.cc(errorHandler):240 XML syntax warning: Did not expect text in element  TODO  content
[packagemanager] XMLNodeIterator.cc(errorHandler):240 at line 376, column 1
[packagemanager] XMLNodeIterator.cc(errorHandler):235 libxml2 error reporting defect, got '%s' as message
[packagemanager] XMLNodeIterator.cc(errorHandler):240 XML syntax warning: Did not expect element description there
[packagemanager] XMLNodeIterator.cc(errorHandler):240 at line 376, column 1
[packagemanager] XMLNodeIterator.cc(errorHandler):235 libxml2 error reporting defect, got '%s' as message
[packagemanager] XMLNodeIterator.cc(errorHandler):240 XML syntax warning: Did not expect text in element  TODO  content
[packagemanager] XMLNodeIterator.cc(errorHandler):240 at line 376, column 1
[packagemanager] XMLNodeIterator.cc(errorHandler):235 libxml2 error reporting defect, got '%s' as message
[packagemanager] XMLNodeIterator.cc(errorHandler):240 XML syntax warning: Did not expect element packager there
[packagemanager] XMLNodeIterator.cc(errorHandler):240 at line 376, column 1
[packagemanager] XMLNodeIterator.cc(errorHandler):235 libxml2 error reporting defect, got '%s' as message
[packagemanager] XMLNodeIterator.cc(errorHandler):240 XML syntax warning: Did not expect element url there
[packagemanager] XMLNodeIterator.cc(errorHandler):240 at line 376, column 1
[packagemanager] XMLNodeIterator.cc(errorHandler):235 libxml2 error reporting defect, got '%s' as message
[packagemanager] XMLNodeIterator.cc(errorHandler):240 XML syntax warning: Did not expect element time there
[packagemanager] XMLNodeIterator.cc(errorHandler):240 at line 376, column 1
[packagemanager] XMLNodeIterator.cc(errorHandler):235 libxml2 error reporting defect, got '%s' as message
[packagemanager] XMLNodeIterator.cc(errorHandler):240 XML syntax warning: Did not expect element size there
[packagemanager] XMLNodeIterator.cc(errorHandler):240 at line 376, column 1
[packagemanager] XMLNodeIterator.cc(errorHandler):235 libxml2 error reporting defect, got '%s' as message
[packagemanager] XMLNodeIterator.cc(errorHandler):240 XML syntax warning: Did not expect element location there
[packagemanager] XMLNodeIterator.cc(errorHandler):240 at line 376, column 1
[packagemanager] XMLNodeIterator.cc(errorHandler):235 libxml2 error reporting defect, got '%s' as message
[packagemanager] XMLNodeIterator.cc(errorHandler):240 XML syntax warning: Did not expect element format there
[packagemanager] XMLNodeIterator.cc(errorHandler):240 at line 376, column 1
[packagemanager] XMLNodeIterator.cc(errorHandler):235 libxml2 error reporting defect, got '%s' as message
[packagemanager] XMLNodeIterator.cc(errorHandler):240 XML syntax warning: Did not expect element license there
[packagemanager] XMLNodeIterator.cc(errorHandler):240 at line 376, column 1
[packagemanager] XMLNodeIterator.cc(errorHandler):235 libxml2 error reporting defect, got '%s' as message
[packagemanager] XMLNodeIterator.cc(errorHandler):240 XML syntax warning: Did not expect text in element  TODO  content
[packagemanager] XMLNodeIterator.cc(errorHandler):240 at line 376, column 1
[packagemanager] XMLNodeIterator.cc(errorHandler):235 libxml2 error reporting defect, got '%s' as message
[packagemanager] XMLNodeIterator.cc(errorHandler):240 XML syntax warning: Did not expect element vendor there
[packagemanager] XMLNodeIterator.cc(errorHandler):240 at line 376, column 1
[packagemanager] XMLNodeIterator.cc(errorHandler):235 libxml2 error reporting defect, got '%s' as message
[packagemanager] XMLNodeIterator.cc(errorHandler):240 XML syntax warning: Did not expect element group there
[packagemanager] XMLNodeIterator.cc(errorHandler):240 at line 376, column 1
[packagemanager] XMLNodeIterator.cc(errorHandler):235 libxml2 error reporting defect, got '%s' as message
[packagemanager] XMLNodeIterator.cc(errorHandler):240 XML syntax warning: Did not expect text in element  TODO  content
[packagemanager] XMLNodeIterator.cc(errorHandler):240 at line 376, column 1
[packagemanager] XMLNodeIterator.cc(errorHandler):235 libxml2 error reporting defect, got '%s' as message
[packagemanager] XMLNodeIterator.cc(errorHandler):240 XML syntax warning: Did not expect element buildhost there
[packagemanager] XMLNodeIterator.cc(errorHandler):240 at line 376, column 1
[packagemanager] XMLNodeIterator.cc(errorHandler):235 libxml2 error reporting defect, got '%s' as message
[packagemanager] XMLNodeIterator.cc(errorHandler):240 XML syntax warning: Did not expect text in element  TODO  content
[packagemanager] XMLNodeIterator.cc(errorHandler):240 at line 376, column 1
[packagemanager] XMLNodeIterator.cc(errorHandler):235 libxml2 error reporting defect, got '%s' as message
[packagemanager] XMLNodeIterator.cc(errorHandler):240 XML syntax warning: Did not expect element sourcerpm there
[packagemanager] XMLNodeIterator.cc(errorHandler):240 at line 376, column 1
[packagemanager] XMLNodeIterator.cc(errorHandler):235 libxml2 error reporting defect, got '%s' as message
[packagemanager] XMLNodeIterator.cc(errorHandler):240 XML syntax warning: Did not expect element header-range there
[packagemanager] XMLNodeIterator.cc(errorHandler):240 at line 376, column 1
