[packagemanager] XMLNodeIterator.cc(errorHandler):227 XML syntax warning: at line 171, column 14
[packagemanager] XMLNodeIterator.cc(errorHandler):227 XML syntax warning: at line 171, column 14
[packagemanager] XMLNodeIterator.cc(errorHandler):227 XML syntax warning: at line 171, column 14
[packagemanager] XMLNodeIterator.cc(errorHandler):227 XML syntax warning: at line 171, column 14
[packagemanager] XMLNodeIterator.cc(errorHandler):227 XML syntax warning: at line 171, column 14
[packagemanager] XMLNodeIterator.cc(errorHandler):227 XML syntax warning: at line 171, column 14
[packagemanager] XMLNodeIterator.cc(errorHandler):227 XML syntax warning: at line 171, column 14
[packagemanager] XMLNodeIterator.cc(errorHandler):227 XML syntax warning: at line 171, column 14
[packagemanager] XMLNodeIterator.cc(errorHandler):227 XML syntax warning: at line 171, column 14
[packagemanager] XMLNodeIterator.cc(errorHandler):227 XML syntax warning: at line 171, column 14
[packagemanager] XMLNodeIterator.cc(errorHandler):227 XML syntax warning: at line 171, column 14
[packagemanager] XMLNodeIterator.cc(errorHandler):227 XML syntax warning: at line 171, column 14
[packagemanager] XMLNodeIterator.cc(errorHandler):227 XML syntax warning: at line 171, column 14
[packagemanager] XMLNodeIterator.cc(errorHandler):227 XML syntax warning: at line 171, column 14
[packagemanager] XMLNodeIterator.cc(errorHandler):227 XML syntax warning: at line 171, column 14
[packagemanager] XMLNodeIterator.cc(errorHandler):227 XML syntax warning: at line 171, column 14
[packagemanager] XMLNodeIterator.cc(errorHandler):227 XML syntax warning: at line 171, column 14
[packagemanager] XMLNodeIterator.cc(errorHandler):227 XML syntax warning: at line 171, column 14
[packagemanager] XMLNodeIterator.cc(errorHandler):227 XML syntax warning: at line 171, column 14
[packagemanager] XMLNodeIterator.cc(errorHandler):227 XML syntax warning: at line 276, column 14
[packagemanager] XMLNodeIterator.cc(errorHandler):227 XML syntax warning: at line 276, column 14
[packagemanager] XMLNodeIterator.cc(errorHandler):227 XML syntax warning: at line 276, column 14
[packagemanager] XMLNodeIterator.cc(errorHandler):227 XML syntax warning: at line 276, column 14
[packagemanager] XMLNodeIterator.cc(errorHandler):227 XML syntax warning: at line 276, column 14
[packagemanager] XMLNodeIterator.cc(errorHandler):227 XML syntax warning: at line 276, column 14
[packagemanager] XMLNodeIterator.cc(errorHandler):227 XML syntax warning: at line 276, column 14
[packagemanager] XMLNodeIterator.cc(errorHandler):227 XML syntax warning: at line 276, column 14
[packagemanager] XMLNodeIterator.cc(errorHandler):227 XML syntax warning: at line 276, column 14
[packagemanager] XMLNodeIterator.cc(errorHandler):227 XML syntax warning: at line 276, column 14
[packagemanager] XMLNodeIterator.cc(errorHandler):227 XML syntax warning: at line 276, column 14
[packagemanager] XMLNodeIterator.cc(errorHandler):227 XML syntax warning: at line 276, column 14
[packagemanager] XMLNodeIterator.cc(errorHandler):227 XML syntax warning: at line 276, column 14
[packagemanager] XMLNodeIterator.cc(errorHandler):227 XML syntax warning: at line 276, column 14
[packagemanager] XMLNodeIterator.cc(errorHandler):227 XML syntax warning: at line 276, column 14
[packagemanager] XMLNodeIterator.cc(errorHandler):227 XML syntax warning: at line 276, column 14
[packagemanager] XMLNodeIterator.cc(errorHandler):227 XML syntax warning: at line 276, column 14
[packagemanager] XMLNodeIterator.cc(errorHandler):227 XML syntax warning: at line 276, column 14
[packagemanager] XMLNodeIterator.cc(errorHandler):227 XML syntax warning: at line 276, column 14
[packagemanager] XMLNodeIterator.cc(errorHandler):227 XML syntax warning: at line 276, column 14
[packagemanager] XMLNodeIterator.cc(errorHandler):227 XML syntax warning: at line 276, column 14
[packagemanager] XMLNodeIterator.cc(errorHandler):227 XML syntax warning: at line 276, column 14
[packagemanager] XMLNodeIterator.cc(errorHandler):227 XML syntax warning: at line 276, column 14
[packagemanager] XMLNodeIterator.cc(errorHandler):227 XML syntax warning: at line 276, column 14
[packagemanager] XMLNodeIterator.cc(errorHandler):227 XML syntax warning: at line 276, column 14
[packagemanager] XMLNodeIterator.cc(errorHandler):227 XML syntax warning: at line 276, column 14
[packagemanager] XMLNodeIterator.cc(errorHandler):227 XML syntax warning: at line 276, column 14
[packagemanager] XMLNodeIterator.cc(errorHandler):227 XML syntax warning: at line 276, column 14
[packagemanager] XMLNodeIterator.cc(errorHandler):227 XML syntax warning: at line 276, column 14
[packagemanager] XMLNodeIterator.cc(errorHandler):227 XML syntax warning: at line 276, column 14
[packagemanager] XMLNodeIterator.cc(errorHandler):227 XML syntax warning: at line 276, column 14
[packagemanager] XMLNodeIterator.cc(errorHandler):227 XML syntax warning: at line 276, column 14
[packagemanager] XMLNodeIterator.cc(errorHandler):227 XML syntax warning: at line 276, column 14
[packagemanager] XMLNodeIterator.cc(errorHandler):227 XML syntax warning: at line 276, column 14
[packagemanager] XMLNodeIterator.cc(errorHandler):227 XML syntax warning: at line 276, column 14
[packagemanager] XMLNodeIterator.cc(errorHandler):227 XML syntax warning: at line 276, column 14
[packagemanager] XMLNodeIterator.cc(errorHandler):227 XML syntax warning: at line 276, column 14
[packagemanager] XMLNodeIterator.cc(errorHandler):227 XML syntax warning: at line 276, column 14
[packagemanager] XMLNodeIterator.cc(errorHandler):227 XML syntax warning: at line 276, column 14
[packagemanager] XMLNodeIterator.cc(errorHandler):227 XML syntax warning: at line 276, column 14
[packagemanager] XMLNodeIterator.cc(errorHandler):227 XML syntax warning: at line 276, column 14
[packagemanager] XMLNodeIterator.cc(errorHandler):227 XML syntax warning: at line 276, column 14
[packagemanager] XMLNodeIterator.cc(errorHandler):227 XML syntax warning: at line 276, column 14
[packagemanager] XMLNodeIterator.cc(errorHandler):227 XML syntax warning: at line 276, column 14
[packagemanager] XMLNodeIterator.cc(errorHandler):227 XML syntax warning: at line 276, column 14
[packagemanager] XMLNodeIterator.cc(errorHandler):227 XML syntax warning: at line 276, column 14
[packagemanager] XMLNodeIterator.cc(errorHandler):227 XML syntax warning: at line 276, column 14
[packagemanager] XMLNodeIterator.cc(errorHandler):227 XML syntax warning: at line 276, column 14
[packagemanager] XMLNodeIterator.cc(errorHandler):227 XML syntax warning: at line 276, column 14
[packagemanager] XMLNodeIterator.cc(errorHandler):227 XML syntax warning: at line 276, column 14
[packagemanager] XMLNodeIterator.cc(errorHandler):227 XML syntax warning: at line 276, column 14
[packagemanager] XMLNodeIterator.cc(errorHandler):227 XML syntax warning: at line 276, column 14
[packagemanager] XMLNodeIterator.cc(errorHandler):227 XML syntax warning: at line 276, column 14
[packagemanager] XMLNodeIterator.cc(errorHandler):227 XML syntax warning: at line 276, column 14
[packagemanager] XMLNodeIterator.cc(errorHandler):227 XML syntax warning: at line 276, column 14
[packagemanager] XMLNodeIterator.cc(errorHandler):227 XML syntax warning: at line 276, column 14
[packagemanager] XMLNodeIterator.cc(errorHandler):227 XML syntax warning: at line 276, column 14
[packagemanager] XMLNodeIterator.cc(errorHandler):227 XML syntax warning: at line 276, column 14
[packagemanager] XMLNodeIterator.cc(errorHandler):227 XML syntax warning: at line 276, column 14
[packagemanager] XMLNodeIterator.cc(errorHandler):227 XML syntax warning: at line 276, column 14
[packagemanager] XMLNodeIterator.cc(errorHandler):227 XML syntax warning: at line 276, column 14
[packagemanager] XMLNodeIterator.cc(errorHandler):227 XML syntax warning: at line 276, column 14
[packagemanager] XMLNodeIterator.cc(errorHandler):227 XML syntax warning: at line 276, column 14
[packagemanager] XMLNodeIterator.cc(errorHandler):227 XML syntax warning: at line 276, column 14
[packagemanager] XMLNodeIterator.cc(errorHandler):227 XML syntax warning: at line 276, column 14
[packagemanager] XMLNodeIterator.cc(errorHandler):227 XML syntax warning: at line 276, column 14
[packagemanager] XMLNodeIterator.cc(errorHandler):227 XML syntax warning: at line 276, column 14
[packagemanager] XMLNodeIterator.cc(errorHandler):227 XML syntax warning: at line 276, column 14
[packagemanager] XMLNodeIterator.cc(errorHandler):227 XML syntax warning: at line 276, column 14
[packagemanager] XMLNodeIterator.cc(errorHandler):227 XML syntax warning: at line 276, column 14
[packagemanager] XMLNodeIterator.cc(errorHandler):227 XML syntax warning: at line 276, column 14
[packagemanager] XMLNodeIterator.cc(errorHandler):227 XML syntax warning: at line 276, column 14
[packagemanager] XMLNodeIterator.cc(errorHandler):227 XML syntax warning: at line 276, column 14
[packagemanager] XMLNodeIterator.cc(errorHandler):227 XML syntax warning: at line 276, column 14
[packagemanager] XMLNodeIterator.cc(errorHandler):227 XML syntax warning: at line 276, column 14
[packagemanager] XMLNodeIterator.cc(errorHandler):227 XML syntax warning: at line 276, column 14
[packagemanager] XMLNodeIterator.cc(errorHandler):227 XML syntax warning: at line 276, column 14
[packagemanager] XMLNodeIterator.cc(errorHandler):227 XML syntax warning: at line 276, column 14
[packagemanager] XMLNodeIterator.cc(errorHandler):227 XML syntax warning: at line 276, column 14
[packagemanager] XMLNodeIterator.cc(errorHandler):227 XML syntax warning: at line 276, column 14
[packagemanager] XMLNodeIterator.cc(errorHandler):227 XML syntax warning: at line 276, column 14
[packagemanager] XMLNodeIterator.cc(errorHandler):227 XML syntax warning: at line 276, column 14
[packagemanager] XMLNodeIterator.cc(errorHandler):227 XML syntax warning: at line 276, column 14
[packagemanager] XMLNodeIterator.cc(errorHandler):227 XML syntax warning: at line 276, column 14
[packagemanager] XMLNodeIterator.cc(errorHandler):227 XML syntax warning: at line 276, column 14
[packagemanager] XMLNodeIterator.cc(errorHandler):227 XML syntax warning: at line 276, column 14
[packagemanager] XMLNodeIterator.cc(errorHandler):227 XML syntax warning: at line 276, column 14
[packagemanager] XMLNodeIterator.cc(errorHandler):227 XML syntax warning: at line 276, column 14
[packagemanager] XMLNodeIterator.cc(errorHandler):227 XML syntax warning: at line 276, column 14
[packagemanager] XMLNodeIterator.cc(errorHandler):227 XML syntax warning: at line 276, column 14
[packagemanager] XMLNodeIterator.cc(errorHandler):227 XML syntax warning: at line 276, column 14
[packagemanager] XMLNodeIterator.cc(errorHandler):227 XML syntax warning: at line 276, column 14
[packagemanager] XMLNodeIterator.cc(errorHandler):227 XML syntax warning: at line 276, column 14
[packagemanager] XMLNodeIterator.cc(errorHandler):227 XML syntax warning: at line 276, column 14
[packagemanager] XMLNodeIterator.cc(errorHandler):227 XML syntax warning: at line 276, column 14
[packagemanager] XMLNodeIterator.cc(errorHandler):227 XML syntax warning: at line 276, column 14
[packagemanager] XMLNodeIterator.cc(errorHandler):227 XML syntax warning: at line 276, column 14
[packagemanager] XMLNodeIterator.cc(errorHandler):227 XML syntax warning: at line 276, column 14
[packagemanager] XMLNodeIterator.cc(errorHandler):227 XML syntax warning: at line 276, column 14
[packagemanager] XMLNodeIterator.cc(errorHandler):227 XML syntax warning: at line 276, column 14
[packagemanager] XMLNodeIterator.cc(errorHandler):227 XML syntax warning: at line 276, column 14
[packagemanager] XMLNodeIterator.cc(errorHandler):227 XML syntax warning: at line 276, column 14
[packagemanager] XMLNodeIterator.cc(errorHandler):227 XML syntax warning: at line 276, column 14
[packagemanager] XMLNodeIterator.cc(errorHandler):227 XML syntax warning: at line 276, column 14
[packagemanager] XMLNodeIterator.cc(errorHandler):227 XML syntax warning: at line 276, column 14
[packagemanager] XMLNodeIterator.cc(errorHandler):227 XML syntax warning: at line 276, column 14
[packagemanager] XMLNodeIterator.cc(errorHandler):227 XML syntax warning: at line 276, column 14
[packagemanager] XMLNodeIterator.cc(errorHandler):227 XML syntax warning: at line 276, column 14
[packagemanager] XMLNodeIterator.cc(errorHandler):227 XML syntax warning: at line 276, column 14
[packagemanager] XMLNodeIterator.cc(errorHandler):227 XML syntax warning: at line 276, column 14
[packagemanager] XMLNodeIterator.cc(errorHandler):227 XML syntax warning: at line 276, column 14
[packagemanager] XMLNodeIterator.cc(errorHandler):227 XML syntax warning: at line 276, column 14
[packagemanager] XMLNodeIterator.cc(errorHandler):227 XML syntax warning: at line 276, column 14
[packagemanager] XMLNodeIterator.cc(errorHandler):227 XML syntax warning: at line 276, column 14
[packagemanager] XMLNodeIterator.cc(errorHandler):227 XML syntax warning: at line 276, column 14
[packagemanager] XMLNodeIterator.cc(errorHandler):227 XML syntax warning: at line 276, column 14
[packagemanager] XMLNodeIterator.cc(errorHandler):227 XML syntax warning: at line 276, column 14
[packagemanager] XMLNodeIterator.cc(errorHandler):227 XML syntax warning: at line 276, column 14
[packagemanager] XMLNodeIterator.cc(errorHandler):227 XML syntax warning: at line 276, column 14
[packagemanager] XMLNodeIterator.cc(errorHandler):227 XML syntax warning: at line 276, column 14
[packagemanager] XMLNodeIterator.cc(errorHandler):227 XML syntax warning: at line 276, column 14
[packagemanager] XMLNodeIterator.cc(errorHandler):227 XML syntax warning: at line 276, column 14
[packagemanager] XMLNodeIterator.cc(errorHandler):227 XML syntax warning: at line 276, column 14
[packagemanager] XMLNodeIterator.cc(errorHandler):227 XML syntax warning: at line 276, column 14
[packagemanager] XMLNodeIterator.cc(errorHandler):227 XML syntax warning: at line 276, column 14
[packagemanager] XMLNodeIterator.cc(errorHandler):227 XML syntax warning: at line 276, column 14
[packagemanager] XMLNodeIterator.cc(errorHandler):227 XML syntax warning: at line 276, column 14
[packagemanager] XMLNodeIterator.cc(errorHandler):227 XML syntax warning: at line 276, column 14
[packagemanager] XMLNodeIterator.cc(errorHandler):227 XML syntax warning: at line 276, column 14
[packagemanager] XMLNodeIterator.cc(errorHandler):227 XML syntax warning: at line 276, column 14
[packagemanager] XMLNodeIterator.cc(errorHandler):227 XML syntax warning: at line 276, column 14
[packagemanager] XMLNodeIterator.cc(errorHandler):227 XML syntax warning: at line 276, column 14
[packagemanager] XMLNodeIterator.cc(errorHandler):227 XML syntax warning: at line 276, column 14
[packagemanager] XMLNodeIterator.cc(errorHandler):227 XML syntax warning: at line 276, column 14
[packagemanager] XMLNodeIterator.cc(errorHandler):227 XML syntax warning: at line 276, column 14
[packagemanager] XMLNodeIterator.cc(errorHandler):227 XML syntax warning: at line 276, column 14
[packagemanager] XMLNodeIterator.cc(errorHandler):227 XML syntax warning: at line 276, column 14
[packagemanager] XMLNodeIterator.cc(errorHandler):227 XML syntax warning: at line 276, column 14
[packagemanager] XMLNodeIterator.cc(errorHandler):227 XML syntax warning: at line 276, column 14
[packagemanager] XMLNodeIterator.cc(errorHandler):227 XML syntax warning: at line 276, column 14
[packagemanager] XMLNodeIterator.cc(errorHandler):227 XML syntax warning: at line 276, column 14
[packagemanager] XMLNodeIterator.cc(errorHandler):227 XML syntax warning: at line 276, column 14
[packagemanager] XMLNodeIterator.cc(errorHandler):227 XML syntax warning: at line 276, column 14
[packagemanager] XMLNodeIterator.cc(errorHandler):227 XML syntax warning: at line 276, column 14
[packagemanager] XMLNodeIterator.cc(errorHandler):227 XML syntax warning: at line 276, column 14
[packagemanager] XMLNodeIterator.cc(errorHandler):227 XML syntax warning: at line 276, column 14
[packagemanager] XMLNodeIterator.cc(errorHandler):227 XML syntax warning: at line 276, column 14
[packagemanager] XMLNodeIterator.cc(errorHandler):227 XML syntax warning: at line 276, column 14
[packagemanager] XMLNodeIterator.cc(errorHandler):227 XML syntax warning: at line 276, column 14
[packagemanager] XMLNodeIterator.cc(errorHandler):227 XML syntax warning: at line 276, column 14
[packagemanager] XMLNodeIterator.cc(errorHandler):227 XML syntax warning: at line 276, column 14
[packagemanager] XMLNodeIterator.cc(errorHandler):227 XML syntax warning: at line 276, column 14
[packagemanager] XMLNodeIterator.cc(errorHandler):227 XML syntax warning: at line 276, column 14
[packagemanager] XMLNodeIterator.cc(errorHandler):227 XML syntax warning: at line 276, column 14
[packagemanager] XMLNodeIterator.cc(errorHandler):227 XML syntax warning: at line 276, column 14
[packagemanager] XMLNodeIterator.cc(errorHandler):227 XML syntax warning: at line 276, column 14
[packagemanager] XMLNodeIterator.cc(errorHandler):227 XML syntax warning: at line 276, column 14
[packagemanager] XMLNodeIterator.cc(errorHandler):227 XML syntax warning: at line 276, column 14
[packagemanager] XMLNodeIterator.cc(errorHandler):227 XML syntax warning: at line 276, column 14
[packagemanager] XMLNodeIterator.cc(errorHandler):227 XML syntax warning: at line 276, column 14
[packagemanager] XMLNodeIterator.cc(errorHandler):227 XML syntax warning: at line 303, column 14
[packagemanager] XMLNodeIterator.cc(errorHandler):227 XML syntax warning: at line 303, column 14
[packagemanager] XMLNodeIterator.cc(errorHandler):227 XML syntax warning: at line 303, column 14
[packagemanager] XMLNodeIterator.cc(errorHandler):227 XML syntax warning: at line 303, column 14
[packagemanager] XMLNodeIterator.cc(errorHandler):227 XML syntax warning: at line 303, column 14
[packagemanager] XMLNodeIterator.cc(errorHandler):227 XML syntax warning: at line 303, column 14
[packagemanager] XMLNodeIterator.cc(errorHandler):227 XML syntax warning: at line 303, column 14
[packagemanager] XMLNodeIterator.cc(errorHandler):227 XML syntax warning: at line 303, column 14
[packagemanager] XMLNodeIterator.cc(errorHandler):227 XML syntax warning: at line 303, column 14
[packagemanager] XMLNodeIterator.cc(errorHandler):227 XML syntax warning: at line 303, column 14
[packagemanager] XMLNodeIterator.cc(errorHandler):227 XML syntax warning: at line 303, column 14
[packagemanager] XMLNodeIterator.cc(errorHandler):227 XML syntax warning: at line 303, column 14
[packagemanager] XMLNodeIterator.cc(errorHandler):227 XML syntax warning: at line 303, column 14
[packagemanager] XMLNodeIterator.cc(errorHandler):227 XML syntax warning: at line 303, column 14
[packagemanager] XMLNodeIterator.cc(errorHandler):227 XML syntax warning: at line 303, column 14
[packagemanager] XMLNodeIterator.cc(errorHandler):227 XML syntax warning: at line 303, column 14
[packagemanager] XMLNodeIterator.cc(errorHandler):227 XML syntax warning: at line 303, column 14
[packagemanager] XMLNodeIterator.cc(errorHandler):227 XML syntax warning: at line 303, column 14
[packagemanager] XMLNodeIterator.cc(errorHandler):227 XML syntax warning: at line 303, column 14
[packagemanager] XMLNodeIterator.cc(errorHandler):227 XML syntax warning: at line 303, column 14
[packagemanager] XMLNodeIterator.cc(errorHandler):227 XML syntax warning: at line 303, column 14
[packagemanager] XMLNodeIterator.cc(errorHandler):227 XML syntax warning: at line 303, column 14
[packagemanager] XMLNodeIterator.cc(errorHandler):227 XML syntax warning: at line 303, column 14
[packagemanager] XMLNodeIterator.cc(errorHandler):227 XML syntax warning: at line 303, column 14
[packagemanager] XMLNodeIterator.cc(errorHandler):227 XML syntax warning: at line 303, column 14
[packagemanager] XMLNodeIterator.cc(errorHandler):227 XML syntax warning: at line 303, column 14
[packagemanager] XMLNodeIterator.cc(errorHandler):227 XML syntax warning: at line 303, column 14
[packagemanager] XMLNodeIterator.cc(errorHandler):227 XML syntax warning: at line 327, column 22
[packagemanager] XMLNodeIterator.cc(errorHandler):227 XML syntax warning: at line 327, column 22
[packagemanager] XMLNodeIterator.cc(errorHandler):227 XML syntax warning: at line 327, column 22
[packagemanager] XMLNodeIterator.cc(errorHandler):227 XML syntax warning: at line 327, column 22
[packagemanager] XMLNodeIterator.cc(errorHandler):227 XML syntax warning: at line 327, column 22
[packagemanager] XMLNodeIterator.cc(errorHandler):227 XML syntax warning: at line 327, column 22
[packagemanager] XMLNodeIterator.cc(errorHandler):227 XML syntax warning: at line 327, column 22
[packagemanager] XMLNodeIterator.cc(errorHandler):227 XML syntax warning: at line 327, column 22
[packagemanager] XMLNodeIterator.cc(errorHandler):227 XML syntax warning: at line 327, column 22
[packagemanager] XMLNodeIterator.cc(errorHandler):227 XML syntax warning: at line 327, column 22
[packagemanager] XMLNodeIterator.cc(errorHandler):227 XML syntax warning: at line 327, column 22
[packagemanager] XMLNodeIterator.cc(errorHandler):227 XML syntax warning: at line 327, column 22
[packagemanager] XMLNodeIterator.cc(errorHandler):227 XML syntax warning: at line 327, column 22
[packagemanager] XMLNodeIterator.cc(errorHandler):227 XML syntax warning: at line 327, column 22
[packagemanager] XMLNodeIterator.cc(errorHandler):227 XML syntax warning: at line 327, column 22
[packagemanager] XMLNodeIterator.cc(errorHandler):227 XML syntax warning: at line 327, column 22
[packagemanager] XMLNodeIterator.cc(errorHandler):227 XML syntax warning: at line 327, column 22
[packagemanager] XMLNodeIterator.cc(errorHandler):227 XML syntax warning: at line 327, column 22
[packagemanager] XMLNodeIterator.cc(errorHandler):227 XML syntax warning: at line 327, column 22
[packagemanager] XMLNodeIterator.cc(errorHandler):227 XML syntax warning: at line 327, column 22
[packagemanager] XMLNodeIterator.cc(errorHandler):227 XML syntax warning: at line 327, column 22
[packagemanager] XMLNodeIterator.cc(errorHandler):227 XML syntax warning: at line 327, column 22
[packagemanager] XMLNodeIterator.cc(errorHandler):227 XML syntax warning: at line 327, column 22
[packagemanager] XMLNodeIterator.cc(errorHandler):227 XML syntax warning: at line 327, column 22
[packagemanager] XMLNodeIterator.cc(errorHandler):227 XML syntax warning: at line 327, column 22
[packagemanager] XMLNodeIterator.cc(errorHandler):227 XML syntax warning: at line 327, column 22
[packagemanager] XMLNodeIterator.cc(errorHandler):227 XML syntax warning: at line 327, column 22
[packagemanager] XMLNodeIterator.cc(errorHandler):227 XML syntax warning: at line 327, column 22
[packagemanager] XMLNodeIterator.cc(errorHandler):227 XML syntax warning: at line 327, column 22
[packagemanager] XMLNodeIterator.cc(errorHandler):227 XML syntax warning: at line 327, column 22
[packagemanager] XMLNodeIterator.cc(errorHandler):227 XML syntax warning: at line 351, column 22
[packagemanager] XMLNodeIterator.cc(errorHandler):227 XML syntax warning: at line 351, column 22
[packagemanager] XMLNodeIterator.cc(errorHandler):227 XML syntax warning: at line 351, column 22
[packagemanager] XMLNodeIterator.cc(errorHandler):227 XML syntax warning: at line 351, column 22
[packagemanager] XMLNodeIterator.cc(errorHandler):227 XML syntax warning: at line 351, column 22
[packagemanager] XMLNodeIterator.cc(errorHandler):227 XML syntax warning: at line 351, column 22
[packagemanager] XMLNodeIterator.cc(errorHandler):227 XML syntax warning: at line 351, column 22
[packagemanager] XMLNodeIterator.cc(errorHandler):227 XML syntax warning: at line 351, column 22
[packagemanager] XMLNodeIterator.cc(errorHandler):227 XML syntax warning: at line 351, column 22
[packagemanager] XMLNodeIterator.cc(errorHandler):227 XML syntax warning: at line 351, column 22
[packagemanager] XMLNodeIterator.cc(errorHandler):227 XML syntax warning: at line 351, column 22
[packagemanager] XMLNodeIterator.cc(errorHandler):227 XML syntax warning: at line 351, column 22
[packagemanager] XMLNodeIterator.cc(errorHandler):227 XML syntax warning: at line 351, column 22
[packagemanager] XMLNodeIterator.cc(errorHandler):227 XML syntax warning: at line 351, column 22
[packagemanager] XMLNodeIterator.cc(errorHandler):227 XML syntax warning: at line 351, column 22
[packagemanager] XMLNodeIterator.cc(errorHandler):227 XML syntax warning: at line 351, column 22
[packagemanager] XMLNodeIterator.cc(errorHandler):227 XML syntax warning: at line 351, column 22
[packagemanager] XMLNodeIterator.cc(errorHandler):227 XML syntax warning: at line 351, column 22
[packagemanager] XMLNodeIterator.cc(errorHandler):227 XML syntax warning: at line 351, column 22
[packagemanager] XMLNodeIterator.cc(errorHandler):227 XML syntax warning: at line 351, column 22
[packagemanager] XMLNodeIterator.cc(errorHandler):227 XML syntax warning: at line 351, column 22
[packagemanager] XMLNodeIterator.cc(errorHandler):227 XML syntax warning: at line 351, column 22
[packagemanager] XMLNodeIterator.cc(errorHandler):227 XML syntax warning: at line 351, column 22
[packagemanager] XMLNodeIterator.cc(errorHandler):227 XML syntax warning: at line 351, column 22
[packagemanager] XMLNodeIterator.cc(errorHandler):227 XML syntax warning: at line 351, column 22
[packagemanager] XMLNodeIterator.cc(errorHandler):227 XML syntax warning: at line 351, column 22
[packagemanager] XMLNodeIterator.cc(errorHandler):227 XML syntax warning: at line 351, column 22
[packagemanager] XMLNodeIterator.cc(errorHandler):227 XML syntax warning: at line 376, column 1
[packagemanager] XMLNodeIterator.cc(errorHandler):227 XML syntax warning: at line 376, column 1
[packagemanager] XMLNodeIterator.cc(errorHandler):227 XML syntax warning: at line 376, column 1
[packagemanager] XMLNodeIterator.cc(errorHandler):227 XML syntax warning: at line 376, column 1
[packagemanager] XMLNodeIterator.cc(errorHandler):227 XML syntax warning: at line 376, column 1
[packagemanager] XMLNodeIterator.cc(errorHandler):227 XML syntax warning: at line 376, column 1
[packagemanager] XMLNodeIterator.cc(errorHandler):227 XML syntax warning: at line 376, column 1
[packagemanager] XMLNodeIterator.cc(errorHandler):227 XML syntax warning: at line 376, column 1
[packagemanager] XMLNodeIterator.cc(errorHandler):227 XML syntax warning: at line 376, column 1
[packagemanager] XMLNodeIterator.cc(errorHandler):227 XML syntax warning: at line 376, column 1
[packagemanager] XMLNodeIterator.cc(errorHandler):227 XML syntax warning: at line 376, column 1
[packagemanager] XMLNodeIterator.cc(errorHandler):227 XML syntax warning: at line 376, column 1
[packagemanager] XMLNodeIterator.cc(errorHandler):227 XML syntax warning: at line 376, column 1
[packagemanager] XMLNodeIterator.cc(errorHandler):227 XML syntax warning: at line 376, column 1
[packagemanager] XMLNodeIterator.cc(errorHandler):227 XML syntax warning: at line 376, column 1
[packagemanager] XMLNodeIterator.cc(errorHandler):227 XML syntax warning: at line 376, column 1
[packagemanager] XMLNodeIterator.cc(errorHandler):227 XML syntax warning: at line 376, column 1
[packagemanager] XMLNodeIterator.cc(errorHandler):227 XML syntax warning: at line 376, column 1
[packagemanager] XMLNodeIterator.cc(errorHandler):227 XML syntax warning: at line 376, column 1
[packagemanager] XMLNodeIterator.cc(errorHandler):227 XML syntax warning: at line 376, column 1
[packagemanager] XMLNodeIterator.cc(errorHandler):227 XML syntax warning: at line 376, column 1
[packagemanager] XMLNodeIterator.cc(errorHandler):227 XML syntax warning: at line 376, column 1
[packagemanager] XMLNodeIterator.cc(errorHandler):227 XML syntax warning: at line 376, column 1
[packagemanager] XMLNodeIterator.cc(errorHandler):227 XML syntax warning: at line 376, column 1
[packagemanager] XMLNodeIterator.cc(errorHandler):227 XML syntax warning: at line 376, column 1
[packagemanager] XMLNodeIterator.cc(errorHandler):227 XML syntax warning: at line 376, column 1
