[packagemanager] XMLNodeIterator.cc(errorHandler):227 XML syntax warning: at line 11, column 1
[packagemanager] XMLNodeIterator.cc(errorHandler):227 XML syntax warning: at line 11, column 1
[packagemanager] XMLNodeIterator.cc(errorHandler):227 XML syntax warning: at line 22, column 1
[packagemanager] XMLNodeIterator.cc(errorHandler):227 XML syntax warning: at line 22, column 1
[packagemanager] XMLNodeIterator.cc(errorHandler):227 XML syntax warning: at line 22, column 1
[packagemanager] XMLNodeIterator.cc(errorHandler):227 XML syntax warning: at line 22, column 1
[packagemanager] XMLNodeIterator.cc(errorHandler):227 XML syntax warning: at line 22, column 1
[packagemanager] XMLNodeIterator.cc(errorHandler):227 XML syntax warning: at line 22, column 1
[packagemanager] XMLNodeIterator.cc(errorHandler):227 XML syntax warning: at line 22, column 1
[packagemanager] XMLNodeIterator.cc(errorHandler):227 XML syntax warning: at line 30, column 1
[packagemanager] XMLNodeIterator.cc(errorHandler):227 XML syntax warning: at line 30, column 1
[packagemanager] XMLNodeIterator.cc(errorHandler):227 XML syntax warning: at line 30, column 1
[packagemanager] XMLNodeIterator.cc(errorHandler):227 XML syntax warning: at line 30, column 1
